::1 - - [12/Apr/2019:07:41:27 +0000] "POST /schedule HTTP/1.1" 201 418 "-" "PostmanRuntime/7.6.0"
::1 - - [12/Apr/2019:07:47:16 +0000] "POST /schedule HTTP/1.1" 404 148 "-" "PostmanRuntime/7.6.0"
::1 - - [12/Apr/2019:07:47:49 +0000] "POST /school/schedule HTTP/1.1" 201 418 "-" "PostmanRuntime/7.6.0"
::1 - - [12/Apr/2019:07:52:22 +0000] "POST /school/schedule HTTP/1.1" 201 418 "-" "PostmanRuntime/7.6.0"
::1 - - [12/Apr/2019:07:53:18 +0000] "POST /school/schedule HTTP/1.1" 201 418 "-" "PostmanRuntime/7.6.0"
::1 - - [12/Apr/2019:07:53:24 +0000] "POST /school/schedule HTTP/1.1" 201 418 "-" "PostmanRuntime/7.6.0"
::1 - - [12/Apr/2019:07:54:32 +0000] "POST /school/schedule HTTP/1.1" 201 418 "-" "PostmanRuntime/7.6.0"
::1 - - [12/Apr/2019:07:54:54 +0000] "POST /school/schedule HTTP/1.1" 201 418 "-" "PostmanRuntime/7.6.0"
::1 - - [12/Apr/2019:07:56:08 +0000] "POST /school/schedule HTTP/1.1" 201 418 "-" "PostmanRuntime/7.6.0"
::1 - - [12/Apr/2019:07:57:01 +0000] "POST /school/schedule HTTP/1.1" 201 418 "-" "PostmanRuntime/7.6.0"
::1 - - [12/Apr/2019:08:09:45 +0000] "POST /school/schedule HTTP/1.1" - - "-" "PostmanRuntime/7.6.0"
::1 - - [12/Apr/2019:08:10:01 +0000] "POST /school/schedule HTTP/1.1" 201 582 "-" "PostmanRuntime/7.6.0"
::1 - - [12/Apr/2019:08:10:22 +0000] "POST /school/schedule HTTP/1.1" 201 582 "-" "PostmanRuntime/7.6.0"
::1 - - [12/Apr/2019:08:10:26 +0000] "POST /school/schedule HTTP/1.1" 201 582 "-" "PostmanRuntime/7.6.0"
::1 - - [12/Apr/2019:08:10:28 +0000] "POST /school/schedule HTTP/1.1" 201 582 "-" "PostmanRuntime/7.6.0"
::1 - - [12/Apr/2019:08:10:30 +0000] "POST /school/schedule HTTP/1.1" 201 582 "-" "PostmanRuntime/7.6.0"
::1 - - [12/Apr/2019:08:10:34 +0000] "POST /school/schedule HTTP/1.1" 201 582 "-" "PostmanRuntime/7.6.0"
=======
>>>>>>> 8a51e620483c88a7e2b7657fb12f21792507c2a2
::1 - - [12/Apr/2019:07:53:07 +0000] "GET /school/teacher HTTP/1.1" 200 26 "-" "Mozilla/5.0 (X11; Linux x86_64) AppleWebKit/537.36 (KHTML, like Gecko) Chrome/72.0.3626.96 Safari/537.36"
::1 - - [12/Apr/2019:07:54:34 +0000] "POST /school/teacher HTTP/1.1" 200 545 "-" "Mozilla/5.0 (X11; Linux x86_64) AppleWebKit/537.36 (KHTML, like Gecko) Chrome/72.0.3626.96 Safari/537.36"
::1 - - [12/Apr/2019:07:55:04 +0000] "GET /school/teacher HTTP/1.1" 200 498 "-" "Mozilla/5.0 (X11; Linux x86_64) AppleWebKit/537.36 (KHTML, like Gecko) Chrome/72.0.3626.96 Safari/537.36"
::1 - - [12/Apr/2019:07:56:54 +0000] "POST /school/teacher HTTP/1.1" 400 134 "-" "Mozilla/5.0 (X11; Linux x86_64) AppleWebKit/537.36 (KHTML, like Gecko) Chrome/72.0.3626.96 Safari/537.36"
::1 - - [12/Apr/2019:07:57:16 +0000] "POST /school/teacher HTTP/1.1" 400 134 "-" "Mozilla/5.0 (X11; Linux x86_64) AppleWebKit/537.36 (KHTML, like Gecko) Chrome/72.0.3626.96 Safari/537.36"
::1 - - [12/Apr/2019:07:57:46 +0000] "POST /school/teacher HTTP/1.1" 400 134 "-" "Mozilla/5.0 (X11; Linux x86_64) AppleWebKit/537.36 (KHTML, like Gecko) Chrome/72.0.3626.96 Safari/537.36"
::1 - - [12/Apr/2019:07:59:15 +0000] "GET /school/teacher HTTP/1.1" 200 498 "-" "Mozilla/5.0 (X11; Linux x86_64) AppleWebKit/537.36 (KHTML, like Gecko) Chrome/72.0.3626.96 Safari/537.36"
::1 - - [12/Apr/2019:08:00:09 +0000] "POST /school/teacher HTTP/1.1" 400 134 "-" "Mozilla/5.0 (X11; Linux x86_64) AppleWebKit/537.36 (KHTML, like Gecko) Chrome/72.0.3626.96 Safari/537.36"
::1 - - [12/Apr/2019:08:03:39 +0000] "POST /school/teacher HTTP/1.1" 400 76 "-" "Mozilla/5.0 (X11; Linux x86_64) AppleWebKit/537.36 (KHTML, like Gecko) Chrome/72.0.3626.96 Safari/537.36"
::1 - - [12/Apr/2019:08:04:08 +0000] "POST /school/teacher HTTP/1.1" 400 134 "-" "Mozilla/5.0 (X11; Linux x86_64) AppleWebKit/537.36 (KHTML, like Gecko) Chrome/72.0.3626.96 Safari/537.36"
::1 - - [12/Apr/2019:08:04:32 +0000] "GET /school/teacher HTTP/1.1" 200 498 "-" "Mozilla/5.0 (X11; Linux x86_64) AppleWebKit/537.36 (KHTML, like Gecko) Chrome/72.0.3626.96 Safari/537.36"
::1 - - [12/Apr/2019:08:05:21 +0000] "POST /school/teacher HTTP/1.1" 400 134 "-" "Mozilla/5.0 (X11; Linux x86_64) AppleWebKit/537.36 (KHTML, like Gecko) Chrome/72.0.3626.96 Safari/537.36"
::1 - - [12/Apr/2019:08:08:01 +0000] "POST /school/teacher HTTP/1.1" 400 134 "-" "Mozilla/5.0 (X11; Linux x86_64) AppleWebKit/537.36 (KHTML, like Gecko) Chrome/72.0.3626.96 Safari/537.36"
::1 - - [12/Apr/2019:08:08:38 +0000] "POST /school/teacher HTTP/1.1" 400 134 "-" "Mozilla/5.0 (X11; Linux x86_64) AppleWebKit/537.36 (KHTML, like Gecko) Chrome/72.0.3626.96 Safari/537.36"
<<<<<<< HEAD
>>>>>>> df239701e13a39dabbf66f408d7a78ee152ba1c7
::1 - - [13/Apr/2019:07:04:13 +0000] "GET /school/student HTTP/1.1" 200 1645 "-" "PostmanRuntime/7.6.0"
::1 - - [13/Apr/2019:07:04:53 +0000] "GET /school/classroom HTTP/1.1" 200 278 "-" "PostmanRuntime/7.6.0"
::1 - - [13/Apr/2019:07:05:14 +0000] "GET /school/subject HTTP/1.1" 200 168 "-" "PostmanRuntime/7.6.0"
::1 - - [13/Apr/2019:07:05:41 +0000] "POST /school/subject HTTP/1.1" 200 212 "-" "PostmanRuntime/7.6.0"
::1 - - [13/Apr/2019:07:05:53 +0000] "POST /school/subject HTTP/1.1" 200 212 "-" "PostmanRuntime/7.6.0"
::1 - - [13/Apr/2019:07:05:59 +0000] "POST /school/subject HTTP/1.1" 200 211 "-" "PostmanRuntime/7.6.0"
::1 - - [13/Apr/2019:07:06:11 +0000] "POST /school/subject HTTP/1.1" 200 211 "-" "PostmanRuntime/7.6.0"
::1 - - [13/Apr/2019:07:06:16 +0000] "GET /school/subject HTTP/1.1" 200 726 "-" "PostmanRuntime/7.6.0"
::1 - - [13/Apr/2019:07:06:31 +0000] "GET /school/teacher HTTP/1.1" 200 1946 "-" "PostmanRuntime/7.6.0"
::1 - - [13/Apr/2019:07:06:48 +0000] "GET /school/teacher/5cb04fb2009ac73a69c05555 HTTP/1.1" 400 508 "-" "PostmanRuntime/7.6.0"
::1 - - [13/Apr/2019:07:07:40 +0000] "GET /admin/school HTTP/1.1" 404 151 "-" "PostmanRuntime/7.6.0"
::1 - - [13/Apr/2019:07:09:09 +0000] "GET /admin/school HTTP/1.1" 404 151 "-" "PostmanRuntime/7.6.0"
::1 - - [13/Apr/2019:07:09:51 +0000] "GET /admin/school HTTP/1.1" 404 151 "-" "PostmanRuntime/7.6.0"
::1 - - [13/Apr/2019:07:10:09 +0000] "GET /admin/schools HTTP/1.1" 404 152 "-" "PostmanRuntime/7.6.0"
::1 - - [13/Apr/2019:07:10:25 +0000] "GET /admin/school HTTP/1.1" 404 151 "-" "PostmanRuntime/7.6.0"
::1 - - [13/Apr/2019:07:13:58 +0000] "POST /admin/school HTTP/1.1" 404 152 "-" "PostmanRuntime/7.6.0"
::1 - - [13/Apr/2019:07:15:07 +0000] "POST /admin/school HTTP/1.1" 400 127 "-" "PostmanRuntime/7.6.0"
::1 - - [13/Apr/2019:07:17:10 +0000] "POST /admin/school HTTP/1.1" 400 127 "-" "PostmanRuntime/7.6.0"
::1 - - [13/Apr/2019:07:18:20 +0000] "POST /admin/school HTTP/1.1" 200 353 "-" "PostmanRuntime/7.6.0"
::1 - - [13/Apr/2019:07:18:31 +0000] "POST /admin/school HTTP/1.1" 200 353 "-" "PostmanRuntime/7.6.0"
::1 - - [13/Apr/2019:07:19:07 +0000] "GET /admin/school HTTP/1.1" 200 589 "-" "PostmanRuntime/7.6.0"
::1 - - [13/Apr/2019:07:25:46 +0000] "GET /admin/school HTTP/1.1" 200 589 "-" "PostmanRuntime/7.6.0"
::1 - - [13/Apr/2019:08:44:58 +0000] "POST /login HTTP/1.1" 400 76 "-" "PostmanRuntime/7.6.0"
::1 - - [13/Apr/2019:08:46:21 +0000] "POST /login HTTP/1.1" 401 63 "-" "PostmanRuntime/7.6.0"
::1 - - [13/Apr/2019:08:52:19 +0000] "POST /school/teacher HTTP/1.1" 400 207 "-" "PostmanRuntime/7.6.0"
::1 - - [13/Apr/2019:08:52:33 +0000] "POST /school/teacher HTTP/1.1" 400 207 "-" "PostmanRuntime/7.6.0"
::1 - - [13/Apr/2019:08:53:18 +0000] "POST /school/teacher HTTP/1.1" 400 133 "-" "PostmanRuntime/7.6.0"
::1 - - [13/Apr/2019:08:54:18 +0000] "POST /school/teacher HTTP/1.1" 400 133 "-" "PostmanRuntime/7.6.0"
::1 - - [13/Apr/2019:08:59:00 +0000] "POST /school/teacher HTTP/1.1" 400 62 "-" "PostmanRuntime/7.6.0"
::1 - - [13/Apr/2019:08:59:28 +0000] "POST /school/teacher HTTP/1.1" 400 62 "-" "PostmanRuntime/7.6.0"
::1 - - [13/Apr/2019:09:00:08 +0000] "POST /school/teacher HTTP/1.1" 400 62 "-" "PostmanRuntime/7.6.0"
::1 - - [13/Apr/2019:09:00:35 +0000] "POST /school/teacher HTTP/1.1" 400 62 "-" "PostmanRuntime/7.6.0"
::1 - - [13/Apr/2019:09:02:13 +0000] "POST /school/teacher HTTP/1.1" 400 62 "-" "PostmanRuntime/7.6.0"
::1 - - [13/Apr/2019:09:02:57 +0000] "POST /school/teacher HTTP/1.1" 400 62 "-" "PostmanRuntime/7.6.0"
::1 - - [13/Apr/2019:09:03:12 +0000] "POST /school/teacher HTTP/1.1" 201 457 "-" "PostmanRuntime/7.6.0"
::1 - - [13/Apr/2019:09:04:30 +0000] "POST /school/teacher HTTP/1.1" 201 458 "-" "PostmanRuntime/7.6.0"
::1 - - [13/Apr/2019:09:06:22 +0000] "POST /school/teacher HTTP/1.1" 400 95 "-" "PostmanRuntime/7.6.0"
::1 - - [13/Apr/2019:09:09:14 +0000] "POST /school/teacher HTTP/1.1" 201 512 "-" "PostmanRuntime/7.6.0"
::1 - - [13/Apr/2019:09:26:27 +0000] "GET /school/teacher HTTP/1.1" 200 4110 "-" "PostmanRuntime/7.6.0"
::1 - - [13/Apr/2019:09:42:55 +0000] "POST /school/teacher HTTP/1.1" 201 512 "-" "PostmanRuntime/7.6.0"
::1 - - [13/Apr/2019:09:43:51 +0000] "POST /login HTTP/1.1" 200 340 "-" "PostmanRuntime/7.6.0"
::1 - - [13/Apr/2019:09:44:19 +0000] "POST /login HTTP/1.1" 200 340 "-" "PostmanRuntime/7.6.0"
<<<<<<< HEAD
::1 - - [13/Apr/2019:10:08:07 +0000] "POST /login HTTP/1.1" 400 62 "-" "PostmanRuntime/7.6.0"
::ffff:192.168.4.89 - - [13/Apr/2019:10:14:17 +0000] "OPTIONS /login HTTP/1.1" 204 0 "http://localhost:3000/login" "Mozilla/5.0 (X11; Linux x86_64) AppleWebKit/537.36 (KHTML, like Gecko) Chrome/73.0.3683.103 Safari/537.36"
::ffff:192.168.4.89 - - [13/Apr/2019:10:14:17 +0000] "POST /login HTTP/1.1" 200 319 "http://localhost:3000/login" "Mozilla/5.0 (X11; Linux x86_64) AppleWebKit/537.36 (KHTML, like Gecko) Chrome/73.0.3683.103 Safari/537.36"
::ffff:192.168.4.89 - - [13/Apr/2019:10:27:23 +0000] "GET /school/schedule HTTP/1.1" 404 154 "-" "Mozilla/5.0 (X11; Linux x86_64) AppleWebKit/537.36 (KHTML, like Gecko) Chrome/73.0.3683.103 Safari/537.36"
::ffff:192.168.4.89 - - [13/Apr/2019:10:27:23 +0000] "GET /favicon.ico HTTP/1.1" 404 150 "http://192.168.4.143:8080/school/schedule" "Mozilla/5.0 (X11; Linux x86_64) AppleWebKit/537.36 (KHTML, like Gecko) Chrome/73.0.3683.103 Safari/537.36"
::ffff:192.168.4.89 - - [13/Apr/2019:10:29:33 +0000] "GET /school/schedule HTTP/1.1" 404 154 "-" "Mozilla/5.0 (X11; Linux x86_64) AppleWebKit/537.36 (KHTML, like Gecko) Chrome/73.0.3683.103 Safari/537.36"
::1 - - [13/Apr/2019:10:33:43 +0000] "GET /school/schedule HTTP/1.1" 200 52 "-" "Mozilla/5.0 (X11; Linux x86_64) AppleWebKit/537.36 (KHTML, like Gecko) Chrome/73.0.3683.103 Safari/537.36"
::1 - - [13/Apr/2019:10:33:44 +0000] "GET /favicon.ico HTTP/1.1" 404 150 "http://localhost:8080/school/schedule" "Mozilla/5.0 (X11; Linux x86_64) AppleWebKit/537.36 (KHTML, like Gecko) Chrome/73.0.3683.103 Safari/537.36"
::ffff:192.168.4.89 - - [13/Apr/2019:10:34:32 +0000] "GET /school/schedule HTTP/1.1" 200 52 "-" "PostmanRuntime/7.6.0"
::1 - - [13/Apr/2019:10:36:06 +0000] "GET /school/schedule HTTP/1.1" 200 60 "-" "Mozilla/5.0 (X11; Linux x86_64) AppleWebKit/537.36 (KHTML, like Gecko) Chrome/73.0.3683.103 Safari/537.36"
::1 - - [13/Apr/2019:10:36:09 +0000] "GET /school/schedule HTTP/1.1" 304 - "-" "Mozilla/5.0 (X11; Linux x86_64) AppleWebKit/537.36 (KHTML, like Gecko) Chrome/73.0.3683.103 Safari/537.36"
::1 - - [13/Apr/2019:10:36:12 +0000] "GET /school/schedule HTTP/1.1" 304 - "-" "Mozilla/5.0 (X11; Linux x86_64) AppleWebKit/537.36 (KHTML, like Gecko) Chrome/73.0.3683.103 Safari/537.36"
::1 - - [13/Apr/2019:10:36:31 +0000] "GET /school/schedule HTTP/1.1" 304 - "-" "Mozilla/5.0 (X11; Linux x86_64) AppleWebKit/537.36 (KHTML, like Gecko) Chrome/73.0.3683.103 Safari/537.36"
::1 - - [13/Apr/2019:10:37:24 +0000] "GET /school/schedule HTTP/1.1" 304 - "-" "Mozilla/5.0 (X11; Linux x86_64) AppleWebKit/537.36 (KHTML, like Gecko) Chrome/73.0.3683.103 Safari/537.36"
::1 - - [13/Apr/2019:10:37:44 +0000] "GET /school/schedule HTTP/1.1" 200 60 "-" "PostmanRuntime/7.6.0"
::1 - - [13/Apr/2019:10:39:31 +0000] "GET /school/schedule HTTP/1.1" 200 60 "-" "PostmanRuntime/7.6.0"
::1 - - [13/Apr/2019:10:39:48 +0000] "GET /school/schedule HTTP/1.1" 200 60 "-" "PostmanRuntime/7.6.0"
::1 - - [13/Apr/2019:10:39:49 +0000] "GET /school/schedule HTTP/1.1" 200 60 "-" "PostmanRuntime/7.6.0"
::1 - - [13/Apr/2019:10:39:50 +0000] "GET /school/schedule HTTP/1.1" 200 60 "-" "PostmanRuntime/7.6.0"
::1 - - [13/Apr/2019:10:39:51 +0000] "GET /school/schedule HTTP/1.1" 200 60 "-" "PostmanRuntime/7.6.0"
::1 - - [13/Apr/2019:10:39:52 +0000] "GET /school/schedule HTTP/1.1" 200 60 "-" "PostmanRuntime/7.6.0"
::1 - - [13/Apr/2019:10:39:53 +0000] "GET /school/schedule HTTP/1.1" 200 60 "-" "PostmanRuntime/7.6.0"
::1 - - [13/Apr/2019:10:43:05 +0000] "GET /school/schedule HTTP/1.1" 304 - "-" "Mozilla/5.0 (X11; Linux x86_64) AppleWebKit/537.36 (KHTML, like Gecko) Chrome/73.0.3683.103 Safari/537.36"
::1 - - [13/Apr/2019:10:43:07 +0000] "GET /school/schedule HTTP/1.1" 304 - "-" "Mozilla/5.0 (X11; Linux x86_64) AppleWebKit/537.36 (KHTML, like Gecko) Chrome/73.0.3683.103 Safari/537.36"
::1 - - [13/Apr/2019:10:43:33 +0000] "GET /school/schedule HTTP/1.1" 404 42 "-" "Mozilla/5.0 (X11; Linux x86_64) AppleWebKit/537.36 (KHTML, like Gecko) Chrome/73.0.3683.103 Safari/537.36"
::1 - - [13/Apr/2019:10:44:03 +0000] "GET /school/schedule HTTP/1.1" 404 42 "-" "Mozilla/5.0 (X11; Linux x86_64) AppleWebKit/537.36 (KHTML, like Gecko) Chrome/73.0.3683.103 Safari/537.36"
::1 - - [14/Apr/2019:08:05:51 +0000] "GET /school/schedule HTTP/1.1" 404 42 "-" "PostmanRuntime/7.6.0"
::ffff:192.168.100.57 - - [14/Apr/2019:08:06:37 +0000] "OPTIONS /login HTTP/1.1" 204 0 "http://localhost:3000/login" "Mozilla/5.0 (X11; Linux x86_64) AppleWebKit/537.36 (KHTML, like Gecko) Chrome/73.0.3683.103 Safari/537.36"
::ffff:192.168.100.57 - - [14/Apr/2019:08:06:38 +0000] "POST /login HTTP/1.1" 200 319 "http://localhost:3000/login" "Mozilla/5.0 (X11; Linux x86_64) AppleWebKit/537.36 (KHTML, like Gecko) Chrome/73.0.3683.103 Safari/537.36"
::1 - - [14/Apr/2019:08:11:32 +0000] "GET /school/classroom HTTP/1.1" 200 305 "-" "PostmanRuntime/7.6.0"
::1 - - [14/Apr/2019:08:11:54 +0000] "GET /school/teacher HTTP/1.1" 200 4550 "-" "PostmanRuntime/7.6.0"
::1 - - [14/Apr/2019:08:16:28 +0000] "POST /school/schedule HTTP/1.1" 201 45 "-" "PostmanRuntime/7.6.0"
::1 - - [14/Apr/2019:08:19:27 +0000] "GET /school/schedules HTTP/1.1" 404 155 "-" "PostmanRuntime/7.6.0"
::1 - - [14/Apr/2019:08:20:10 +0000] "GET /school/schedules HTTP/1.1" 404 155 "-" "PostmanRuntime/7.6.0"
::1 - - [14/Apr/2019:08:20:31 +0000] "GET /school/schedule HTTP/1.1" 404 42 "-" "PostmanRuntime/7.6.0"
::1 - - [14/Apr/2019:08:25:00 +0000] "POST /school/schedule HTTP/1.1" 201 742 "-" "PostmanRuntime/7.6.0"
::1 - - [14/Apr/2019:08:25:16 +0000] "GET /school/schedule HTTP/1.1" 200 747 "-" "PostmanRuntime/7.6.0"
::1 - - [14/Apr/2019:08:26:48 +0000] "GET /school/schedule HTTP/1.1" 200 571 "-" "PostmanRuntime/7.6.0"
::1 - - [14/Apr/2019:08:28:46 +0000] "GET /school/schedule HTTP/1.1" 200 659 "-" "PostmanRuntime/7.6.0"
::1 - - [14/Apr/2019:08:29:05 +0000] "GET /school/schedule HTTP/1.1" 200 659 "-" "PostmanRuntime/7.6.0"
::1 - - [14/Apr/2019:08:29:55 +0000] "GET /school/schedule HTTP/1.1" 200 1109 "-" "PostmanRuntime/7.6.0"
::1 - - [14/Apr/2019:08:38:19 +0000] "GET /school/schedule HTTP/1.1" 200 757 "-" "PostmanRuntime/7.6.0"
::1 - - [14/Apr/2019:08:47:50 +0000] "GET /school/schedule HTTP/1.1" 200 50 "-" "PostmanRuntime/7.6.0"
::1 - - [14/Apr/2019:08:49:42 +0000] "GET /school/schedule HTTP/1.1" 200 581 "-" "PostmanRuntime/7.6.0"
::1 - - [14/Apr/2019:08:52:19 +0000] "GET /school/schedule/teacher/5cb1a423a69a093923dad376 HTTP/1.1" 200 60 "-" "PostmanRuntime/7.6.0"
::1 - - [14/Apr/2019:08:52:51 +0000] "GET /school/schedule/teacher/5cb1a423a69a093923dad376 HTTP/1.1" 200 231 "-" "PostmanRuntime/7.6.0"
::1 - - [14/Apr/2019:08:54:14 +0000] "GET /school/schedule/teacher/5cb1a423a69a093923dad376 HTTP/1.1" 200 224 "-" "PostmanRuntime/7.6.0"
::1 - - [14/Apr/2019:08:56:06 +0000] "GET /school/schedule/teacher/5cb1a423a69a093923dad376 HTTP/1.1" 400 74 "-" "PostmanRuntime/7.6.0"
::1 - - [14/Apr/2019:08:56:59 +0000] "GET /school/schedule/teacher/5cb1a423a69a093923dad376 HTTP/1.1" - - "-" "PostmanRuntime/7.6.0"
::1 - - [14/Apr/2019:08:57:13 +0000] "GET /school/schedule/teacher/5cb1a423a69a093923dad376 HTTP/1.1" 400 74 "-" "PostmanRuntime/7.6.0"
::1 - - [14/Apr/2019:08:57:37 +0000] "GET /school/schedule/teacher/5cb1a423a69a093923dad376 HTTP/1.1" 200 70 "-" "PostmanRuntime/7.6.0"
::1 - - [14/Apr/2019:09:00:19 +0000] "GET /school/schedule/teacher/5cb1a423a69a093923dad376 HTTP/1.1" 200 170 "-" "PostmanRuntime/7.6.0"
::1 - - [14/Apr/2019:09:03:08 +0000] "GET /school/schedule/classroom/5cb193181bce352bed611918 HTTP/1.1" 200 489 "-" "PostmanRuntime/7.6.0"
::1 - - [14/Apr/2019:09:04:23 +0000] "GET /school/schedule/classroom/5cb193181bce352bed611918 HTTP/1.1" 200 489 "-" "PostmanRuntime/7.6.0"
::ffff:192.168.100.57 - - [14/Apr/2019:09:06:31 +0000] "GET /school/schedule HTTP/1.1" 200 575 "-" "PostmanRuntime/7.6.0"
::1 - - [14/Apr/2019:09:08:16 +0000] "GET /school/schedule HTTP/1.1" 200 575 "-" "PostmanRuntime/7.6.0"
::ffff:192.168.100.57 - - [14/Apr/2019:09:10:31 +0000] "GET /school/schedule HTTP/1.1" 200 575 "http://localhost:3000/scheduleData" "Mozilla/5.0 (X11; Linux x86_64) AppleWebKit/537.36 (KHTML, like Gecko) Chrome/73.0.3683.103 Safari/537.36"
::1 - - [14/Apr/2019:09:11:41 +0000] "GET /school/schedule/teacher/5cb1a423a69a093923dad376 HTTP/1.1" 200 164 "-" "PostmanRuntime/7.6.0"
::ffff:192.168.100.57 - - [14/Apr/2019:09:14:04 +0000] "GET /school/schedule HTTP/1.1" 304 - "http://localhost:3000/scheduleData" "Mozilla/5.0 (X11; Linux x86_64) AppleWebKit/537.36 (KHTML, like Gecko) Chrome/73.0.3683.103 Safari/537.36"
::ffff:192.168.100.57 - - [14/Apr/2019:09:17:04 +0000] "GET /school/schedule HTTP/1.1" 304 - "http://localhost:3000/scheduleData" "Mozilla/5.0 (X11; Linux x86_64) AppleWebKit/537.36 (KHTML, like Gecko) Chrome/73.0.3683.103 Safari/537.36"
::ffff:192.168.100.57 - - [14/Apr/2019:09:18:07 +0000] "GET /school/schedule HTTP/1.1" 304 - "http://localhost:3000/scheduleData" "Mozilla/5.0 (X11; Linux x86_64) AppleWebKit/537.36 (KHTML, like Gecko) Chrome/73.0.3683.103 Safari/537.36"
::ffff:192.168.100.57 - - [14/Apr/2019:09:18:39 +0000] "GET /school/schedule HTTP/1.1" 304 - "http://localhost:3000/scheduleData" "Mozilla/5.0 (X11; Linux x86_64) AppleWebKit/537.36 (KHTML, like Gecko) Chrome/73.0.3683.103 Safari/537.36"
::ffff:192.168.100.57 - - [14/Apr/2019:09:18:50 +0000] "GET /school/schedule HTTP/1.1" 304 - "http://localhost:3000/scheduleData" "Mozilla/5.0 (X11; Linux x86_64) AppleWebKit/537.36 (KHTML, like Gecko) Chrome/73.0.3683.103 Safari/537.36"
::1 - - [14/Apr/2019:09:27:27 +0000] "GET /school/subjects HTTP/1.1" 404 154 "-" "PostmanRuntime/7.6.0"
::1 - - [14/Apr/2019:09:27:45 +0000] "GET /school/subject HTTP/1.1" 200 726 "-" "PostmanRuntime/7.6.0"
::1 - - [14/Apr/2019:09:30:23 +0000] "POST /school/teacher HTTP/1.1" 201 610 "-" "PostmanRuntime/7.6.0"
::1 - - [14/Apr/2019:09:30:59 +0000] "POST /school/teacher HTTP/1.1" 201 610 "-" "PostmanRuntime/7.6.0"
::1 - - [14/Apr/2019:09:31:19 +0000] "POST /school/teacher HTTP/1.1" 201 610 "-" "PostmanRuntime/7.6.0"
::1 - - [14/Apr/2019:09:31:23 +0000] "POST /school/teacher HTTP/1.1" 400 193 "-" "PostmanRuntime/7.6.0"
::1 - - [14/Apr/2019:09:31:39 +0000] "POST /school/teacher HTTP/1.1" 201 610 "-" "PostmanRuntime/7.6.0"
::1 - - [14/Apr/2019:09:31:55 +0000] "POST /school/teacher HTTP/1.1" 201 610 "-" "PostmanRuntime/7.6.0"
::1 - - [14/Apr/2019:09:32:06 +0000] "GET /school/schedule/teacher/ HTTP/1.1" 404 163 "-" "PostmanRuntime/7.6.0"
::1 - - [14/Apr/2019:09:32:12 +0000] "GET /school/teacher/ HTTP/1.1" 200 7390 "-" "PostmanRuntime/7.6.0"
::1 - - [14/Apr/2019:09:33:41 +0000] "POST /school/classroom HTTP/1.1" 404 156 "-" "PostmanRuntime/7.6.0"
::1 - - [14/Apr/2019:09:37:19 +0000] "GET /school/teacher/ HTTP/1.1" 200 7390 "-" "PostmanRuntime/7.6.0"
::1 - - [14/Apr/2019:09:38:36 +0000] "POST /login HTTP/1.1" 200 352 "-" "PostmanRuntime/7.6.0"
::ffff:192.168.100.58 - - [14/Apr/2019:09:44:46 +0000] "POST /login HTTP/1.1" 200 352 "-" "PostmanRuntime/7.6.0"
::1 - - [14/Apr/2019:09:49:10 +0000] "GET /school/teacher HTTP/1.1" 200 7390 "-" "PostmanRuntime/7.6.0"
::1 - - [14/Apr/2019:09:50:48 +0000] "GET /school/classroom HTTP/1.1" 200 305 "-" "PostmanRuntime/7.6.0"
::1 - - [14/Apr/2019:09:50:55 +0000] "POST /school/schedule HTTP/1.1" 201 743 "-" "PostmanRuntime/7.6.0"
::1 - - [14/Apr/2019:09:53:00 +0000] "POST /school/classroom HTTP/1.1" 404 156 "-" "PostmanRuntime/7.6.0"
::1 - - [14/Apr/2019:09:54:16 +0000] "POST /school/classroom HTTP/1.1" 200 293 "-" "PostmanRuntime/7.6.0"
::1 - - [14/Apr/2019:09:54:35 +0000] "POST /school/classroom HTTP/1.1" 200 304 "-" "PostmanRuntime/7.6.0"
::1 - - [14/Apr/2019:09:55:07 +0000] "GET /school/classroom HTTP/1.1" 200 754 "-" "PostmanRuntime/7.6.0"
::1 - - [14/Apr/2019:09:55:11 +0000] "GET /school/teacher/ HTTP/1.1" 200 7390 "-" "PostmanRuntime/7.6.0"
::1 - - [14/Apr/2019:09:55:14 +0000] "POST /school/schedule HTTP/1.1" 201 743 "-" "PostmanRuntime/7.6.0"
::1 - - [14/Apr/2019:09:55:28 +0000] "POST /school/subject HTTP/1.1" 400 88 "-" "PostmanRuntime/7.6.0"
::1 - - [14/Apr/2019:09:55:40 +0000] "GET /school/subject HTTP/1.1" 200 726 "-" "PostmanRuntime/7.6.0"
::1 - - [14/Apr/2019:10:19:33 +0000] "GET /school/subject HTTP/1.1" 200 726 "-" "PostmanRuntime/7.6.0"
::1 - - [14/Apr/2019:10:20:00 +0000] "GET /teacher/teaching/5cb1af179ef46c2c4a17f651 HTTP/1.1" 404 180 "-" "PostmanRuntime/7.6.0"
::1 - - [14/Apr/2019:10:20:12 +0000] "GET /teacher/teaching/5cb1af179ef46c2c4a17f651 HTTP/1.1" 404 180 "-" "PostmanRuntime/7.6.0"
::1 - - [14/Apr/2019:10:20:33 +0000] "GET /teacher/schedule/5cb1af179ef46c2c4a17f651 HTTP/1.1" 404 180 "-" "PostmanRuntime/7.6.0"
::1 - - [14/Apr/2019:10:21:00 +0000] "GET /teacher/schedule/5cb1af179ef46c2c4a17f651 HTTP/1.1" 200 386 "-" "PostmanRuntime/7.6.0"
::1 - - [14/Apr/2019:10:21:22 +0000] "GET /teacher/teaching/5cb1af179ef46c2c4a17f651 HTTP/1.1" 200 56 "-" "PostmanRuntime/7.6.0"
::1 - - [14/Apr/2019:10:22:14 +0000] "GET /teacher/teaching/5cb1af179ef46c2c4a17f651 HTTP/1.1" 200 56 "-" "PostmanRuntime/7.6.0"
::1 - - [14/Apr/2019:10:27:21 +0000] "GET /teacher/teaching/5cb1af179ef46c2c4a17f651 HTTP/1.1" 400 51 "-" "PostmanRuntime/7.6.0"
::1 - - [14/Apr/2019:10:27:52 +0000] "GET /teacher/teaching/5cb1af179ef46c2c4a17f651 HTTP/1.1" 400 51 "-" "PostmanRuntime/7.6.0"
::1 - - [14/Apr/2019:10:28:23 +0000] "GET /teacher/teaching/5cb1af179ef46c2c4a17f651 HTTP/1.1" 200 381 "-" "PostmanRuntime/7.6.0"
::1 - - [14/Apr/2019:10:29:05 +0000] "GET /teacher/teaching/5cb1af179ef46c2c4a17f651 HTTP/1.1" 200 225 "-" "PostmanRuntime/7.6.0"
::1 - - [14/Apr/2019:12:06:32 +0000] "GET /school/teacher/ HTTP/1.1" 200 7880 "-" "PostmanRuntime/7.6.0"
::1 - - [14/Apr/2019:12:07:29 +0000] "GET /teacher/teaching/5cb1af179ef46c2c4a17f651 HTTP/1.1" 200 225 "-" "PostmanRuntime/7.6.0"
::1 - - [14/Apr/2019:12:19:31 +0000] "GET /teacher/teaching/5cb1af179ef46c2c4a17f651 HTTP/1.1" 200 225 "-" "PostmanRuntime/7.6.0"
::1 - - [14/Apr/2019:12:19:34 +0000] "GET /teacher/teaching/5cb1af179ef46c2c4a17f651 HTTP/1.1" 200 225 "-" "PostmanRuntime/7.6.0"
::1 - - [14/Apr/2019:12:23:25 +0000] "GET /teacher/teaching/5cb1af179ef46c2c4a17f651 HTTP/1.1" 200 225 "-" "PostmanRuntime/7.6.0"
::ffff:192.168.1.44 - - [14/Apr/2019:12:25:19 +0000] "GET / HTTP/1.1" 200 61 "-" "Mozilla/5.0 (X11; Ubuntu; Linux x86_64; rv:66.0) Gecko/20100101 Firefox/66.0"
::ffff:192.168.1.43 - - [14/Apr/2019:12:26:05 +0000] "POST / HTTP/1.1" 404 140 "-" "PostmanRuntime/7.6.0"
::ffff:192.168.1.44 - - [14/Apr/2019:12:26:15 +0000] "GET /school/classroom HTTP/1.1" 200 754 "-" "PostmanRuntime/7.6.0"
::ffff:192.168.1.43 - - [14/Apr/2019:12:26:16 +0000] "POST /login HTTP/1.1" 404 48 "-" "PostmanRuntime/7.6.0"
::ffff:192.168.1.43 - - [14/Apr/2019:12:26:26 +0000] "POST /login/ HTTP/1.1" 404 48 "-" "PostmanRuntime/7.6.0"
::ffff:192.168.1.43 - - [14/Apr/2019:12:26:58 +0000] "GET /subject/ HTTP/1.1" 404 147 "-" "PostmanRuntime/7.6.0"
::ffff:192.168.1.43 - - [14/Apr/2019:12:27:09 +0000] "GET /schoo/subject/ HTTP/1.1" 404 153 "-" "PostmanRuntime/7.6.0"
::ffff:192.168.1.43 - - [14/Apr/2019:12:27:37 +0000] "GET /schoo/subject/ HTTP/1.1" 404 153 "-" "PostmanRuntime/7.6.0"
::ffff:192.168.1.43 - - [14/Apr/2019:12:27:40 +0000] "GET /school/subject/ HTTP/1.1" 200 726 "-" "PostmanRuntime/7.6.0"
::1 - - [14/Apr/2019:12:46:28 +0000] "GET /teacher/teaching/5cb1af179ef46c2c4a17f651 HTTP/1.1" 200 89 "-" "PostmanRuntime/7.6.0"
::ffff:192.168.1.43 - - [14/Apr/2019:12:46:54 +0000] "GET /school/subject/ HTTP/1.1" 200 726 "-" "PostmanRuntime/7.6.0"
::1 - - [14/Apr/2019:12:47:41 +0000] "GET /teacher/teaching/5cb1af179ef46c2c4a17f651 HTTP/1.1" 200 112 "-" "PostmanRuntime/7.6.0"
::ffff:192.168.1.43 - - [14/Apr/2019:12:47:46 +0000] "GET /school/subjec HTTP/1.1" 404 152 "-" "PostmanRuntime/7.6.0"
::ffff:192.168.1.43 - - [14/Apr/2019:12:47:56 +0000] "GET /school/subject/ HTTP/1.1" 200 726 "-" "PostmanRuntime/7.6.0"
::1 - - [14/Apr/2019:12:48:57 +0000] "GET /teacher/teaching/5cb1af179ef46c2c4a17f651 HTTP/1.1" 200 179 "-" "PostmanRuntime/7.6.0"
::1 - - [14/Apr/2019:12:51:04 +0000] "GET /school/teacher/ HTTP/1.1" 200 7901 "-" "PostmanRuntime/7.6.0"
::1 - - [14/Apr/2019:12:59:39 +0000] "GET /school/teacher/ HTTP/1.1" 200 7901 "-" "PostmanRuntime/7.6.0"
::1 - - [14/Apr/2019:13:00:11 +0000] "GET /school/teacher/ HTTP/1.1" 200 7901 "-" "PostmanRuntime/7.6.0"
=======
>>>>>>> 0cc24ee823e5b26b6fcf013b66ac79d2f899d8a2
::ffff:127.0.0.1 - - [13/Apr/2019:10:23:11 +0000] "POST /student/complain HTTP/1.1" 400 64 "-" "PostmanRuntime/7.6.0"
::ffff:127.0.0.1 - - [13/Apr/2019:10:28:03 +0000] "POST /student/complain HTTP/1.1" 400 64 "-" "PostmanRuntime/7.6.0"
::ffff:127.0.0.1 - - [13/Apr/2019:10:28:49 +0000] "POST /student/complain HTTP/1.1" 400 64 "-" "PostmanRuntime/7.6.0"
::ffff:127.0.0.1 - - [13/Apr/2019:10:32:20 +0000] "POST /school/student HTTP/1.1" 404 154 "-" "PostmanRuntime/7.6.0"
::ffff:127.0.0.1 - - [13/Apr/2019:10:33:13 +0000] "POST /school/student HTTP/1.1" 404 154 "-" "PostmanRuntime/7.6.0"
::ffff:127.0.0.1 - - [13/Apr/2019:10:34:20 +0000] "POST /login HTTP/1.1" 404 48 "-" "PostmanRuntime/7.6.0"
::ffff:127.0.0.1 - - [13/Apr/2019:10:34:32 +0000] "POST /login HTTP/1.1" 200 363 "-" "PostmanRuntime/7.6.0"
::ffff:127.0.0.1 - - [13/Apr/2019:10:34:53 +0000] "POST /school/student HTTP/1.1" 404 154 "-" "PostmanRuntime/7.6.0"
::ffff:127.0.0.1 - - [13/Apr/2019:10:36:13 +0000] "POST /school/student HTTP/1.1" 404 154 "-" "PostmanRuntime/7.6.0"
::ffff:127.0.0.1 - - [13/Apr/2019:14:11:50 +0000] "POST /school/student HTTP/1.1" 404 154 "-" "PostmanRuntime/7.6.0"
::ffff:127.0.0.1 - - [13/Apr/2019:14:12:36 +0000] "POST /school/student HTTP/1.1" 404 154 "-" "PostmanRuntime/7.6.0"
::ffff:127.0.0.1 - - [13/Apr/2019:14:14:57 +0000] "POST /school/student HTTP/1.1" 200 630 "-" "PostmanRuntime/7.6.0"
::ffff:127.0.0.1 - - [13/Apr/2019:14:15:59 +0000] "POST /login HTTP/1.1" 200 403 "-" "PostmanRuntime/7.6.0"
::ffff:127.0.0.1 - - [13/Apr/2019:14:17:52 +0000] "POST /school/student HTTP/1.1" 400 191 "-" "PostmanRuntime/7.6.0"
::ffff:127.0.0.1 - - [13/Apr/2019:14:21:27 +0000] "POST /school/student HTTP/1.1" 200 630 "-" "PostmanRuntime/7.6.0"
::ffff:127.0.0.1 - - [13/Apr/2019:14:22:06 +0000] "POST /login HTTP/1.1" 200 403 "-" "PostmanRuntime/7.6.0"
::ffff:127.0.0.1 - - [13/Apr/2019:14:24:21 +0000] "POST /student/complain HTTP/1.1" 400 48 "-" "PostmanRuntime/7.6.0"
::ffff:127.0.0.1 - - [13/Apr/2019:14:25:58 +0000] "POST /student/complain HTTP/1.1" 201 295 "-" "PostmanRuntime/7.6.0"
::ffff:127.0.0.1 - - [13/Apr/2019:14:28:05 +0000] "POST /login HTTP/1.1" 404 48 "-" "PostmanRuntime/7.6.0"
::ffff:127.0.0.1 - - [13/Apr/2019:14:28:37 +0000] "POST /login HTTP/1.1" 404 48 "-" "PostmanRuntime/7.6.0"
::ffff:127.0.0.1 - - [13/Apr/2019:14:29:02 +0000] "POST /login HTTP/1.1" 404 48 "-" "PostmanRuntime/7.6.0"
::ffff:127.0.0.1 - - [13/Apr/2019:14:29:22 +0000] "POST /login HTTP/1.1" 401 63 "-" "PostmanRuntime/7.6.0"
::ffff:127.0.0.1 - - [13/Apr/2019:14:29:29 +0000] "POST /login HTTP/1.1" 200 379 "-" "PostmanRuntime/7.6.0"
::ffff:127.0.0.1 - - [13/Apr/2019:14:30:03 +0000] "GET /doe/school HTTP/1.1" 200 1242 "-" "PostmanRuntime/7.6.0"
::ffff:127.0.0.1 - - [13/Apr/2019:14:31:52 +0000] "GET /doe/school HTTP/1.1" 200 1242 "-" "PostmanRuntime/7.6.0"
::ffff:127.0.0.1 - - [13/Apr/2019:14:31:59 +0000] "GET /doe/complain HTTP/1.1" 404 151 "-" "PostmanRuntime/7.6.0"
::ffff:127.0.0.1 - - [13/Apr/2019:14:32:04 +0000] "GET /doe/complains HTTP/1.1" 200 974 "-" "PostmanRuntime/7.6.0"
::ffff:127.0.0.1 - - [13/Apr/2019:14:41:03 +0000] "GET /doe/complains HTTP/1.1" 200 974 "-" "PostmanRuntime/7.6.0"
::ffff:127.0.0.1 - - [13/Apr/2019:14:42:19 +0000] "GET /doe/complains HTTP/1.1" 200 974 "-" "PostmanRuntime/7.6.0"
::ffff:127.0.0.1 - - [13/Apr/2019:14:44:35 +0000] "GET /doe/complains HTTP/1.1" 200 974 "-" "PostmanRuntime/7.6.0"
::ffff:127.0.0.1 - - [13/Apr/2019:14:51:30 +0000] "GET /doe/complains HTTP/1.1" 400 53 "-" "PostmanRuntime/7.6.0"
::ffff:127.0.0.1 - - [13/Apr/2019:14:51:50 +0000] "GET /doe/complains HTTP/1.1" 400 51 "-" "PostmanRuntime/7.6.0"
::ffff:127.0.0.1 - - [13/Apr/2019:14:52:10 +0000] "GET /doe/complains HTTP/1.1" 200 974 "-" "PostmanRuntime/7.6.0"
::ffff:127.0.0.1 - - [13/Apr/2019:14:53:17 +0000] "GET /doe/complains HTTP/1.1" 200 974 "-" "PostmanRuntime/7.6.0"
::ffff:127.0.0.1 - - [13/Apr/2019:14:54:29 +0000] "GET /doe/complains HTTP/1.1" 200 54 "-" "PostmanRuntime/7.6.0"
::ffff:127.0.0.1 - - [13/Apr/2019:14:56:57 +0000] "GET /doe/complains HTTP/1.1" 200 292 "-" "PostmanRuntime/7.6.0"
::ffff:127.0.0.1 - - [13/Apr/2019:14:58:56 +0000] "GET /doe/complains HTTP/1.1" 400 128 "-" "PostmanRuntime/7.6.0"
::ffff:127.0.0.1 - - [13/Apr/2019:14:59:23 +0000] "GET /doe/complains HTTP/1.1" 400 128 "-" "PostmanRuntime/7.6.0"
::ffff:127.0.0.1 - - [13/Apr/2019:14:59:43 +0000] "GET /doe/complains HTTP/1.1" 400 128 "-" "PostmanRuntime/7.6.0"
::ffff:127.0.0.1 - - [13/Apr/2019:15:00:55 +0000] "GET /doe/complains HTTP/1.1" 400 128 "-" "PostmanRuntime/7.6.0"
::ffff:127.0.0.1 - - [13/Apr/2019:15:01:13 +0000] "GET /doe/complains HTTP/1.1" 200 294 "-" "PostmanRuntime/7.6.0"
::ffff:127.0.0.1 - - [13/Apr/2019:15:01:52 +0000] "GET /doe/complains HTTP/1.1" 200 322 "-" "PostmanRuntime/7.6.0"
::ffff:127.0.0.1 - - [13/Apr/2019:15:04:32 +0000] "GET /doe/complains HTTP/1.1" 400 112 "-" "PostmanRuntime/7.6.0"
::ffff:127.0.0.1 - - [13/Apr/2019:15:05:24 +0000] "GET /doe/complains HTTP/1.1" 200 322 "-" "PostmanRuntime/7.6.0"
::ffff:127.0.0.1 - - [13/Apr/2019:15:06:28 +0000] "GET /doe/complains HTTP/1.1" 200 380 "-" "PostmanRuntime/7.6.0"
::ffff:127.0.0.1 - - [13/Apr/2019:16:42:29 +0000] "PUT /doe/response HTTP/1.1" 200 335 "-" "PostmanRuntime/7.6.0"
::ffff:127.0.0.1 - - [13/Apr/2019:16:53:58 +0000] "POST /login HTTP/1.1" 200 456 "-" "PostmanRuntime/7.6.0"
::ffff:127.0.0.1 - - [13/Apr/2019:16:54:35 +0000] "GET /student/complains HTTP/1.1" 200 54 "-" "PostmanRuntime/7.6.0"
::ffff:127.0.0.1 - - [13/Apr/2019:16:56:37 +0000] "GET /student/complains HTTP/1.1" 200 123 "-" "PostmanRuntime/7.6.0"
::ffff:127.0.0.1 - - [13/Apr/2019:16:56:46 +0000] "GET /student/complains HTTP/1.1" 200 123 "-" "PostmanRuntime/7.6.0"
::ffff:127.0.0.1 - - [13/Apr/2019:16:57:52 +0000] "GET /student/complains HTTP/1.1" 200 339 "-" "PostmanRuntime/7.6.0"
::ffff:127.0.0.1 - - [13/Apr/2019:16:58:39 +0000] "GET /student/complains HTTP/1.1" 400 72 "-" "PostmanRuntime/7.6.0"
::ffff:127.0.0.1 - - [13/Apr/2019:16:59:26 +0000] "GET /student/complains HTTP/1.1" 200 269 "-" "PostmanRuntime/7.6.0"
::ffff:127.0.0.1 - - [13/Apr/2019:23:43:58 +0000] "POST /login HTTP/1.1" - - "-" "PostmanRuntime/7.6.0"
::ffff:127.0.0.1 - - [13/Apr/2019:23:46:01 +0000] "POST /login HTTP/1.1" - - "-" "PostmanRuntime/7.6.0"
::ffff:127.0.0.1 - - [13/Apr/2019:23:53:58 +0000] "POST /login HTTP/1.1" - - "-" "PostmanRuntime/7.6.0"
<<<<<<< HEAD
>>>>>>> b8179fc18631f90d8662ff82545c33f23f84aec1
::ffff:192.168.1.43 - - [14/Apr/2019:13:37:10 +0000] "GET /school/subjects HTTP/1.1" 403 62 "http://localhost:3000/subjectsData" "Mozilla/5.0 (Linux; Android 6.0; Nexus 5 Build/MRA58N) AppleWebKit/537.36 (KHTML, like Gecko) Chrome/73.0.3683.103 Mobile Safari/537.36"
::ffff:192.168.1.43 - - [14/Apr/2019:13:38:29 +0000] "GET /school/subjects HTTP/1.1" 403 62 "http://localhost:3000/subjectsData" "Mozilla/5.0 (Linux; Android 6.0; Nexus 5 Build/MRA58N) AppleWebKit/537.36 (KHTML, like Gecko) Chrome/73.0.3683.103 Mobile Safari/537.36"
::ffff:192.168.1.43 - - [14/Apr/2019:13:38:38 +0000] "GET /school/subject/ HTTP/1.1" 403 62 "-" "PostmanRuntime/7.6.0"
::ffff:192.168.1.44 - - [14/Apr/2019:13:38:39 +0000] "GET /school/classroom HTTP/1.1" 403 62 "http://localhost:3000/classesData" "Mozilla/5.0 (X11; Ubuntu; Linux x86_64; rv:66.0) Gecko/20100101 Firefox/66.0"
::1 - - [14/Apr/2019:13:39:15 +0000] "GET /school/teacher/ HTTP/1.1" 200 7806 "-" "PostmanRuntime/7.6.0"
::ffff:192.168.1.43 - - [14/Apr/2019:13:39:28 +0000] "GET /school/subjects HTTP/1.1" 403 62 "http://localhost:3000/subjectsData" "Mozilla/5.0 (Linux; Android 6.0; Nexus 5 Build/MRA58N) AppleWebKit/537.36 (KHTML, like Gecko) Chrome/73.0.3683.103 Mobile Safari/537.36"
::ffff:192.168.1.43 - - [14/Apr/2019:13:39:42 +0000] "GET /school/subjects HTTP/1.1" 200 60 "http://localhost:3000/subjectsData" "Mozilla/5.0 (Linux; Android 6.0; Nexus 5 Build/MRA58N) AppleWebKit/537.36 (KHTML, like Gecko) Chrome/73.0.3683.103 Mobile Safari/537.36"
::ffff:192.168.1.43 - - [14/Apr/2019:13:39:49 +0000] "GET /school/subjects HTTP/1.1" 304 - "http://localhost:3000/subjectsData" "Mozilla/5.0 (Linux; Android 6.0; Nexus 5 Build/MRA58N) AppleWebKit/537.36 (KHTML, like Gecko) Chrome/73.0.3683.103 Mobile Safari/537.36"
::ffff:192.168.1.43 - - [14/Apr/2019:13:39:55 +0000] "GET /school/subjects HTTP/1.1" 304 - "http://localhost:3000/subjectsData" "Mozilla/5.0 (Linux; Android 6.0; Nexus 5 Build/MRA58N) AppleWebKit/537.36 (KHTML, like Gecko) Chrome/73.0.3683.103 Mobile Safari/537.36"
::ffff:192.168.1.44 - - [14/Apr/2019:13:40:18 +0000] "GET /school/classroom HTTP/1.1" 200 60 "http://localhost:3000/classesData" "Mozilla/5.0 (X11; Ubuntu; Linux x86_64; rv:66.0) Gecko/20100101 Firefox/66.0"
::1 - - [14/Apr/2019:13:41:02 +0000] "GET /school/classroom/ HTTP/1.1" 200 754 "-" "PostmanRuntime/7.6.0"
::1 - - [14/Apr/2019:13:41:14 +0000] "GET /school/subjects/ HTTP/1.1" 404 155 "-" "PostmanRuntime/7.6.0"
::ffff:192.168.1.43 - - [14/Apr/2019:13:41:19 +0000] "POST /login HTTP/1.1" 200 363 "http://localhost:3000/login" "Mozilla/5.0 (Linux; Android 6.0; Nexus 5 Build/MRA58N) AppleWebKit/537.36 (KHTML, like Gecko) Chrome/73.0.3683.103 Mobile Safari/537.36"
::1 - - [14/Apr/2019:13:41:22 +0000] "GET /school/subject/ HTTP/1.1" 200 726 "-" "PostmanRuntime/7.6.0"
::1 - - [14/Apr/2019:13:41:35 +0000] "GET /school/schedule/ HTTP/1.1" 200 1619 "-" "PostmanRuntime/7.6.0"
::ffff:192.168.1.44 - - [14/Apr/2019:13:42:55 +0000] "POST /login HTTP/1.1" 200 363 "http://localhost:3000/login" "Mozilla/5.0 (X11; Ubuntu; Linux x86_64; rv:66.0) Gecko/20100101 Firefox/66.0"
::1 - - [14/Apr/2019:13:43:03 +0000] "GET /school/teacher HTTP/1.1" 200 7806 "-" "PostmanRuntime/7.6.0"
::ffff:192.168.1.44 - - [14/Apr/2019:13:43:09 +0000] "GET /school/classroom HTTP/1.1" 304 - "http://localhost:3000/classesData" "Mozilla/5.0 (X11; Ubuntu; Linux x86_64; rv:66.0) Gecko/20100101 Firefox/66.0"
::1 - - [14/Apr/2019:13:43:48 +0000] "POST /login HTTP/1.1" 200 352 "-" "PostmanRuntime/7.6.0"
::1 - - [14/Apr/2019:13:44:13 +0000] "GET /teacher/classroom HTTP/1.1" 403 62 "-" "PostmanRuntime/7.6.0"
::1 - - [14/Apr/2019:13:44:18 +0000] "GET /teacher/classroom HTTP/1.1" 200 60 "-" "PostmanRuntime/7.6.0"
::1 - - [14/Apr/2019:13:44:24 +0000] "GET /teacher/classroom HTTP/1.1" 404 156 "-" "PostmanRuntime/7.6.0"
::ffff:192.168.1.44 - - [14/Apr/2019:13:44:46 +0000] "GET /school/classroom HTTP/1.1" 304 - "http://localhost:3000/classesData" "Mozilla/5.0 (X11; Ubuntu; Linux x86_64; rv:66.0) Gecko/20100101 Firefox/66.0"
::ffff:192.168.1.44 - - [14/Apr/2019:13:45:54 +0000] "GET /school/classroom HTTP/1.1" 200 754 "http://localhost:3000/classesData" "Mozilla/5.0 (X11; Ubuntu; Linux x86_64; rv:66.0) Gecko/20100101 Firefox/66.0"
::ffff:192.168.1.43 - - [14/Apr/2019:13:46:03 +0000] "GET /school/subjects HTTP/1.1" 404 154 "http://localhost:3000/subjectsData" "Mozilla/5.0 (Linux; Android 6.0; Nexus 5 Build/MRA58N) AppleWebKit/537.36 (KHTML, like Gecko) Chrome/73.0.3683.103 Mobile Safari/537.36"
::ffff:192.168.1.44 - - [14/Apr/2019:13:46:30 +0000] "GET /school/classroom HTTP/1.1" 200 754 "http://localhost:3000/classesData" "Mozilla/5.0 (X11; Ubuntu; Linux x86_64; rv:66.0) Gecko/20100101 Firefox/66.0"
::ffff:192.168.1.44 - - [14/Apr/2019:13:46:40 +0000] "GET /school/classroom HTTP/1.1" 304 - "http://localhost:3000/classesData" "Mozilla/5.0 (X11; Ubuntu; Linux x86_64; rv:66.0) Gecko/20100101 Firefox/66.0"
::ffff:192.168.1.43 - - [14/Apr/2019:13:46:41 +0000] "GET /school/subject/ HTTP/1.1" 200 726 "-" "PostmanRuntime/7.6.0"
::ffff:192.168.1.44 - - [14/Apr/2019:13:47:23 +0000] "GET /school/classroom HTTP/1.1" 304 - "http://localhost:3000/classesData" "Mozilla/5.0 (X11; Ubuntu; Linux x86_64; rv:66.0) Gecko/20100101 Firefox/66.0"
::1 - - [14/Apr/2019:13:47:27 +0000] "GET /teacher/schedule/5cb1af179ef46c2c4a17f651 HTTP/1.1" 200 386 "-" "PostmanRuntime/7.6.0"
::ffff:192.168.1.43 - - [14/Apr/2019:13:48:01 +0000] "GET /school/subjects HTTP/1.1" 404 154 "http://localhost:3000/subjectsData" "Mozilla/5.0 (Linux; Android 6.0; Nexus 5 Build/MRA58N) AppleWebKit/537.36 (KHTML, like Gecko) Chrome/73.0.3683.103 Mobile Safari/537.36"
::ffff:192.168.1.43 - - [14/Apr/2019:13:48:04 +0000] "GET /school/subjects HTTP/1.1" 404 154 "http://localhost:3000/subjectsData" "Mozilla/5.0 (Linux; Android 6.0; Nexus 5 Build/MRA58N) AppleWebKit/537.36 (KHTML, like Gecko) Chrome/73.0.3683.103 Mobile Safari/537.36"
::1 - - [14/Apr/2019:13:49:05 +0000] "GET /teacher/teaching/5cb1af179ef46c2c4a17f651 HTTP/1.1" - - "-" "PostmanRuntime/7.6.0"
::ffff:192.168.1.43 - - [14/Apr/2019:13:49:14 +0000] "GET /school/subject HTTP/1.1" 200 726 "http://localhost:3000/subjectsData" "Mozilla/5.0 (Linux; Android 6.0; Nexus 5 Build/MRA58N) AppleWebKit/537.36 (KHTML, like Gecko) Chrome/73.0.3683.103 Mobile Safari/537.36"
::ffff:192.168.1.43 - - [14/Apr/2019:13:49:19 +0000] "GET /school/subject HTTP/1.1" 200 726 "http://localhost:3000/subjectsData" "Mozilla/5.0 (Linux; Android 6.0; Nexus 5 Build/MRA58N) AppleWebKit/537.36 (KHTML, like Gecko) Chrome/73.0.3683.103 Mobile Safari/537.36"
::ffff:192.168.1.44 - - [14/Apr/2019:13:50:04 +0000] "GET /school/classroom HTTP/1.1" 304 - "http://localhost:3000/classesData" "Mozilla/5.0 (X11; Ubuntu; Linux x86_64; rv:66.0) Gecko/20100101 Firefox/66.0"
::ffff:192.168.1.43 - - [14/Apr/2019:13:50:04 +0000] "GET /school/subject HTTP/1.1" 304 - "http://localhost:3000/subjectsData" "Mozilla/5.0 (Linux; Android 6.0; Nexus 5 Build/MRA58N) AppleWebKit/537.36 (KHTML, like Gecko) Chrome/73.0.3683.103 Mobile Safari/537.36"
::ffff:192.168.1.43 - - [14/Apr/2019:13:51:26 +0000] "GET /school/subject HTTP/1.1" 304 - "http://localhost:3000/subjectsData" "Mozilla/5.0 (Linux; Android 6.0; Nexus 5 Build/MRA58N) AppleWebKit/537.36 (KHTML, like Gecko) Chrome/73.0.3683.103 Mobile Safari/537.36"
::ffff:192.168.1.44 - - [14/Apr/2019:13:51:26 +0000] "GET /school/classroom HTTP/1.1" 304 - "http://localhost:3000/classesData" "Mozilla/5.0 (X11; Ubuntu; Linux x86_64; rv:66.0) Gecko/20100101 Firefox/66.0"
::ffff:192.168.1.43 - - [14/Apr/2019:13:51:26 +0000] "GET /school/subject/ HTTP/1.1" 200 726 "-" "PostmanRuntime/7.6.0"
::ffff:192.168.1.43 - - [14/Apr/2019:13:55:16 +0000] "GET /school/subject HTTP/1.1" 304 - "http://localhost:3000/subjectsData" "Mozilla/5.0 (Linux; Android 6.0; Nexus 5 Build/MRA58N) AppleWebKit/537.36 (KHTML, like Gecko) Chrome/73.0.3683.103 Mobile Safari/537.36"
::ffff:192.168.1.44 - - [14/Apr/2019:13:56:37 +0000] "GET /school/classroom HTTP/1.1" - - "http://localhost:3000/classesData" "Mozilla/5.0 (X11; Ubuntu; Linux x86_64; rv:66.0) Gecko/20100101 Firefox/66.0"
::1 - - [14/Apr/2019:13:58:14 +0000] "GET /school/schedule HTTP/1.1" 200 1619 "-" "PostmanRuntime/7.6.0"
::1 - - [14/Apr/2019:13:58:32 +0000] "GET /school/teacher/ HTTP/1.1" 200 7806 "-" "PostmanRuntime/7.6.0"
::1 - - [14/Apr/2019:13:58:39 +0000] "GET /school/classroom HTTP/1.1" 200 754 "-" "PostmanRuntime/7.6.0"
::1 - - [14/Apr/2019:13:58:47 +0000] "GET /school/subject HTTP/1.1" 200 726 "-" "PostmanRuntime/7.6.0"
::1 - - [14/Apr/2019:14:00:25 +0000] "POST /school/schedule HTTP/1.1" 201 743 "-" "PostmanRuntime/7.6.0"
::1 - - [14/Apr/2019:14:01:39 +0000] "POST /school/schedule HTTP/1.1" 201 747 "-" "PostmanRuntime/7.6.0"
::ffff:192.168.1.43 - - [14/Apr/2019:14:04:57 +0000] "GET /school/subject HTTP/1.1" 304 - "http://localhost:3000/subjectsData" "Mozilla/5.0 (Linux; Android 6.0; Nexus 5 Build/MRA58N) AppleWebKit/537.36 (KHTML, like Gecko) Chrome/73.0.3683.103 Mobile Safari/537.36"
::1 - - [14/Apr/2019:14:07:22 +0000] "POST /login HTTP/1.1" 200 423 "-" "PostmanRuntime/7.6.0"
::1 - - [14/Apr/2019:14:07:35 +0000] "GET /teacher/teaching/5cb2fe0a8c56dd26103250d7 HTTP/1.1" 200 244 "-" "PostmanRuntime/7.6.0"
::ffff:192.168.1.43 - - [14/Apr/2019:14:11:23 +0000] "GET /school/subject HTTP/1.1" 304 - "http://localhost:3000/subjectsData" "Mozilla/5.0 (Linux; Android 6.0; Nexus 5 Build/MRA58N) AppleWebKit/537.36 (KHTML, like Gecko) Chrome/73.0.3683.103 Mobile Safari/537.36"
::ffff:192.168.1.43 - - [14/Apr/2019:14:15:27 +0000] "GET /school/classroom/ HTTP/1.1" 200 754 "-" "PostmanRuntime/7.6.0"
::1 - - [14/Apr/2019:14:19:47 +0000] "GET /teacher/schedule/5cb2fe0a8c56dd26103250d7 HTTP/1.1" 200 272 "-" "PostmanRuntime/7.6.0"
::ffff:192.168.1.44 - - [14/Apr/2019:14:19:56 +0000] "GET /school/classroom HTTP/1.1" 304 - "http://localhost:3000/classesData" "Mozilla/5.0 (X11; Ubuntu; Linux x86_64; rv:66.0) Gecko/20100101 Firefox/66.0"
::ffff:192.168.1.43 - - [14/Apr/2019:14:21:11 +0000] "GET /school/subject HTTP/1.1" 304 - "http://localhost:3000/subjectsData" "Mozilla/5.0 (Linux; Android 6.0; Nexus 5 Build/MRA58N) AppleWebKit/537.36 (KHTML, like Gecko) Chrome/73.0.3683.103 Mobile Safari/537.36"
::ffff:192.168.1.44 - - [14/Apr/2019:14:24:56 +0000] "GET /school/classroom HTTP/1.1" 304 - "http://localhost:3000/classesData" "Mozilla/5.0 (X11; Ubuntu; Linux x86_64; rv:66.0) Gecko/20100101 Firefox/66.0"
::ffff:192.168.1.43 - - [14/Apr/2019:14:30:53 +0000] "GET /school/subject HTTP/1.1" 304 - "http://localhost:3000/subjectsData" "Mozilla/5.0 (X11; Linux x86_64) AppleWebKit/537.36 (KHTML, like Gecko) Chrome/73.0.3683.103 Safari/537.36"
::1 - - [14/Apr/2019:14:44:23 +0000] "GET /teacher/teaching HTTP/1.1" - - "-" "PostmanRuntime/7.6.0"
::1 - - [14/Apr/2019:14:44:44 +0000] "GET /teacher/teaching HTTP/1.1" - - "-" "PostmanRuntime/7.6.0"
::1 - - [14/Apr/2019:14:46:49 +0000] "GET /teacher/teaching HTTP/1.1" - - "-" "PostmanRuntime/7.6.0"
::1 - - [14/Apr/2019:14:46:54 +0000] "GET /school/teacher/ HTTP/1.1" 200 8018 "-" "PostmanRuntime/7.6.0"
::1 - - [14/Apr/2019:14:47:36 +0000] "GET /teacher/teaching HTTP/1.1" - - "-" "PostmanRuntime/7.6.0"
::1 - - [14/Apr/2019:14:48:04 +0000] "GET /school/subject HTTP/1.1" - - "-" "PostmanRuntime/7.6.0"
::1 - - [14/Apr/2019:14:49:03 +0000] "GET /school/classroom HTTP/1.1" 200 754 "-" "PostmanRuntime/7.6.0"
::1 - - [14/Apr/2019:14:49:03 +0000] "GET /school/teacher/ HTTP/1.1" 200 8018 "-" "PostmanRuntime/7.6.0"
::1 - - [14/Apr/2019:14:49:22 +0000] "GET /school/subject HTTP/1.1" 200 726 "-" "PostmanRuntime/7.6.0"
::1 - - [14/Apr/2019:14:49:24 +0000] "POST /login HTTP/1.1" 200 423 "-" "PostmanRuntime/7.6.0"
::1 - - [14/Apr/2019:14:49:41 +0000] "GET /teacher/teaching HTTP/1.1" 200 715 "-" "PostmanRuntime/7.6.0"
::1 - - [14/Apr/2019:14:51:20 +0000] "GET /teacher/teaching HTTP/1.1" - - "-" "PostmanRuntime/7.6.0"
::1 - - [14/Apr/2019:14:54:11 +0000] "GET /teacher/teaching HTTP/1.1" 200 715 "-" "PostmanRuntime/7.6.0"
::ffff:192.168.1.15 - - [14/Apr/2019:14:57:07 +0000] "GET /school/schedule HTTP/1.1" 403 62 "-" "PostmanRuntime/7.6.0"
::ffff:192.168.1.15 - - [14/Apr/2019:14:57:15 +0000] "GET /school/schedule HTTP/1.1" 200 2735 "-" "PostmanRuntime/7.6.0"
::ffff:192.168.1.15 - - [14/Apr/2019:14:58:19 +0000] "POST /school/schedule HTTP/1.1" 400 64 "-" "PostmanRuntime/7.6.0"
::ffff:192.168.1.15 - - [14/Apr/2019:14:58:33 +0000] "POST /school/schedule HTTP/1.1" 400 87 "-" "PostmanRuntime/7.6.0"
::ffff:192.168.1.15 - - [14/Apr/2019:14:58:41 +0000] "POST /school/schedule HTTP/1.1" 400 89 "-" "PostmanRuntime/7.6.0"
::ffff:192.168.1.15 - - [14/Apr/2019:14:58:55 +0000] "POST /school/schedule HTTP/1.1" 400 100 "-" "PostmanRuntime/7.6.0"
::ffff:192.168.1.15 - - [14/Apr/2019:15:02:34 +0000] "GET /school/schedule HTTP/1.1" 200 2735 "http://localhost:3000/scheduleData" "Mozilla/5.0 (X11; Linux x86_64) AppleWebKit/537.36 (KHTML, like Gecko) Chrome/73.0.3683.103 Safari/537.36"
::ffff:192.168.1.15 - - [14/Apr/2019:15:03:07 +0000] "GET /school/schedule HTTP/1.1" 304 - "http://localhost:3000/scheduleData" "Mozilla/5.0 (X11; Linux x86_64) AppleWebKit/537.36 (KHTML, like Gecko) Chrome/73.0.3683.103 Safari/537.36"
::ffff:192.168.1.15 - - [14/Apr/2019:15:03:41 +0000] "GET /school/schedule HTTP/1.1" 304 - "http://localhost:3000/scheduleData" "Mozilla/5.0 (X11; Linux x86_64) AppleWebKit/537.36 (KHTML, like Gecko) Chrome/73.0.3683.103 Safari/537.36"
::1 - - [14/Apr/2019:15:04:02 +0000] "GET /school/schedule HTTP/1.1" 200 2735 "-" "PostmanRuntime/7.6.0"
::1 - - [14/Apr/2019:15:07:49 +0000] "GET /school/schedule HTTP/1.1" 200 2735 "-" "PostmanRuntime/7.6.0"
::1 - - [14/Apr/2019:15:10:53 +0000] "GET /school/schedule HTTP/1.1" 200 2735 "-" "PostmanRuntime/7.6.0"
::1 - - [14/Apr/2019:15:11:32 +0000] "GET /school/schedule HTTP/1.1" 200 2735 "-" "PostmanRuntime/7.6.0"
::1 - - [14/Apr/2019:15:12:28 +0000] "POST /school/schedule HTTP/1.1" 201 743 "-" "PostmanRuntime/7.6.0"
::1 - - [14/Apr/2019:15:12:44 +0000] "GET /school/schedule HTTP/1.1" 200 3279 "-" "PostmanRuntime/7.6.0"
::1 - - [14/Apr/2019:15:15:14 +0000] "GET /school/schedule HTTP/1.1" 200 3279 "-" "PostmanRuntime/7.6.0"
::ffff:192.168.1.44 - - [14/Apr/2019:15:16:21 +0000] "GET /school/classroom HTTP/1.1" 304 - "http://localhost:3000/classesData" "Mozilla/5.0 (X11; Ubuntu; Linux x86_64; rv:66.0) Gecko/20100101 Firefox/66.0"
::1 - - [14/Apr/2019:15:16:21 +0000] "GET /school/schedule HTTP/1.1" 200 3735 "-" "PostmanRuntime/7.6.0"
::ffff:192.168.1.15 - - [14/Apr/2019:15:16:21 +0000] "GET /school/schedule HTTP/1.1" 200 3735 "http://localhost:3000/scheduleData" "Mozilla/5.0 (X11; Linux x86_64) AppleWebKit/537.36 (KHTML, like Gecko) Chrome/73.0.3683.103 Safari/537.36"
::1 - - [14/Apr/2019:15:17:35 +0000] "GET /school/schedule HTTP/1.1" 200 5607 "-" "PostmanRuntime/7.6.0"
::ffff:192.168.1.15 - - [14/Apr/2019:15:21:56 +0000] "GET /school/schedule HTTP/1.1" 200 5607 "-" "PostmanRuntime/7.6.0"
::ffff:192.168.1.15 - - [14/Apr/2019:15:26:50 +0000] "GET /school/schedule HTTP/1.1" 200 5607 "-" "PostmanRuntime/7.6.0"
::1 - - [14/Apr/2019:15:28:29 +0000] "GET /school/schedule HTTP/1.1" 200 6561 "-" "PostmanRuntime/7.6.0"
::1 - - [14/Apr/2019:15:29:33 +0000] "GET /school/schedule HTTP/1.1" 200 6561 "-" "PostmanRuntime/7.6.0"
::1 - - [14/Apr/2019:15:30:49 +0000] "GET /school/schedule HTTP/1.1" 400 70 "-" "PostmanRuntime/7.6.0"
::1 - - [14/Apr/2019:15:31:27 +0000] "GET /school/schedule HTTP/1.1" 200 4689 "-" "PostmanRuntime/7.6.0"
::ffff:192.168.1.44 - - [14/Apr/2019:15:32:22 +0000] "GET /school/classroom HTTP/1.1" 304 - "http://localhost:3000/classesData" "Mozilla/5.0 (X11; Ubuntu; Linux x86_64; rv:66.0) Gecko/20100101 Firefox/66.0"
::1 - - [14/Apr/2019:15:32:42 +0000] "GET /school/schedule HTTP/1.1" 400 70 "-" "PostmanRuntime/7.6.0"
::1 - - [14/Apr/2019:15:33:22 +0000] "GET /school/schedule HTTP/1.1" 200 4689 "-" "PostmanRuntime/7.6.0"
::ffff:192.168.1.15 - - [14/Apr/2019:15:35:13 +0000] "GET /school/schedule HTTP/1.1" 200 4689 "-" "PostmanRuntime/7.6.0"
::ffff:192.168.1.15 - - [14/Apr/2019:15:41:52 +0000] "GET /school/schedule HTTP/1.1" 400 69 "http://localhost:3000/scheduleData" "Mozilla/5.0 (X11; Linux x86_64) AppleWebKit/537.36 (KHTML, like Gecko) Chrome/73.0.3683.103 Safari/537.36"
::1 - - [14/Apr/2019:15:41:59 +0000] "GET /school/teacher/ HTTP/1.1" 200 5653 "-" "PostmanRuntime/7.6.0"
::ffff:192.168.1.15 - - [14/Apr/2019:15:46:00 +0000] "GET /school/schedule HTTP/1.1" 400 69 "-" "PostmanRuntime/7.6.0"
::1 - - [14/Apr/2019:15:46:58 +0000] "GET /school/teacher/ HTTP/1.1" 200 4002 "-" "PostmanRuntime/7.6.0"
::1 - - [14/Apr/2019:15:47:00 +0000] "POST /school/schedule HTTP/1.1" 201 743 "-" "PostmanRuntime/7.6.0"
::1 - - [14/Apr/2019:15:48:47 +0000] "GET /school/teacher/ HTTP/1.1" 200 3614 "-" "PostmanRuntime/7.6.0"
::1 - - [14/Apr/2019:15:48:57 +0000] "GET /school/schedule HTTP/1.1" 400 69 "-" "PostmanRuntime/7.6.0"
::1 - - [14/Apr/2019:15:52:30 +0000] "POST /school/schedule HTTP/1.1" 201 743 "-" "PostmanRuntime/7.6.0"
::1 - - [14/Apr/2019:15:52:59 +0000] "POST /school/schedule HTTP/1.1" 201 743 "-" "PostmanRuntime/7.6.0"
::1 - - [14/Apr/2019:15:53:05 +0000] "GET /school/schedule HTTP/1.1" 200 2089 "-" "PostmanRuntime/7.6.0"
::1 - - [14/Apr/2019:15:53:57 +0000] "GET /school/schedule HTTP/1.1" 200 2025 "-" "PostmanRuntime/7.6.0"
::1 - - [14/Apr/2019:15:54:35 +0000] "GET /school/subject HTTP/1.1" 400 87 "-" "PostmanRuntime/7.6.0"
::1 - - [14/Apr/2019:15:54:38 +0000] "GET /school/classroom HTTP/1.1" 200 754 "-" "PostmanRuntime/7.6.0"
::1 - - [14/Apr/2019:15:55:23 +0000] "GET /school/subject HTTP/1.1" 400 87 "-" "PostmanRuntime/7.6.0"
::1 - - [14/Apr/2019:15:56:00 +0000] "GET /school/subject HTTP/1.1" 200 751 "-" "PostmanRuntime/7.6.0"
::ffff:192.168.1.15 - - [14/Apr/2019:15:56:05 +0000] "GET /school/schedule HTTP/1.1" 200 2025 "-" "PostmanRuntime/7.6.0"
::1 - - [14/Apr/2019:15:57:30 +0000] "GET /school/teacher/ HTTP/1.1" 200 3945 "-" "PostmanRuntime/7.6.0"
::ffff:192.168.1.15 - - [14/Apr/2019:15:57:33 +0000] "GET /school/schedule HTTP/1.1" 200 2025 "http://localhost:3000/scheduleData" "Mozilla/5.0 (X11; Linux x86_64) AppleWebKit/537.36 (KHTML, like Gecko) Chrome/73.0.3683.103 Safari/537.36"
::1 - - [14/Apr/2019:15:57:39 +0000] "GET /school/schedule HTTP/1.1" 200 2025 "-" "PostmanRuntime/7.6.0"
