::1 - - [15/Apr/2019:13:51:53 +0000] "POST /school/subject HTTP/1.1" 200 213 "-" "PostmanRuntime/7.6.0"
::1 - - [15/Apr/2019:13:52:01 +0000] "POST /school/subject HTTP/1.1" 200 211 "-" "PostmanRuntime/7.6.0"
::1 - - [15/Apr/2019:13:52:13 +0000] "GET /school/subject HTTP/1.1" 200 1308 "-" "PostmanRuntime/7.6.0"
::ffff:192.168.100.226 - - [15/Apr/2019:13:52:14 +0000] "GET /school/schedule HTTP/1.1" 200 2391 "http://localhost:3000/scheduleData" "Mozilla/5.0 (X11; Linux x86_64) AppleWebKit/537.36 (KHTML, like Gecko) Chrome/73.0.3683.103 Safari/537.36"
::1 - - [15/Apr/2019:13:52:22 +0000] "GET /school/schedule HTTP/1.1" 200 2391 "-" "PostmanRuntime/7.6.0"
::ffff:192.168.100.226 - - [15/Apr/2019:13:55:08 +0000] "GET /school/schedule HTTP/1.1" 304 - "http://localhost:3000/scheduleData" "Mozilla/5.0 (X11; Linux x86_64) AppleWebKit/537.36 (KHTML, like Gecko) Chrome/73.0.3683.103 Safari/537.36"
::ffff:192.168.100.226 - - [15/Apr/2019:13:55:18 +0000] "GET /school/classroom HTTP/1.1" 304 - "http://localhost:3000/addScheduleData" "Mozilla/5.0 (X11; Linux x86_64) AppleWebKit/537.36 (KHTML, like Gecko) Chrome/73.0.3683.103 Safari/537.36"
::ffff:192.168.100.226 - - [15/Apr/2019:13:55:19 +0000] "GET /school/teacher HTTP/1.1" 200 3702 "http://localhost:3000/addScheduleData" "Mozilla/5.0 (X11; Linux x86_64) AppleWebKit/537.36 (KHTML, like Gecko) Chrome/73.0.3683.103 Safari/537.36"
::ffff:192.168.100.226 - - [15/Apr/2019:13:55:35 +0000] "GET /school/schedule HTTP/1.1" 304 - "http://localhost:3000/scheduleData" "Mozilla/5.0 (X11; Linux x86_64) AppleWebKit/537.36 (KHTML, like Gecko) Chrome/73.0.3683.103 Safari/537.36"
::ffff:192.168.100.226 - - [15/Apr/2019:13:55:36 +0000] "GET /school/classroom HTTP/1.1" 304 - "http://localhost:3000/addScheduleData" "Mozilla/5.0 (X11; Linux x86_64) AppleWebKit/537.36 (KHTML, like Gecko) Chrome/73.0.3683.103 Safari/537.36"
::ffff:192.168.100.226 - - [15/Apr/2019:13:55:37 +0000] "GET /school/teacher HTTP/1.1" 304 - "http://localhost:3000/addScheduleData" "Mozilla/5.0 (X11; Linux x86_64) AppleWebKit/537.36 (KHTML, like Gecko) Chrome/73.0.3683.103 Safari/537.36"
::ffff:192.168.100.226 - - [15/Apr/2019:13:55:41 +0000] "GET /school/schedule HTTP/1.1" 304 - "http://localhost:3000/scheduleData" "Mozilla/5.0 (X11; Linux x86_64) AppleWebKit/537.36 (KHTML, like Gecko) Chrome/73.0.3683.103 Safari/537.36"
::ffff:192.168.100.226 - - [15/Apr/2019:13:56:13 +0000] "GET /school/schedule HTTP/1.1" 304 - "http://localhost:3000/scheduleData" "Mozilla/5.0 (X11; Linux x86_64) AppleWebKit/537.36 (KHTML, like Gecko) Chrome/73.0.3683.103 Safari/537.36"
::ffff:192.168.100.226 - - [15/Apr/2019:13:56:15 +0000] "GET /school/classroom HTTP/1.1" 304 - "http://localhost:3000/addScheduleData" "Mozilla/5.0 (X11; Linux x86_64) AppleWebKit/537.36 (KHTML, like Gecko) Chrome/73.0.3683.103 Safari/537.36"
::ffff:192.168.100.226 - - [15/Apr/2019:13:56:15 +0000] "GET /school/teacher HTTP/1.1" 304 - "http://localhost:3000/addScheduleData" "Mozilla/5.0 (X11; Linux x86_64) AppleWebKit/537.36 (KHTML, like Gecko) Chrome/73.0.3683.103 Safari/537.36"
::1 - - [15/Apr/2019:13:56:24 +0000] "GET /school/teacher HTTP/1.1" 200 3702 "-" "PostmanRuntime/7.6.0"
::ffff:192.168.100.226 - - [15/Apr/2019:13:56:28 +0000] "POST /school/schedule HTTP/1.1" 201 228 "http://localhost:3000/addScheduleData" "Mozilla/5.0 (X11; Linux x86_64) AppleWebKit/537.36 (KHTML, like Gecko) Chrome/73.0.3683.103 Safari/537.36"
::ffff:192.168.100.226 - - [15/Apr/2019:13:56:29 +0000] "GET /school/schedule HTTP/1.1" 200 2544 "http://localhost:3000/scheduleData" "Mozilla/5.0 (X11; Linux x86_64) AppleWebKit/537.36 (KHTML, like Gecko) Chrome/73.0.3683.103 Safari/537.36"
::ffff:192.168.100.226 - - [15/Apr/2019:13:56:47 +0000] "GET /school/classroom HTTP/1.1" 304 - "http://localhost:3000/addScheduleData" "Mozilla/5.0 (X11; Linux x86_64) AppleWebKit/537.36 (KHTML, like Gecko) Chrome/73.0.3683.103 Safari/537.36"
::ffff:192.168.100.226 - - [15/Apr/2019:13:56:48 +0000] "GET /school/teacher HTTP/1.1" 200 3729 "http://localhost:3000/addScheduleData" "Mozilla/5.0 (X11; Linux x86_64) AppleWebKit/537.36 (KHTML, like Gecko) Chrome/73.0.3683.103 Safari/537.36"
::ffff:192.168.100.226 - - [15/Apr/2019:14:02:28 +0000] "GET /school/classroom HTTP/1.1" 304 - "http://localhost:3000/addScheduleData" "Mozilla/5.0 (X11; Linux x86_64) AppleWebKit/537.36 (KHTML, like Gecko) Chrome/73.0.3683.103 Safari/537.36"
::ffff:192.168.100.226 - - [15/Apr/2019:14:02:29 +0000] "GET /school/teacher HTTP/1.1" 304 - "http://localhost:3000/addScheduleData" "Mozilla/5.0 (X11; Linux x86_64) AppleWebKit/537.36 (KHTML, like Gecko) Chrome/73.0.3683.103 Safari/537.36"
::1 - - [15/Apr/2019:14:05:59 +0000] "PUT /school/teacher/ HTTP/1.1" 404 154 "-" "PostmanRuntime/7.6.0"
::1 - - [15/Apr/2019:14:10:13 +0000] "PUT /school/teacher/5cb2fda98c56dd26103250d2 HTTP/1.1" 400 62 "-" "PostmanRuntime/7.6.0"
::1 - - [15/Apr/2019:14:10:52 +0000] "PUT /school/teacher/5cb2fda98c56dd26103250d2 HTTP/1.1" 200 63 "-" "PostmanRuntime/7.6.0"
::1 - - [15/Apr/2019:14:11:32 +0000] "PUT /school/teacher/5cb2fdd38c56dd26103250d3 HTTP/1.1" 400 143 "-" "PostmanRuntime/7.6.0"
::ffff:192.168.100.226 - - [15/Apr/2019:14:11:43 +0000] "GET /school/classroom HTTP/1.1" 304 - "http://localhost:3000/addScheduleData" "Mozilla/5.0 (X11; Linux x86_64) AppleWebKit/537.36 (KHTML, like Gecko) Chrome/73.0.3683.103 Safari/537.36"
::ffff:192.168.100.226 - - [15/Apr/2019:14:11:43 +0000] "GET /school/teacher HTTP/1.1" 200 3660 "http://localhost:3000/addScheduleData" "Mozilla/5.0 (X11; Linux x86_64) AppleWebKit/537.36 (KHTML, like Gecko) Chrome/73.0.3683.103 Safari/537.36"
::1 - - [15/Apr/2019:14:12:27 +0000] "GET /school/subject HTTP/1.1" 200 1308 "-" "PostmanRuntime/7.6.0"
::1 - - [15/Apr/2019:14:12:55 +0000] "PUT /school/teacher/5cb2fe0a8c56dd26103250d7 HTTP/1.1" 400 143 "-" "PostmanRuntime/7.6.0"
::1 - - [15/Apr/2019:14:13:41 +0000] "PUT /school/teacher/5cb2fe0a8c56dd26103250d7 HTTP/1.1" 400 145 "-" "PostmanRuntime/7.6.0"
::ffff:192.168.100.226 - - [15/Apr/2019:14:13:41 +0000] "GET /school/classroom HTTP/1.1" 304 - "http://localhost:3000/addScheduleData" "Mozilla/5.0 (X11; Linux x86_64) AppleWebKit/537.36 (KHTML, like Gecko) Chrome/73.0.3683.103 Safari/537.36"
::ffff:192.168.100.226 - - [15/Apr/2019:14:13:41 +0000] "GET /school/teacher HTTP/1.1" 304 - "http://localhost:3000/addScheduleData" "Mozilla/5.0 (X11; Linux x86_64) AppleWebKit/537.36 (KHTML, like Gecko) Chrome/73.0.3683.103 Safari/537.36"
::1 - - [15/Apr/2019:14:14:05 +0000] "GET /school/teacher HTTP/1.1" 200 3660 "-" "PostmanRuntime/7.6.0"
::1 - - [15/Apr/2019:14:14:35 +0000] "PUT /school/teacher/5cb2fdd38c56dd26103250d3 HTTP/1.1" 400 145 "-" "PostmanRuntime/7.6.0"
::1 - - [15/Apr/2019:14:15:14 +0000] "PUT /school/teacher/5cb2fdd38c56dd26103250d3 HTTP/1.1" 200 63 "-" "PostmanRuntime/7.6.0"
::1 - - [15/Apr/2019:14:15:19 +0000] "GET /school/teacher HTTP/1.1" 200 3753 "-" "PostmanRuntime/7.6.0"
::1 - - [15/Apr/2019:14:15:56 +0000] "PUT /school/teacher/5cb2fde78c56dd26103250d4 HTTP/1.1" 200 63 "-" "PostmanRuntime/7.6.0"
::1 - - [15/Apr/2019:14:16:01 +0000] "GET /school/teacher HTTP/1.1" 200 3848 "-" "PostmanRuntime/7.6.0"
::ffff:192.168.100.226 - - [15/Apr/2019:14:19:01 +0000] "GET /school/classroom HTTP/1.1" 304 - "http://localhost:3000/addScheduleData" "Mozilla/5.0 (X11; Linux x86_64) AppleWebKit/537.36 (KHTML, like Gecko) Chrome/73.0.3683.103 Safari/537.36"
::ffff:192.168.100.226 - - [15/Apr/2019:14:19:01 +0000] "GET /school/teacher HTTP/1.1" 200 3848 "http://localhost:3000/addScheduleData" "Mozilla/5.0 (X11; Linux x86_64) AppleWebKit/537.36 (KHTML, like Gecko) Chrome/73.0.3683.103 Safari/537.36"
::ffff:192.168.100.226 - - [15/Apr/2019:14:23:28 +0000] "GET /school/classroom HTTP/1.1" 304 - "http://localhost:3000/addScheduleData" "Mozilla/5.0 (X11; Linux x86_64) AppleWebKit/537.36 (KHTML, like Gecko) Chrome/73.0.3683.103 Safari/537.36"
::1 - - [15/Apr/2019:14:23:51 +0000] "POST /login HTTP/1.1" 200 810 "-" "PostmanRuntime/7.6.0"
::ffff:192.168.100.226 - - [15/Apr/2019:14:24:28 +0000] "GET /school/classroom HTTP/1.1" 304 - "http://localhost:3000/addScheduleData" "Mozilla/5.0 (X11; Linux x86_64) AppleWebKit/537.36 (KHTML, like Gecko) Chrome/73.0.3683.103 Safari/537.36"
::ffff:192.168.100.226 - - [15/Apr/2019:14:24:29 +0000] "GET /school/teacher HTTP/1.1" 304 - "http://localhost:3000/addScheduleData" "Mozilla/5.0 (X11; Linux x86_64) AppleWebKit/537.36 (KHTML, like Gecko) Chrome/73.0.3683.103 Safari/537.36"
::1 - - [15/Apr/2019:14:24:56 +0000] "GET /school/student/ HTTP/1.1" 200 4101 "-" "PostmanRuntime/7.6.0"
::1 - - [15/Apr/2019:14:27:45 +0000] "POST /teacher/score HTTP/1.1" 404 153 "-" "PostmanRuntime/7.6.0"
::ffff:192.168.100.226 - - [15/Apr/2019:14:29:06 +0000] "GET /school/classroom HTTP/1.1" 304 - "http://localhost:3000/addScheduleData" "Mozilla/5.0 (X11; Linux x86_64) AppleWebKit/537.36 (KHTML, like Gecko) Chrome/73.0.3683.103 Safari/537.36"
::ffff:192.168.100.226 - - [15/Apr/2019:14:29:07 +0000] "GET /school/teacher HTTP/1.1" 304 - "http://localhost:3000/addScheduleData" "Mozilla/5.0 (X11; Linux x86_64) AppleWebKit/537.36 (KHTML, like Gecko) Chrome/73.0.3683.103 Safari/537.36"
::1 - - [15/Apr/2019:14:29:08 +0000] "POST /teacher/score HTTP/1.1" 201 278 "-" "PostmanRuntime/7.6.0"
::1 - - [15/Apr/2019:14:29:17 +0000] "POST /teacher/score HTTP/1.1" 201 278 "-" "PostmanRuntime/7.6.0"
::1 - - [15/Apr/2019:14:29:20 +0000] "POST /teacher/score HTTP/1.1" 201 278 "-" "PostmanRuntime/7.6.0"
::1 - - [15/Apr/2019:14:29:24 +0000] "POST /teacher/score HTTP/1.1" 201 278 "-" "PostmanRuntime/7.6.0"
::1 - - [15/Apr/2019:14:29:28 +0000] "POST /teacher/score HTTP/1.1" 201 279 "-" "PostmanRuntime/7.6.0"
::1 - - [15/Apr/2019:14:29:35 +0000] "POST /teacher/score HTTP/1.1" 201 285 "-" "PostmanRuntime/7.6.0"
::1 - - [15/Apr/2019:14:29:39 +0000] "POST /teacher/score HTTP/1.1" 201 284 "-" "PostmanRuntime/7.6.0"
::1 - - [15/Apr/2019:14:29:42 +0000] "POST /teacher/score HTTP/1.1" 201 284 "-" "PostmanRuntime/7.6.0"
::1 - - [15/Apr/2019:14:29:46 +0000] "POST /teacher/score HTTP/1.1" 201 284 "-" "PostmanRuntime/7.6.0"
::1 - - [15/Apr/2019:14:29:50 +0000] "POST /teacher/score HTTP/1.1" 201 284 "-" "PostmanRuntime/7.6.0"
::1 - - [15/Apr/2019:14:29:56 +0000] "POST /teacher/score HTTP/1.1" 201 277 "-" "PostmanRuntime/7.6.0"
::1 - - [15/Apr/2019:14:30:00 +0000] "POST /teacher/score HTTP/1.1" 201 277 "-" "PostmanRuntime/7.6.0"
::1 - - [15/Apr/2019:14:30:11 +0000] "GET /school/student/ HTTP/1.1" 200 4101 "-" "PostmanRuntime/7.6.0"
::1 - - [15/Apr/2019:14:30:20 +0000] "GET /school/student/ HTTP/1.1" 200 4101 "-" "PostmanRuntime/7.6.0"
::1 - - [15/Apr/2019:14:30:24 +0000] "GET /school/student/ HTTP/1.1" 200 4101 "-" "PostmanRuntime/7.6.0"
::1 - - [15/Apr/2019:14:31:05 +0000] "POST /teacher/score HTTP/1.1" 201 277 "-" "PostmanRuntime/7.6.0"
::1 - - [15/Apr/2019:14:31:13 +0000] "POST /teacher/score HTTP/1.1" 201 277 "-" "PostmanRuntime/7.6.0"
::1 - - [15/Apr/2019:14:31:32 +0000] "POST /teacher/score HTTP/1.1" 201 284 "-" "PostmanRuntime/7.6.0"
::1 - - [15/Apr/2019:14:31:37 +0000] "POST /teacher/score HTTP/1.1" 201 284 "-" "PostmanRuntime/7.6.0"
::1 - - [15/Apr/2019:14:31:44 +0000] "POST /teacher/score HTTP/1.1" 201 284 "-" "PostmanRuntime/7.6.0"
::1 - - [15/Apr/2019:14:31:48 +0000] "POST /teacher/score HTTP/1.1" 201 284 "-" "PostmanRuntime/7.6.0"
::1 - - [15/Apr/2019:14:31:53 +0000] "POST /teacher/score HTTP/1.1" 201 284 "-" "PostmanRuntime/7.6.0"
::1 - - [15/Apr/2019:14:31:56 +0000] "POST /teacher/score HTTP/1.1" 201 284 "-" "PostmanRuntime/7.6.0"
::1 - - [15/Apr/2019:14:32:04 +0000] "POST /teacher/score HTTP/1.1" 201 278 "-" "PostmanRuntime/7.6.0"
::1 - - [15/Apr/2019:14:32:08 +0000] "POST /teacher/score HTTP/1.1" 201 278 "-" "PostmanRuntime/7.6.0"
::1 - - [15/Apr/2019:14:32:12 +0000] "POST /teacher/score HTTP/1.1" 201 278 "-" "PostmanRuntime/7.6.0"
::1 - - [15/Apr/2019:14:32:18 +0000] "POST /teacher/score HTTP/1.1" 201 278 "-" "PostmanRuntime/7.6.0"
::ffff:192.168.100.217 - - [15/Apr/2019:14:32:27 +0000] "GET /student HTTP/1.1" 200 896 "-" "PostmanRuntime/7.6.0"
::ffff:192.168.100.217 - - [15/Apr/2019:14:34:20 +0000] "GET /student HTTP/1.1" 200 1374 "-" "PostmanRuntime/7.6.0"
::ffff:192.168.100.226 - - [15/Apr/2019:14:39:27 +0000] "GET /school/classroom HTTP/1.1" 304 - "http://localhost:3000/addScheduleData" "Mozilla/5.0 (X11; Linux x86_64) AppleWebKit/537.36 (KHTML, like Gecko) Chrome/73.0.3683.103 Safari/537.36"
::ffff:192.168.100.226 - - [15/Apr/2019:14:39:27 +0000] "GET /school/teacher HTTP/1.1" 304 - "http://localhost:3000/addScheduleData" "Mozilla/5.0 (X11; Linux x86_64) AppleWebKit/537.36 (KHTML, like Gecko) Chrome/73.0.3683.103 Safari/537.36"
::1 - - [15/Apr/2019:14:49:53 +0000] "POST /teacher/score HTTP/1.1" 201 1001 "-" "PostmanRuntime/7.6.0"
::1 - - [15/Apr/2019:14:50:36 +0000] "POST /teacher/score HTTP/1.1" 201 1028 "-" "PostmanRuntime/7.6.0"
::1 - - [15/Apr/2019:14:51:08 +0000] "POST /teacher/score HTTP/1.1" 201 278 "-" "PostmanRuntime/7.6.0"
::1 - - [15/Apr/2019:14:51:10 +0000] "POST /teacher/score HTTP/1.1" 201 278 "-" "PostmanRuntime/7.6.0"
::1 - - [15/Apr/2019:14:51:12 +0000] "POST /teacher/score HTTP/1.1" 201 278 "-" "PostmanRuntime/7.6.0"
::ffff:192.168.100.226 - - [15/Apr/2019:14:51:28 +0000] "POST /login HTTP/1.1" 200 683 "http://localhost:3000/login" "Mozilla/5.0 (X11; Linux x86_64) AppleWebKit/537.36 (KHTML, like Gecko) Chrome/73.0.3683.103 Safari/537.36"
::1 - - [15/Apr/2019:14:53:00 +0000] "POST /teacher/score HTTP/1.1" 201 278 "-" "PostmanRuntime/7.6.0"
::ffff:192.168.100.226 - - [15/Apr/2019:14:53:31 +0000] "POST /login HTTP/1.1" 200 647 "http://localhost:3000/login" "Mozilla/5.0 (X11; Linux x86_64) AppleWebKit/537.36 (KHTML, like Gecko) Chrome/73.0.3683.103 Safari/537.36"
::1 - - [15/Apr/2019:14:54:05 +0000] "POST /teacher/score HTTP/1.1" 400 70 "-" "PostmanRuntime/7.6.0"
::ffff:192.168.100.226 - - [15/Apr/2019:14:54:07 +0000] "POST /login HTTP/1.1" 200 683 "http://localhost:3000/login" "Mozilla/5.0 (X11; Linux x86_64) AppleWebKit/537.36 (KHTML, like Gecko) Chrome/73.0.3683.103 Safari/537.36"
::ffff:192.168.100.226 - - [15/Apr/2019:14:54:49 +0000] "POST /login HTTP/1.1" 200 683 "http://localhost:3000/login" "Mozilla/5.0 (X11; Linux x86_64) AppleWebKit/537.36 (KHTML, like Gecko) Chrome/73.0.3683.103 Safari/537.36"
::1 - - [15/Apr/2019:14:55:19 +0000] "POST /login HTTP/1.1" 200 691 "-" "PostmanRuntime/7.6.0"
::1 - - [15/Apr/2019:14:55:31 +0000] "POST /teacher/score HTTP/1.1" 201 278 "-" "PostmanRuntime/7.6.0"
::ffff:192.168.100.226 - - [15/Apr/2019:14:55:49 +0000] "POST /login HTTP/1.1" 400 65 "-" "PostmanRuntime/7.6.0"
::1 - - [15/Apr/2019:14:56:42 +0000] "POST /login HTTP/1.1" 400 65 "-" "PostmanRuntime/7.6.0"
::1 - - [15/Apr/2019:14:56:59 +0000] "GET /school/teacher HTTP/1.1" 200 3848 "-" "PostmanRuntime/7.6.0"
::1 - - [15/Apr/2019:14:57:38 +0000] "POST /login HTTP/1.1" 400 65 "-" "PostmanRuntime/7.6.0"
::ffff:192.168.100.226 - - [15/Apr/2019:14:58:13 +0000] "GET /teacher/schedule HTTP/1.1" 304 - "http://localhost:3000/scheduleData" "Mozilla/5.0 (X11; Linux x86_64) AppleWebKit/537.36 (KHTML, like Gecko) Chrome/73.0.3683.103 Safari/537.36"
::1 - - [15/Apr/2019:14:58:54 +0000] "POST /teacher/score HTTP/1.1" 201 278 "-" "PostmanRuntime/7.6.0"
::1 - - [15/Apr/2019:14:59:00 +0000] "GET /school/teacher HTTP/1.1" 200 3679 "-" "PostmanRuntime/7.6.0"
::ffff:192.168.100.226 - - [15/Apr/2019:14:59:14 +0000] "POST /login HTTP/1.1" 200 712 "http://localhost:3000/login" "Mozilla/5.0 (X11; Linux x86_64) AppleWebKit/537.36 (KHTML, like Gecko) Chrome/73.0.3683.103 Safari/537.36"
::ffff:192.168.100.226 - - [15/Apr/2019:14:59:27 +0000] "GET /teacher/schedule HTTP/1.1" 304 - "http://localhost:3000/scheduleData" "Mozilla/5.0 (X11; Linux x86_64) AppleWebKit/537.36 (KHTML, like Gecko) Chrome/73.0.3683.103 Safari/537.36"
::1 - - [15/Apr/2019:15:01:44 +0000] "PUT /school/teacher/5cb2fe0a8c56dd26103250d7 HTTP/1.1" 200 63 "-" "PostmanRuntime/7.6.0"
::1 - - [15/Apr/2019:15:01:51 +0000] "GET /school/teacher/ HTTP/1.1" 200 3679 "-" "PostmanRuntime/7.6.0"
::1 - - [15/Apr/2019:15:02:15 +0000] "POST /teacher/score HTTP/1.1" 201 278 "-" "PostmanRuntime/7.6.0"
::1 - - [15/Apr/2019:15:02:25 +0000] "POST /login HTTP/1.1" 200 712 "-" "PostmanRuntime/7.6.0"
::1 - - [15/Apr/2019:15:02:40 +0000] "POST /teacher/score HTTP/1.1" 201 278 "-" "PostmanRuntime/7.6.0"
::1 - - [15/Apr/2019:15:04:30 +0000] "POST /teacher/score HTTP/1.1" 201 316 "-" "PostmanRuntime/7.6.0"
::1 - - [15/Apr/2019:15:04:33 +0000] "POST /teacher/score HTTP/1.1" 201 316 "-" "PostmanRuntime/7.6.0"
::1 - - [15/Apr/2019:15:04:35 +0000] "POST /teacher/score HTTP/1.1" 201 316 "-" "PostmanRuntime/7.6.0"
::1 - - [15/Apr/2019:15:04:36 +0000] "POST /teacher/score HTTP/1.1" 201 316 "-" "PostmanRuntime/7.6.0"
::1 - - [15/Apr/2019:15:04:44 +0000] "POST /teacher/score HTTP/1.1" 201 322 "-" "PostmanRuntime/7.6.0"
::1 - - [15/Apr/2019:15:04:47 +0000] "POST /teacher/score HTTP/1.1" 201 322 "-" "PostmanRuntime/7.6.0"
::1 - - [15/Apr/2019:15:04:51 +0000] "POST /teacher/score HTTP/1.1" 201 322 "-" "PostmanRuntime/7.6.0"
::1 - - [15/Apr/2019:15:04:54 +0000] "POST /teacher/score HTTP/1.1" 201 322 "-" "PostmanRuntime/7.6.0"
::1 - - [15/Apr/2019:15:04:58 +0000] "POST /teacher/score HTTP/1.1" 201 322 "-" "PostmanRuntime/7.6.0"
::ffff:192.168.100.217 - - [15/Apr/2019:15:05:45 +0000] "GET /student HTTP/1.1" 200 2620 "-" "PostmanRuntime/7.6.0"
::ffff:192.168.100.217 - - [15/Apr/2019:15:06:20 +0000] "POST /login HTTP/1.1" 200 404 "-" "PostmanRuntime/7.6.0"
::ffff:192.168.100.217 - - [15/Apr/2019:15:06:49 +0000] "GET /student HTTP/1.1" 200 2620 "-" "PostmanRuntime/7.6.0"
::ffff:192.168.100.217 - - [15/Apr/2019:15:08:31 +0000] "GET /student HTTP/1.1" 200 2962 "-" "PostmanRuntime/7.6.0"
::ffff:192.168.100.217 - - [15/Apr/2019:15:13:15 +0000] "GET /student HTTP/1.1" 200 3205 "-" "PostmanRuntime/7.6.0"
::1 - - [15/Apr/2019:15:15:07 +0000] "POST /teacher/score HTTP/1.1" 201 322 "-" "PostmanRuntime/7.6.0"
::1 - - [15/Apr/2019:15:15:09 +0000] "POST /teacher/score HTTP/1.1" 201 322 "-" "PostmanRuntime/7.6.0"
::1 - - [15/Apr/2019:15:15:13 +0000] "POST /teacher/score HTTP/1.1" 201 322 "-" "PostmanRuntime/7.6.0"
::1 - - [15/Apr/2019:15:15:17 +0000] "POST /teacher/score HTTP/1.1" 201 322 "-" "PostmanRuntime/7.6.0"
::1 - - [15/Apr/2019:15:15:20 +0000] "POST /teacher/score HTTP/1.1" 201 322 "-" "PostmanRuntime/7.6.0"
::1 - - [15/Apr/2019:15:15:24 +0000] "POST /teacher/score HTTP/1.1" 201 316 "-" "PostmanRuntime/7.6.0"
::1 - - [15/Apr/2019:15:15:28 +0000] "POST /teacher/score HTTP/1.1" 201 316 "-" "PostmanRuntime/7.6.0"
::1 - - [15/Apr/2019:15:15:32 +0000] "POST /teacher/score HTTP/1.1" 201 316 "-" "PostmanRuntime/7.6.0"
::1 - - [15/Apr/2019:15:15:35 +0000] "POST /teacher/score HTTP/1.1" 201 316 "-" "PostmanRuntime/7.6.0"
::1 - - [15/Apr/2019:15:15:38 +0000] "POST /teacher/score HTTP/1.1" 201 316 "-" "PostmanRuntime/7.6.0"
::1 - - [15/Apr/2019:15:15:41 +0000] "POST /teacher/score HTTP/1.1" 201 315 "-" "PostmanRuntime/7.6.0"
::1 - - [15/Apr/2019:15:15:47 +0000] "POST /teacher/score HTTP/1.1" 201 315 "-" "PostmanRuntime/7.6.0"
::ffff:192.168.100.217 - - [15/Apr/2019:15:15:52 +0000] "GET /student HTTP/1.1" 200 2148 "-" "PostmanRuntime/7.6.0"
::ffff:192.168.100.226 - - [15/Apr/2019:15:30:38 +0000] "GET /teacher/schedule HTTP/1.1" 304 - "http://localhost:3000/scheduleData" "Mozilla/5.0 (X11; Linux x86_64) AppleWebKit/537.36 (KHTML, like Gecko) Chrome/73.0.3683.103 Safari/537.36"
::ffff:192.168.100.226 - - [15/Apr/2019:15:31:26 +0000] "GET /teacher/schedule HTTP/1.1" 200 372 "-" "PostmanRuntime/7.6.0"
::1 - - [15/Apr/2019:15:33:09 +0000] "GET /school/schedule HTTP/1.1" 200 3111 "-" "PostmanRuntime/7.6.0"
::ffff:192.168.100.226 - - [15/Apr/2019:15:35:48 +0000] "GET /teacher/schedule HTTP/1.1" 200 372 "-" "PostmanRuntime/7.6.0"
::ffff:192.168.100.226 - - [15/Apr/2019:15:37:31 +0000] "GET /teacher/schedule HTTP/1.1" 200 507 "-" "PostmanRuntime/7.6.0"
::ffff:192.168.100.226 - - [15/Apr/2019:15:38:01 +0000] "GET /teacher/schedule HTTP/1.1" 200 693 "http://localhost:3000/scheduleData" "Mozilla/5.0 (X11; Linux x86_64) AppleWebKit/537.36 (KHTML, like Gecko) Chrome/73.0.3683.103 Safari/537.36"
::ffff:192.168.100.226 - - [15/Apr/2019:15:38:08 +0000] "GET /teacher/schedule HTTP/1.1" 304 - "http://localhost:3000/scheduleData" "Mozilla/5.0 (X11; Linux x86_64) AppleWebKit/537.36 (KHTML, like Gecko) Chrome/73.0.3683.103 Safari/537.36"
::ffff:192.168.100.226 - - [15/Apr/2019:15:38:13 +0000] "GET /teacher/schedule HTTP/1.1" 304 - "http://localhost:3000/scheduleData" "Mozilla/5.0 (X11; Linux x86_64) AppleWebKit/537.36 (KHTML, like Gecko) Chrome/73.0.3683.103 Safari/537.36"
::ffff:192.168.100.226 - - [15/Apr/2019:15:55:05 +0000] "GET /teacher/classroom/5cb3573d14dece33d85396cd HTTP/1.1" 200 99 "-" "PostmanRuntime/7.6.0"
::ffff:192.168.100.226 - - [15/Apr/2019:16:03:57 +0000] "GET /teacher/schedule HTTP/1.1" 304 - "http://localhost:3000/scheduleData" "Mozilla/5.0 (X11; Linux x86_64) AppleWebKit/537.36 (KHTML, like Gecko) Chrome/73.0.3683.103 Safari/537.36"
::ffff:192.168.100.217 - - [15/Apr/2019:16:09:02 +0000] "GET /login HTTP/1.1" 404 144 "-" "PostmanRuntime/7.6.0"
::ffff:192.168.100.217 - - [15/Apr/2019:16:09:08 +0000] "POST /login HTTP/1.1" 200 404 "-" "PostmanRuntime/7.6.0"
::ffff:192.168.100.226 - - [15/Apr/2019:16:09:24 +0000] "GET /teacher/schedule HTTP/1.1" 304 - "http://localhost:3000/scheduleData" "Mozilla/5.0 (X11; Linux x86_64) AppleWebKit/537.36 (KHTML, like Gecko) Chrome/73.0.3683.103 Safari/537.36"
::ffff:192.168.100.226 - - [15/Apr/2019:16:10:05 +0000] "GET /teacher/schedule HTTP/1.1" 304 - "http://localhost:3000/scheduleData" "Mozilla/5.0 (X11; Linux x86_64) AppleWebKit/537.36 (KHTML, like Gecko) Chrome/73.0.3683.103 Safari/537.36"
::ffff:192.168.100.226 - - [15/Apr/2019:16:10:11 +0000] "GET /teacher/schedule HTTP/1.1" 304 - "http://localhost:3000/scheduleData" "Mozilla/5.0 (X11; Linux x86_64) AppleWebKit/537.36 (KHTML, like Gecko) Chrome/73.0.3683.103 Safari/537.36"
::ffff:192.168.100.226 - - [15/Apr/2019:16:10:15 +0000] "GET /teacher/schedule HTTP/1.1" 304 - "http://localhost:3000/scheduleData" "Mozilla/5.0 (X11; Linux x86_64) AppleWebKit/537.36 (KHTML, like Gecko) Chrome/73.0.3683.103 Safari/537.36"
::ffff:192.168.100.226 - - [15/Apr/2019:16:11:03 +0000] "GET /teacher/schedule HTTP/1.1" 304 - "http://localhost:3000/scheduleData" "Mozilla/5.0 (X11; Linux x86_64) AppleWebKit/537.36 (KHTML, like Gecko) Chrome/73.0.3683.103 Safari/537.36"
::ffff:192.168.100.98 - - [15/Apr/2019:16:11:45 +0000] "POST /login HTTP/1.1" 404 48 "-" "okhttp/3.12.1"
::ffff:192.168.100.226 - - [15/Apr/2019:16:12:39 +0000] "GET /teacher/schedule HTTP/1.1" 304 - "http://localhost:3000/scheduleData" "Mozilla/5.0 (X11; Linux x86_64) AppleWebKit/537.36 (KHTML, like Gecko) Chrome/73.0.3683.103 Safari/537.36"
::ffff:192.168.100.217 - - [15/Apr/2019:16:13:08 +0000] "POST /login HTTP/1.1" 200 404 "-" "PostmanRuntime/7.6.0"
::ffff:192.168.100.98 - - [15/Apr/2019:16:13:18 +0000] "POST /login HTTP/1.1" 404 48 "-" "okhttp/3.12.1"
::ffff:192.168.100.226 - - [15/Apr/2019:16:13:34 +0000] "GET /teacher/classroom/5cb3035a6c611a29ea645715 HTTP/1.1" 200 324 "http://localhost:3000/studentAttendance/5cb3035a6c611a29ea645715" "Mozilla/5.0 (X11; Linux x86_64) AppleWebKit/537.36 (KHTML, like Gecko) Chrome/73.0.3683.103 Safari/537.36"
::ffff:192.168.100.98 - - [15/Apr/2019:16:14:12 +0000] "POST /login HTTP/1.1" 404 48 "-" "okhttp/3.12.1"
::ffff:192.168.100.226 - - [15/Apr/2019:16:15:02 +0000] "GET /teacher/classroom/5cb3035a6c611a29ea645715 HTTP/1.1" 200 324 "-" "PostmanRuntime/7.6.0"
::ffff:192.168.100.226 - - [15/Apr/2019:16:15:18 +0000] "GET /teacher/classroom/5cb3035a6c611a29ea645715 HTTP/1.1" 304 - "http://localhost:3000/studentAttendance/5cb3035a6c611a29ea645715" "Mozilla/5.0 (X11; Linux x86_64) AppleWebKit/537.36 (KHTML, like Gecko) Chrome/73.0.3683.103 Safari/537.36"
::ffff:192.168.100.226 - - [15/Apr/2019:16:15:22 +0000] "GET /teacher/schedule HTTP/1.1" 304 - "http://localhost:3000/scheduleData" "Mozilla/5.0 (X11; Linux x86_64) AppleWebKit/537.36 (KHTML, like Gecko) Chrome/73.0.3683.103 Safari/537.36"
::ffff:192.168.100.98 - - [15/Apr/2019:16:15:23 +0000] "POST /login HTTP/1.1" 404 48 "-" "okhttp/3.12.1"
::ffff:192.168.100.226 - - [15/Apr/2019:16:15:25 +0000] "GET /teacher/classroom/5cb3035a6c611a29ea645715 HTTP/1.1" 304 - "http://localhost:3000/studentAttendance/5cb3035a6c611a29ea645715" "Mozilla/5.0 (X11; Linux x86_64) AppleWebKit/537.36 (KHTML, like Gecko) Chrome/73.0.3683.103 Safari/537.36"
::ffff:192.168.100.226 - - [15/Apr/2019:16:15:28 +0000] "GET /teacher/schedule HTTP/1.1" 304 - "http://localhost:3000/scheduleData" "Mozilla/5.0 (X11; Linux x86_64) AppleWebKit/537.36 (KHTML, like Gecko) Chrome/73.0.3683.103 Safari/537.36"
::ffff:192.168.100.226 - - [15/Apr/2019:16:16:32 +0000] "POST /login HTTP/1.1" 200 676 "http://localhost:3000/login" "Mozilla/5.0 (X11; Linux x86_64) AppleWebKit/537.36 (KHTML, like Gecko) Chrome/73.0.3683.103 Safari/537.36"
::ffff:192.168.100.226 - - [15/Apr/2019:16:16:34 +0000] "GET /teacher/schedule HTTP/1.1" 200 507 "http://localhost:3000/scheduleData" "Mozilla/5.0 (X11; Linux x86_64) AppleWebKit/537.36 (KHTML, like Gecko) Chrome/73.0.3683.103 Safari/537.36"
::ffff:192.168.100.226 - - [15/Apr/2019:16:16:36 +0000] "GET /teacher/classroom/5cb303426c611a29ea645714 HTTP/1.1" 200 313 "http://localhost:3000/studentAttendance/5cb303426c611a29ea645714" "Mozilla/5.0 (X11; Linux x86_64) AppleWebKit/537.36 (KHTML, like Gecko) Chrome/73.0.3683.103 Safari/537.36"
::ffff:192.168.100.98 - - [15/Apr/2019:16:36:37 +0000] "POST /login HTTP/1.1" 404 48 "-" "okhttp/3.12.1"
::ffff:192.168.100.98 - - [15/Apr/2019:16:41:21 +0000] "POST /login HTTP/1.1" 404 48 "-" "okhttp/3.12.1"
::ffff:192.168.100.98 - - [15/Apr/2019:16:45:57 +0000] "POST /login HTTP/1.1" 200 407 "-" "okhttp/3.12.1"
::ffff:192.168.100.98 - - [15/Apr/2019:16:46:31 +0000] "POST /login HTTP/1.1" 200 407 "-" "okhttp/3.12.1"
=======
::ffff:127.0.0.1 - - [14/Apr/2019:07:57:28 +0000] "POST /student/complaint HTTP/1.1" 400 99 "-" "PostmanRuntime/7.6.0"
::ffff:127.0.0.1 - - [14/Apr/2019:07:57:40 +0000] "POST /student/complaint HTTP/1.1" 201 97 "-" "PostmanRuntime/7.6.0"
::ffff:127.0.0.1 - - [14/Apr/2019:07:58:07 +0000] "POST /student/complaint HTTP/1.1" 201 167 "-" "PostmanRuntime/7.6.0"
::ffff:127.0.0.1 - - [14/Apr/2019:08:09:38 +0000] "POST /student/complaint HTTP/1.1" 201 233 "-" "PostmanRuntime/7.6.0"
::ffff:127.0.0.1 - - [14/Apr/2019:08:12:42 +0000] "POST /student/complaint HTTP/1.1" 201 303 "-" "PostmanRuntime/7.6.0"
::ffff:127.0.0.1 - - [14/Apr/2019:08:16:36 +0000] "POST /student/complaint HTTP/1.1" 201 297 "-" "PostmanRuntime/7.6.0"
::ffff:127.0.0.1 - - [14/Apr/2019:08:21:36 +0000] "POST /student/complaint HTTP/1.1" 201 297 "-" "PostmanRuntime/7.6.0"
::ffff:127.0.0.1 - - [14/Apr/2019:08:23:02 +0000] "POST /student/complaint HTTP/1.1" 201 91 "-" "PostmanRuntime/7.6.0"
::ffff:127.0.0.1 - - [14/Apr/2019:08:23:27 +0000] "POST /student/complaint HTTP/1.1" 201 91 "-" "PostmanRuntime/7.6.0"
::ffff:127.0.0.1 - - [14/Apr/2019:08:28:39 +0000] "POST /student/complaint HTTP/1.1" 201 91 "-" "PostmanRuntime/7.6.0"
::ffff:127.0.0.1 - - [14/Apr/2019:08:29:02 +0000] "POST /student/complaint HTTP/1.1" 201 297 "-" "PostmanRuntime/7.6.0"
::ffff:127.0.0.1 - - [14/Apr/2019:08:31:14 +0000] "POST /student/complaint HTTP/1.1" 201 297 "-" "PostmanRuntime/7.6.0"
::ffff:127.0.0.1 - - [14/Apr/2019:08:33:37 +0000] "POST /student/complaint HTTP/1.1" 201 58 "-" "PostmanRuntime/7.6.0"
::ffff:127.0.0.1 - - [14/Apr/2019:08:34:08 +0000] "POST /student/complaint HTTP/1.1" 201 58 "-" "PostmanRuntime/7.6.0"
::ffff:127.0.0.1 - - [14/Apr/2019:08:34:38 +0000] "POST /student/complaint HTTP/1.1" 201 58 "-" "PostmanRuntime/7.6.0"
::ffff:127.0.0.1 - - [14/Apr/2019:08:34:54 +0000] "POST /student/complaint HTTP/1.1" 201 58 "-" "PostmanRuntime/7.6.0"
::ffff:127.0.0.1 - - [14/Apr/2019:08:36:52 +0000] "POST /student/complaint HTTP/1.1" 201 58 "-" "PostmanRuntime/7.6.0"
::ffff:127.0.0.1 - - [14/Apr/2019:08:42:18 +0000] "POST /student/complaint HTTP/1.1" 201 58 "-" "PostmanRuntime/7.6.0"
::ffff:127.0.0.1 - - [14/Apr/2019:08:44:26 +0000] "POST /student/complaint HTTP/1.1" 201 383 "-" "PostmanRuntime/7.6.0"
::ffff:127.0.0.1 - - [14/Apr/2019:08:46:31 +0000] "POST /student/complaint HTTP/1.1" - - "-" "PostmanRuntime/7.6.0"
::ffff:127.0.0.1 - - [14/Apr/2019:08:46:54 +0000] "POST /student/complaint HTTP/1.1" 201 383 "-" "PostmanRuntime/7.6.0"
::ffff:127.0.0.1 - - [14/Apr/2019:08:48:31 +0000] "POST /student/complaint HTTP/1.1" 201 127 "-" "PostmanRuntime/7.6.0"
::ffff:127.0.0.1 - - [14/Apr/2019:08:49:14 +0000] "POST /student/complaint HTTP/1.1" 201 160 "-" "PostmanRuntime/7.6.0"
::ffff:127.0.0.1 - - [14/Apr/2019:08:52:23 +0000] "POST /student/complaint HTTP/1.1" 201 174 "-" "PostmanRuntime/7.6.0"
::ffff:127.0.0.1 - - [14/Apr/2019:09:02:55 +0000] "POST /login HTTP/1.1" 200 379 "-" "PostmanRuntime/7.6.0"
::ffff:127.0.0.1 - - [14/Apr/2019:09:03:21 +0000] "GET /doe/complaints HTTP/1.1" 200 388 "-" "PostmanRuntime/7.6.0"
::ffff:127.0.0.1 - - [14/Apr/2019:09:10:35 +0000] "PUT /doe/response HTTP/1.1" 200 157 "-" "PostmanRuntime/7.6.0"
::ffff:127.0.0.1 - - [14/Apr/2019:09:14:44 +0000] "PUT /doe/response HTTP/1.1" 200 434 "-" "PostmanRuntime/7.6.0"
::ffff:127.0.0.1 - - [14/Apr/2019:09:16:12 +0000] "POST /student/complaint HTTP/1.1" 201 381 "-" "PostmanRuntime/7.6.0"
::ffff:127.0.0.1 - - [14/Apr/2019:10:14:29 +0000] "PUT /doe/response HTTP/1.1" 200 426 "-" "PostmanRuntime/7.6.0"
::ffff:127.0.0.1 - - [14/Apr/2019:10:20:27 +0000] "GET /doe/complaints HTTP/1.1" 200 814 "-" "PostmanRuntime/7.6.0"
::ffff:127.0.0.1 - - [14/Apr/2019:10:23:52 +0000] "POST /login HTTP/1.1" 200 379 "-" "PostmanRuntime/7.6.0"
::ffff:127.0.0.1 - - [14/Apr/2019:10:24:52 +0000] "GET /doe/profile HTTP/1.1" 200 1772 "-" "PostmanRuntime/7.6.0"
::ffff:127.0.0.1 - - [14/Apr/2019:10:25:44 +0000] "GET /doe/profile HTTP/1.1" 200 1316 "-" "PostmanRuntime/7.6.0"
::ffff:127.0.0.1 - - [14/Apr/2019:12:07:17 +0000] "GET /admin/school HTTP/1.1" 200 1242 "-" "PostmanRuntime/7.6.0"
::ffff:127.0.0.1 - - [14/Apr/2019:12:24:32 +0000] "POST /login HTTP/1.1" 404 48 "-" "PostmanRuntime/7.6.0"
::ffff:127.0.0.1 - - [14/Apr/2019:12:28:17 +0000] "POST /admin/ HTTP/1.1" 201 292 "-" "PostmanRuntime/7.6.0"
::ffff:127.0.0.1 - - [14/Apr/2019:12:38:09 +0000] "GET /school/student HTTP/1.1" 404 153 "-" "PostmanRuntime/7.6.0"
::ffff:127.0.0.1 - - [14/Apr/2019:12:42:49 +0000] "POST /login HTTP/1.1" 404 48 "-" "PostmanRuntime/7.6.0"
::ffff:127.0.0.1 - - [14/Apr/2019:12:43:00 +0000] "POST /login HTTP/1.1" 200 79 "-" "PostmanRuntime/7.6.0"
::ffff:127.0.0.1 - - [14/Apr/2019:12:44:29 +0000] "POST /login HTTP/1.1" - - "-" "PostmanRuntime/7.6.0"
::ffff:127.0.0.1 - - [14/Apr/2019:12:44:55 +0000] "POST /login HTTP/1.1" - - "-" "PostmanRuntime/7.6.0"
::ffff:127.0.0.1 - - [14/Apr/2019:12:44:59 +0000] "POST /login HTTP/1.1" 200 79 "-" "PostmanRuntime/7.6.0"
::ffff:127.0.0.1 - - [14/Apr/2019:12:45:33 +0000] "POST /login HTTP/1.1" 200 79 "-" "PostmanRuntime/7.6.0"
::ffff:127.0.0.1 - - [14/Apr/2019:12:46:10 +0000] "POST /login HTTP/1.1" - - "-" "PostmanRuntime/7.6.0"
::ffff:127.0.0.1 - - [14/Apr/2019:12:46:12 +0000] "POST /login HTTP/1.1" 200 79 "-" "PostmanRuntime/7.6.0"
::ffff:127.0.0.1 - - [14/Apr/2019:12:47:54 +0000] "POST /login HTTP/1.1" 200 66 "-" "PostmanRuntime/7.6.0"
::ffff:127.0.0.1 - - [14/Apr/2019:12:57:08 +0000] "POST /login HTTP/1.1" 200 66 "-" "PostmanRuntime/7.6.0"
::ffff:127.0.0.1 - - [14/Apr/2019:12:57:49 +0000] "POST /login HTTP/1.1" 200 246 "-" "PostmanRuntime/7.6.0"
::ffff:127.0.0.1 - - [14/Apr/2019:13:00:07 +0000] "POST /login HTTP/1.1" 200 272 "-" "PostmanRuntime/7.6.0"
::ffff:127.0.0.1 - - [14/Apr/2019:13:07:08 +0000] "GET /admin/doe HTTP/1.1" 200 1772 "-" "PostmanRuntime/7.6.0"
::ffff:127.0.0.1 - - [14/Apr/2019:13:11:02 +0000] "GET /admin/doe HTTP/1.1" 200 1781 "-" "PostmanRuntime/7.6.0"
::ffff:127.0.0.1 - - [14/Apr/2019:13:23:17 +0000] "POST /login HTTP/1.1" 200 403 "-" "PostmanRuntime/7.6.0"
::ffff:127.0.0.1 - - [14/Apr/2019:13:24:10 +0000] "GET /student/ HTTP/1.1" 200 1415 "-" "PostmanRuntime/7.6.0"
::ffff:127.0.0.1 - - [14/Apr/2019:13:34:26 +0000] "GET /student/ HTTP/1.1" 200 599 "-" "PostmanRuntime/7.6.0"
::ffff:127.0.0.1 - - [14/Apr/2019:13:58:51 +0000] "PUT /school/response HTTP/1.1" 400 59 "-" "PostmanRuntime/7.6.0"
::ffff:127.0.0.1 - - [14/Apr/2019:13:59:49 +0000] "PUT /school/response HTTP/1.1" 200 437 "-" "PostmanRuntime/7.6.0"
::ffff:127.0.0.1 - - [14/Apr/2019:14:02:21 +0000] "POST /student/complaint HTTP/1.1" 201 398 "-" "PostmanRuntime/7.6.0"
::ffff:127.0.0.1 - - [14/Apr/2019:14:04:02 +0000] "PUT /doe/response HTTP/1.1" 200 450 "-" "PostmanRuntime/7.6.0"
::ffff:127.0.0.1 - - [14/Apr/2019:14:04:55 +0000] "PUT /school/response HTTP/1.1" 200 457 "-" "PostmanRuntime/7.6.0"
::ffff:127.0.0.1 - - [14/Apr/2019:14:07:07 +0000] "PUT /school/response HTTP/1.1" 200 460 "-" "PostmanRuntime/7.6.0"
::ffff:127.0.0.1 - - [14/Apr/2019:14:36:34 +0000] "GET /student/complaints HTTP/1.1" 200 826 "-" "PostmanRuntime/7.6.0"
::ffff:127.0.0.1 - - [14/Apr/2019:14:38:46 +0000] "POST /student/complaint HTTP/1.1" 201 387 "-" "PostmanRuntime/7.6.0"
::ffff:127.0.0.1 - - [14/Apr/2019:14:39:53 +0000] "GET /student/complaints HTTP/1.1" 200 1004 "-" "PostmanRuntime/7.6.0"
::ffff:127.0.0.1 - - [14/Apr/2019:14:57:04 +0000] "GET /admin/allAdmin HTTP/1.1" 200 278 "-" "PostmanRuntime/7.6.0"
::ffff:127.0.0.1 - - [14/Apr/2019:14:59:44 +0000] "POST /admin/ HTTP/1.1" 201 290 "-" "PostmanRuntime/7.6.0"
::ffff:127.0.0.1 - - [14/Apr/2019:14:59:59 +0000] "GET /admin/allAdmin HTTP/1.1" 200 508 "-" "PostmanRuntime/7.6.0"
::ffff:127.0.0.1 - - [14/Apr/2019:22:21:19 +0000] "POST /login HTTP/1.1" 200 403 "-" "PostmanRuntime/7.6.0"
::ffff:127.0.0.1 - - [14/Apr/2019:22:22:30 +0000] "GET /student/ HTTP/1.1" 200 653 "-" "PostmanRuntime/7.6.0"
::ffff:127.0.0.1 - - [14/Apr/2019:22:23:50 +0000] "GET /student/ HTTP/1.1" 200 559 "-" "PostmanRuntime/7.6.0"
::ffff:127.0.0.1 - - [14/Apr/2019:22:24:27 +0000] "GET /student/ HTTP/1.1" 200 589 "-" "PostmanRuntime/7.6.0"
::ffff:127.0.0.1 - - [14/Apr/2019:22:52:55 +0000] "POST /school/student HTTP/1.1" 200 656 "-" "PostmanRuntime/7.6.0"
<<<<<<< HEAD
::ffff:127.0.0.1 - - [15/Apr/2019:06:58:50 +0000] "GET /admin/doe HTTP/1.1" 200 1835 "-" "PostmanRuntime/7.6.0"
::ffff:127.0.0.1 - - [15/Apr/2019:06:59:49 +0000] "GET /admin/allAdmin HTTP/1.1" 200 508 "-" "PostmanRuntime/7.6.0"
::ffff:127.0.0.1 - - [15/Apr/2019:07:01:20 +0000] "GET /admin/allAdmin HTTP/1.1" 200 360 "-" "PostmanRuntime/7.6.0"
::ffff:127.0.0.1 - - [15/Apr/2019:07:01:37 +0000] "GET /admin/allAdmin HTTP/1.1" 200 360 "-" "PostmanRuntime/7.6.0"
::ffff:127.0.0.1 - - [15/Apr/2019:07:32:13 +0000] "GET /admin/allAdmin HTTP/1.1" 200 360 "-" "PostmanRuntime/7.6.0"
::ffff:192.168.1.143 - - [15/Apr/2019:07:37:57 +0000] "GET / HTTP/1.1" 200 61 "-" "Mozilla/5.0 (X11; Ubuntu; Linux x86_64; rv:66.0) Gecko/20100101 Firefox/66.0"
::ffff:192.168.1.143 - - [15/Apr/2019:07:40:20 +0000] "GET /school/classroom HTTP/1.1" 403 62 "-" "Mozilla/5.0 (X11; Ubuntu; Linux x86_64; rv:66.0) Gecko/20100101 Firefox/66.0"
::ffff:127.0.0.1 - - [15/Apr/2019:07:55:57 +0000] "POST /login HTTP/1.1" 401 63 "-" "PostmanRuntime/7.6.0"
::ffff:127.0.0.1 - - [15/Apr/2019:07:56:05 +0000] "POST /login HTTP/1.1" 200 348 "-" "PostmanRuntime/7.6.0"
::ffff:127.0.0.1 - - [15/Apr/2019:07:56:48 +0000] "POST /login HTTP/1.1" 200 272 "-" "PostmanRuntime/7.6.0"
::ffff:127.0.0.1 - - [15/Apr/2019:07:57:39 +0000] "PUT /admin/doe HTTP/1.1" 200 56 "-" "PostmanRuntime/7.6.0"
::ffff:192.168.1.143 - - [15/Apr/2019:07:58:05 +0000] "GET /school/classroom HTTP/1.1" 403 62 "-" "Mozilla/5.0 (X11; Ubuntu; Linux x86_64; rv:66.0) Gecko/20100101 Firefox/66.0"
::ffff:127.0.0.1 - - [15/Apr/2019:07:58:33 +0000] "GET /doe/profile HTTP/1.1" 200 440 "-" "PostmanRuntime/7.6.0"
::ffff:127.0.0.1 - - [15/Apr/2019:07:59:17 +0000] "PUT /admin/doe?id=5cb1b4107783463fc67be110 HTTP/1.1" 200 505 "-" "PostmanRuntime/7.6.0"
::ffff:127.0.0.1 - - [15/Apr/2019:07:59:28 +0000] "POST /login HTTP/1.1" 401 63 "-" "PostmanRuntime/7.6.0"
::ffff:127.0.0.1 - - [15/Apr/2019:07:59:36 +0000] "POST /login HTTP/1.1" 200 348 "-" "PostmanRuntime/7.6.0"
::ffff:127.0.0.1 - - [15/Apr/2019:08:05:01 +0000] "PUT /admin/doe?id=5cb1b4107783463fc67be110 HTTP/1.1" 404 148 "-" "PostmanRuntime/7.6.0"
::ffff:127.0.0.1 - - [15/Apr/2019:08:05:13 +0000] "PUT /admin/updateDoe?id=5cb1b4107783463fc67be110 HTTP/1.1" 200 505 "-" "PostmanRuntime/7.6.0"
::ffff:127.0.0.1 - - [15/Apr/2019:08:05:58 +0000] "PUT /admin/updateDoe?id=5cb1b4107783463fc67be110 HTTP/1.1" 400 62 "-" "PostmanRuntime/7.6.0"
::ffff:127.0.0.1 - - [15/Apr/2019:08:06:06 +0000] "PUT /admin/updateDoe?id=5cb1b4107783463fc67be110 HTTP/1.1" 200 524 "-" "PostmanRuntime/7.6.0"
::ffff:127.0.0.1 - - [15/Apr/2019:08:12:32 +0000] "PUT /admin/updateDoe?id=5cb1b4107783463fc67be110 HTTP/1.1" 400 62 "-" "PostmanRuntime/7.6.0"
::ffff:127.0.0.1 - - [15/Apr/2019:08:25:56 +0000] "PUT /admin/updateDoe?id=5cb1b4107783463fc67be110 HTTP/1.1" 200 462 "-" "PostmanRuntime/7.6.0"
::ffff:127.0.0.1 - - [15/Apr/2019:08:26:33 +0000] "PUT /admin/updateDoe?id=5cb1b4107783463fc67be110 HTTP/1.1" 200 462 "-" "PostmanRuntime/7.6.0"
::ffff:192.168.1.143 - - [15/Apr/2019:08:29:54 +0000] "POST /school/classroom HTTP/1.1" 400 163 "http://localhost:3000/classesData" "Mozilla/5.0 (X11; Ubuntu; Linux x86_64; rv:66.0) Gecko/20100101 Firefox/66.0"
::ffff:127.0.0.1 - - [15/Apr/2019:08:29:55 +0000] "PUT /admin/updateDoe?id=5cb1b4107783463fc67be110 HTTP/1.1" 200 462 "-" "PostmanRuntime/7.6.0"
::ffff:127.0.0.1 - - [15/Apr/2019:08:32:47 +0000] "PUT /admin/updateDoe?id=5cb1b4107783463fc67be110 HTTP/1.1" 200 462 "-" "PostmanRuntime/7.6.0"
::ffff:127.0.0.1 - - [15/Apr/2019:08:33:30 +0000] "PUT /admin/updateDoe?id=5cb1b4107783463fc67be110 HTTP/1.1" 400 48 "-" "PostmanRuntime/7.6.0"
::ffff:127.0.0.1 - - [15/Apr/2019:08:34:36 +0000] "PUT /admin/updateDoe?id=5cb1b4107783463fc67be110 HTTP/1.1" 400 48 "-" "PostmanRuntime/7.6.0"
::ffff:127.0.0.1 - - [15/Apr/2019:08:35:22 +0000] "PUT /admin/updateDoe?id=5cb1b4107783463fc67be110 HTTP/1.1" 200 462 "-" "PostmanRuntime/7.6.0"
::ffff:127.0.0.1 - - [15/Apr/2019:08:43:18 +0000] "PUT /admin/updateDoe?id=5cb1b4107783463fc67be110 HTTP/1.1" 400 78 "-" "PostmanRuntime/7.6.0"
::ffff:127.0.0.1 - - [15/Apr/2019:08:43:55 +0000] "PUT /admin/updateDoe?id=5cb1b4107783463fc67be110 HTTP/1.1" 400 78 "-" "PostmanRuntime/7.6.0"
::ffff:127.0.0.1 - - [15/Apr/2019:08:44:00 +0000] "PUT /admin/updateDoe?id=5cb1b4107783463fc67be110 HTTP/1.1" 400 78 "-" "PostmanRuntime/7.6.0"
::ffff:127.0.0.1 - - [15/Apr/2019:08:44:49 +0000] "PUT /admin/updateDoe?id=5cb1b4107783463fc67be110 HTTP/1.1" 400 62 "-" "PostmanRuntime/7.6.0"
::ffff:127.0.0.1 - - [15/Apr/2019:08:44:55 +0000] "PUT /admin/updateDoe?id=5cb1b4107783463fc67be110 HTTP/1.1" 400 78 "-" "PostmanRuntime/7.6.0"
::ffff:127.0.0.1 - - [15/Apr/2019:08:45:10 +0000] "PUT /admin/updateDoe?id=5cb1b4107783463fc67be110 HTTP/1.1" 400 78 "-" "PostmanRuntime/7.6.0"
::ffff:127.0.0.1 - - [15/Apr/2019:08:45:29 +0000] "PUT /admin/updateDoe?id=5cb1b4107783463fc67be110 HTTP/1.1" 200 470 "-" "PostmanRuntime/7.6.0"
::ffff:127.0.0.1 - - [15/Apr/2019:08:47:39 +0000] "PUT /admin/updateDoe?id=5cb1b4107783463fc67be110 HTTP/1.1" 200 478 "-" "PostmanRuntime/7.6.0"
::ffff:127.0.0.1 - - [15/Apr/2019:08:49:16 +0000] "PUT /admin/updateDoe?id=5cb1b4107783463fc67be110 HTTP/1.1" 200 534 "-" "PostmanRuntime/7.6.0"
::ffff:127.0.0.1 - - [15/Apr/2019:08:49:24 +0000] "PUT /admin/updateDoe?id=5cb1b4107783463fc67be110 HTTP/1.1" 400 62 "-" "PostmanRuntime/7.6.0"
::ffff:127.0.0.1 - - [15/Apr/2019:08:52:47 +0000] "PUT /admin/updateDoe?id=5cb1b4107783463fc67be110 HTTP/1.1" 200 480 "-" "PostmanRuntime/7.6.0"
::ffff:127.0.0.1 - - [15/Apr/2019:08:52:52 +0000] "PUT /admin/updateDoe?id=5cb1b4107783463fc67be110 HTTP/1.1" 200 479 "-" "PostmanRuntime/7.6.0"
::ffff:192.168.1.143 - - [15/Apr/2019:08:58:03 +0000] "GET /school/classroom HTTP/1.1" 403 62 "-" "Mozilla/5.0 (X11; Ubuntu; Linux x86_64; rv:66.0) Gecko/20100101 Firefox/66.0"
::ffff:192.168.1.143 - - [15/Apr/2019:09:03:40 +0000] "POST /school/classroom HTTP/1.1" 201 183 "http://localhost:3000/classesData" "Mozilla/5.0 (X11; Ubuntu; Linux x86_64; rv:66.0) Gecko/20100101 Firefox/66.0"
::ffff:127.0.0.1 - - [15/Apr/2019:09:04:17 +0000] "PUT /admin/updateDoe?id=5cb1b4107783463fc67be110 HTTP/1.1" 400 80 "-" "PostmanRuntime/7.6.0"
::ffff:127.0.0.1 - - [15/Apr/2019:09:04:53 +0000] "PUT /admin/updateDoe?id=5cb1b4107783463fc67be110 HTTP/1.1" 200 533 "-" "PostmanRuntime/7.6.0"
::ffff:127.0.0.1 - - [15/Apr/2019:09:05:13 +0000] "POST /login HTTP/1.1" 200 348 "-" "PostmanRuntime/7.6.0"
::ffff:192.168.1.143 - - [15/Apr/2019:09:06:44 +0000] "POST /school/classroom HTTP/1.1" 400 163 "http://localhost:3000/classesData" "Mozilla/5.0 (X11; Ubuntu; Linux x86_64; rv:66.0) Gecko/20100101 Firefox/66.0"
::ffff:192.168.1.143 - - [15/Apr/2019:09:07:05 +0000] "POST /school/classroom HTTP/1.1" 201 183 "http://localhost:3000/classesData" "Mozilla/5.0 (X11; Ubuntu; Linux x86_64; rv:66.0) Gecko/20100101 Firefox/66.0"
::ffff:127.0.0.1 - - [15/Apr/2019:09:07:13 +0000] "PUT /admin/updateDoe?id=5cb1b4107783463fc67be110 HTTP/1.1" 200 533 "-" "PostmanRuntime/7.6.0"
::ffff:192.168.1.143 - - [15/Apr/2019:09:08:01 +0000] "POST /school/classroom HTTP/1.1" 201 183 "http://localhost:3000/classesData" "Mozilla/5.0 (X11; Ubuntu; Linux x86_64; rv:66.0) Gecko/20100101 Firefox/66.0"
::ffff:192.168.1.143 - - [15/Apr/2019:09:15:32 +0000] "POST /school/classroom HTTP/1.1" 201 175 "http://localhost:3000/classesData" "Mozilla/5.0 (X11; Ubuntu; Linux x86_64; rv:66.0) Gecko/20100101 Firefox/66.0"
::ffff:192.168.1.143 - - [15/Apr/2019:09:18:42 +0000] "POST /school/classroom HTTP/1.1" 201 175 "http://localhost:3000/classesData" "Mozilla/5.0 (X11; Ubuntu; Linux x86_64; rv:66.0) Gecko/20100101 Firefox/66.0"
::ffff:192.168.1.143 - - [15/Apr/2019:09:19:58 +0000] "POST /school/classroom HTTP/1.1" 400 163 "http://localhost:3000/classesData" "Mozilla/5.0 (X11; Ubuntu; Linux x86_64; rv:66.0) Gecko/20100101 Firefox/66.0"
::ffff:127.0.0.1 - - [15/Apr/2019:09:20:03 +0000] "PUT /admin/updateDoe?id=5cb1b4107783463fc67be110 HTTP/1.1" 200 533 "-" "PostmanRuntime/7.6.0"
::ffff:127.0.0.1 - - [15/Apr/2019:09:20:16 +0000] "PUT /admin/updateDoe?id=5cb1b4107783463fc67be110 HTTP/1.1" 200 533 "-" "PostmanRuntime/7.6.0"
::ffff:127.0.0.1 - - [15/Apr/2019:09:20:25 +0000] "PUT /admin/updateDoe?id=5cb1b4107783463fc67be110 HTTP/1.1" 400 62 "-" "PostmanRuntime/7.6.0"
::ffff:192.168.1.143 - - [15/Apr/2019:09:21:43 +0000] "POST /school/classroom HTTP/1.1" 201 175 "http://localhost:3000/classesData" "Mozilla/5.0 (X11; Ubuntu; Linux x86_64; rv:66.0) Gecko/20100101 Firefox/66.0"
::ffff:192.168.1.143 - - [15/Apr/2019:09:23:55 +0000] "POST /school/classroom HTTP/1.1" 400 163 "http://localhost:3000/classesData" "Mozilla/5.0 (X11; Ubuntu; Linux x86_64; rv:66.0) Gecko/20100101 Firefox/66.0"
::ffff:192.168.1.143 - - [15/Apr/2019:09:24:55 +0000] "POST /school/classroom HTTP/1.1" 400 163 "http://localhost:3000/classesData" "Mozilla/5.0 (X11; Ubuntu; Linux x86_64; rv:66.0) Gecko/20100101 Firefox/66.0"
::ffff:127.0.0.1 - - [15/Apr/2019:09:25:59 +0000] "PUT /admin/updateDoe?id=5cb1b4107783463fc67be110 HTTP/1.1" 200 537 "-" "PostmanRuntime/7.6.0"
::ffff:127.0.0.1 - - [15/Apr/2019:09:26:38 +0000] "PUT /admin/updateDoe?id=5cb1b4107783463fc67be110 HTTP/1.1" 200 537 "-" "PostmanRuntime/7.6.0"
::ffff:127.0.0.1 - - [15/Apr/2019:09:27:24 +0000] "PUT /admin/updateDoe?id=5cb1b4107783463fc67be110 HTTP/1.1" 200 537 "-" "PostmanRuntime/7.6.0"
::ffff:127.0.0.1 - - [15/Apr/2019:09:27:44 +0000] "PUT /admin/updateDoe?id=5cb1b4107783463fc67be110 HTTP/1.1" 400 62 "-" "PostmanRuntime/7.6.0"
::ffff:127.0.0.1 - - [15/Apr/2019:09:28:47 +0000] "PUT /admin/updateDoe?id=5cb1b4107783463fc67be110 HTTP/1.1" 400 62 "-" "PostmanRuntime/7.6.0"
::ffff:127.0.0.1 - - [15/Apr/2019:09:28:53 +0000] "PUT /admin/updateDoe?id=5cb1b4107783463fc67be110 HTTP/1.1" 200 537 "-" "PostmanRuntime/7.6.0"
::ffff:127.0.0.1 - - [15/Apr/2019:09:29:00 +0000] "PUT /admin/updateDoe?id=5cb1b4107783463fc67be110 HTTP/1.1" 200 537 "-" "PostmanRuntime/7.6.0"
::ffff:127.0.0.1 - - [15/Apr/2019:09:29:05 +0000] "PUT /admin/updateDoe?id=5cb1b4107783463fc67be110 HTTP/1.1" 200 533 "-" "PostmanRuntime/7.6.0"
::ffff:127.0.0.1 - - [15/Apr/2019:09:30:26 +0000] "PUT /admin/updateDoe?id=5cb1b4107783463fc67be110 HTTP/1.1" 200 533 "-" "PostmanRuntime/7.6.0"
::ffff:127.0.0.1 - - [15/Apr/2019:09:31:35 +0000] "PUT /admin/updateDoe?id=5cb1b4107783463fc67be110 HTTP/1.1" 400 62 "-" "PostmanRuntime/7.6.0"
::ffff:127.0.0.1 - - [15/Apr/2019:09:35:30 +0000] "PUT /admin/updateDoe?id=5cb1b4107783463fc67be110 HTTP/1.1" 400 62 "-" "PostmanRuntime/7.6.0"
::ffff:127.0.0.1 - - [15/Apr/2019:09:35:36 +0000] "PUT /admin/updateDoe?id=5cb1b4107783463fc67be110 HTTP/1.1" 400 62 "-" "PostmanRuntime/7.6.0"
::ffff:192.168.1.143 - - [15/Apr/2019:09:35:55 +0000] "POST /school/classroom HTTP/1.1" 400 163 "http://localhost:3000/classesData" "Mozilla/5.0 (X11; Ubuntu; Linux x86_64; rv:66.0) Gecko/20100101 Firefox/66.0"
::ffff:192.168.1.143 - - [15/Apr/2019:09:35:55 +0000] "POST /school/classroom HTTP/1.1" 201 183 "http://localhost:3000/classesData" "Mozilla/5.0 (X11; Ubuntu; Linux x86_64; rv:66.0) Gecko/20100101 Firefox/66.0"
::ffff:192.168.1.143 - - [15/Apr/2019:09:35:55 +0000] "POST /school/classroom HTTP/1.1" 400 163 "http://localhost:3000/classesData" "Mozilla/5.0 (X11; Ubuntu; Linux x86_64; rv:66.0) Gecko/20100101 Firefox/66.0"
::ffff:127.0.0.1 - - [15/Apr/2019:09:39:16 +0000] "PUT /admin/updateDoe?id=5cb1b4107783463fc67be110 HTTP/1.1" 200 533 "-" "PostmanRuntime/7.6.0"
::ffff:127.0.0.1 - - [15/Apr/2019:09:39:24 +0000] "PUT /admin/updateDoe?id=5cb1b4107783463fc67be110 HTTP/1.1" 200 533 "-" "PostmanRuntime/7.6.0"
::ffff:127.0.0.1 - - [15/Apr/2019:09:39:32 +0000] "PUT /admin/updateDoe?id=5cb1b4107783463fc67be110 HTTP/1.1" 200 534 "-" "PostmanRuntime/7.6.0"
::ffff:127.0.0.1 - - [15/Apr/2019:09:39:47 +0000] "PUT /admin/updateDoe?id=5cb1b4107783463fc67be110 HTTP/1.1" 200 534 "-" "PostmanRuntime/7.6.0"
::ffff:127.0.0.1 - - [15/Apr/2019:09:39:50 +0000] "PUT /admin/updateDoe?id=5cb1b4107783463fc67be110 HTTP/1.1" 200 525 "-" "PostmanRuntime/7.6.0"
::ffff:127.0.0.1 - - [15/Apr/2019:09:40:13 +0000] "PUT /admin/updateDoe?id=5cb1b4107783463fc67be110 HTTP/1.1" 200 525 "-" "PostmanRuntime/7.6.0"
::ffff:127.0.0.1 - - [15/Apr/2019:09:40:17 +0000] "PUT /admin/updateDoe?id=5cb1b4107783463fc67be110 HTTP/1.1" 200 524 "-" "PostmanRuntime/7.6.0"
::ffff:127.0.0.1 - - [15/Apr/2019:09:42:50 +0000] "PUT /admin/updateDoe?id=5cb1b4107783463fc67be110 HTTP/1.1" 200 525 "-" "PostmanRuntime/7.6.0"
::ffff:127.0.0.1 - - [15/Apr/2019:09:43:12 +0000] "PUT /admin/updateDoe?id=5cb1b4107783463fc67be110 HTTP/1.1" 200 525 "-" "PostmanRuntime/7.6.0"
::ffff:127.0.0.1 - - [15/Apr/2019:09:43:21 +0000] "PUT /admin/updateDoe?id=5cb1b4107783463fc67be110 HTTP/1.1" 200 532 "-" "PostmanRuntime/7.6.0"
::ffff:127.0.0.1 - - [15/Apr/2019:09:43:30 +0000] "PUT /admin/updateDoe?id=5cb1b4107783463fc67be110 HTTP/1.1" 200 532 "-" "PostmanRuntime/7.6.0"
::ffff:127.0.0.1 - - [15/Apr/2019:09:45:07 +0000] "PUT /admin/updateDoe?id=5cb1b4107783463fc67be110 HTTP/1.1" 200 538 "-" "PostmanRuntime/7.6.0"
::ffff:127.0.0.1 - - [15/Apr/2019:09:45:12 +0000] "PUT /admin/updateDoe?id=5cb1b4107783463fc67be110 HTTP/1.1" 200 538 "-" "PostmanRuntime/7.6.0"
::ffff:192.168.1.143 - - [15/Apr/2019:09:45:32 +0000] "POST /school/classroom HTTP/1.1" 201 183 "http://localhost:3000/classesData" "Mozilla/5.0 (X11; Ubuntu; Linux x86_64; rv:66.0) Gecko/20100101 Firefox/66.0"
::ffff:192.168.1.143 - - [15/Apr/2019:09:45:52 +0000] "POST /school/classroom HTTP/1.1" 400 163 "http://localhost:3000/classesData" "Mozilla/5.0 (X11; Ubuntu; Linux x86_64; rv:66.0) Gecko/20100101 Firefox/66.0"
::ffff:192.168.1.143 - - [15/Apr/2019:09:45:55 +0000] "POST /school/classroom HTTP/1.1" 400 163 "http://localhost:3000/classesData" "Mozilla/5.0 (X11; Ubuntu; Linux x86_64; rv:66.0) Gecko/20100101 Firefox/66.0"
::ffff:192.168.1.143 - - [15/Apr/2019:09:45:56 +0000] "POST /school/classroom HTTP/1.1" 201 183 "http://localhost:3000/classesData" "Mozilla/5.0 (X11; Ubuntu; Linux x86_64; rv:66.0) Gecko/20100101 Firefox/66.0"
::ffff:192.168.1.143 - - [15/Apr/2019:09:45:56 +0000] "POST /school/classroom HTTP/1.1" 201 183 "http://localhost:3000/classesData" "Mozilla/5.0 (X11; Ubuntu; Linux x86_64; rv:66.0) Gecko/20100101 Firefox/66.0"
::ffff:192.168.1.143 - - [15/Apr/2019:09:45:56 +0000] "POST /school/classroom HTTP/1.1" 201 183 "http://localhost:3000/classesData" "Mozilla/5.0 (X11; Ubuntu; Linux x86_64; rv:66.0) Gecko/20100101 Firefox/66.0"
::ffff:127.0.0.1 - - [15/Apr/2019:09:46:07 +0000] "PUT /admin/updateDoe?id=5cb1b4107783463fc67be110 HTTP/1.1" 200 537 "-" "PostmanRuntime/7.6.0"
::ffff:127.0.0.1 - - [15/Apr/2019:09:46:11 +0000] "PUT /admin/updateDoe?id=5cb1b4107783463fc67be110 HTTP/1.1" 200 524 "-" "PostmanRuntime/7.6.0"
::ffff:127.0.0.1 - - [15/Apr/2019:09:48:07 +0000] "PUT /admin/updateDoe?id=5cb1b4107783463fc67be110 HTTP/1.1" 400 96 "-" "PostmanRuntime/7.6.0"
::ffff:127.0.0.1 - - [15/Apr/2019:09:48:41 +0000] "PUT /admin/updateDoe?id=5cb1b4107783463fc67be110 HTTP/1.1" 400 96 "-" "PostmanRuntime/7.6.0"
::ffff:127.0.0.1 - - [15/Apr/2019:09:49:27 +0000] "PUT /admin/updateDoe?id=5cb1b4107783463fc67be110 HTTP/1.1" 400 96 "-" "PostmanRuntime/7.6.0"
::ffff:127.0.0.1 - - [15/Apr/2019:09:49:51 +0000] "PUT /admin/updateDoe?id=5cb1b4107783463fc67be110 HTTP/1.1" 200 525 "-" "PostmanRuntime/7.6.0"
::ffff:127.0.0.1 - - [15/Apr/2019:09:50:01 +0000] "PUT /admin/updateDoe?id=5cb1b4107783463fc67be110 HTTP/1.1" 200 525 "-" "PostmanRuntime/7.6.0"
::ffff:127.0.0.1 - - [15/Apr/2019:09:50:09 +0000] "PUT /admin/updateDoe?id=5cb1b4107783463fc67be110 HTTP/1.1" 200 528 "-" "PostmanRuntime/7.6.0"
::ffff:127.0.0.1 - - [15/Apr/2019:09:50:24 +0000] "PUT /admin/updateDoe?id=5cb1b4107783463fc67be110 HTTP/1.1" 200 527 "-" "PostmanRuntime/7.6.0"
