::ffff:192.168.1.143 - - [15/Apr/2019:09:50:42 +0000] "POST /school/classroom HTTP/1.1" 400 95 "http://localhost:3000/classesData" "Mozilla/5.0 (X11; Ubuntu; Linux x86_64; rv:66.0) Gecko/20100101 Firefox/66.0"
::ffff:192.168.1.143 - - [15/Apr/2019:09:50:47 +0000] "POST /school/classroom HTTP/1.1" 201 183 "http://localhost:3000/classesData" "Mozilla/5.0 (X11; Ubuntu; Linux x86_64; rv:66.0) Gecko/20100101 Firefox/66.0"
::ffff:192.168.1.143 - - [15/Apr/2019:09:50:47 +0000] "POST /school/classroom HTTP/1.1" 400 95 "http://localhost:3000/classesData" "Mozilla/5.0 (X11; Ubuntu; Linux x86_64; rv:66.0) Gecko/20100101 Firefox/66.0"
::ffff:192.168.1.143 - - [15/Apr/2019:09:52:10 +0000] "POST /school/classroom HTTP/1.1" 400 163 "http://localhost:3000/classesData" "Mozilla/5.0 (X11; Ubuntu; Linux x86_64; rv:66.0) Gecko/20100101 Firefox/66.0"
::ffff:192.168.1.143 - - [15/Apr/2019:09:52:15 +0000] "POST /school/classroom HTTP/1.1" 400 163 "http://localhost:3000/classesData" "Mozilla/5.0 (X11; Ubuntu; Linux x86_64; rv:66.0) Gecko/20100101 Firefox/66.0"
::ffff:192.168.1.143 - - [15/Apr/2019:09:52:16 +0000] "POST /school/classroom HTTP/1.1" 201 179 "http://localhost:3000/classesData" "Mozilla/5.0 (X11; Ubuntu; Linux x86_64; rv:66.0) Gecko/20100101 Firefox/66.0"
::ffff:127.0.0.1 - - [15/Apr/2019:09:54:37 +0000] "PUT /admin/updateDoe?id=5cb1b4107783463fc67be110 HTTP/1.1" 200 45 "-" "PostmanRuntime/7.6.0"
::ffff:127.0.0.1 - - [15/Apr/2019:09:55:03 +0000] "PUT /admin/updateDoe?id=5cb1b4107783463fc67be110 HTTP/1.1" 200 529 "-" "PostmanRuntime/7.6.0"
::ffff:127.0.0.1 - - [15/Apr/2019:09:55:10 +0000] "PUT /admin/updateDoe?id=5cb1b4107783463fc67be110 HTTP/1.1" 200 529 "-" "PostmanRuntime/7.6.0"
::ffff:127.0.0.1 - - [15/Apr/2019:09:55:17 +0000] "PUT /admin/updateDoe?id=5cb1b4107783463fc67be110 HTTP/1.1" 200 531 "-" "PostmanRuntime/7.6.0"
::ffff:127.0.0.1 - - [15/Apr/2019:09:56:44 +0000] "PUT /admin/updateDoe?id=5cb1b4107783463fc67be110 HTTP/1.1" 200 530 "-" "PostmanRuntime/7.6.0"
::ffff:127.0.0.1 - - [15/Apr/2019:09:56:51 +0000] "PUT /admin/updateDoe?id=5cb1b4107783463fc67be110 HTTP/1.1" 200 530 "-" "PostmanRuntime/7.6.0"
::ffff:127.0.0.1 - - [15/Apr/2019:09:57:39 +0000] "PUT /admin/updateDoe?id=5cb1b4107783463fc67be110 HTTP/1.1" 200 528 "-" "PostmanRuntime/7.6.0"
::ffff:127.0.0.1 - - [15/Apr/2019:09:57:47 +0000] "PUT /admin/updateDoe?id=5cb1b4107783463fc67be110 HTTP/1.1" 200 528 "-" "PostmanRuntime/7.6.0"
::ffff:127.0.0.1 - - [15/Apr/2019:10:01:03 +0000] "PUT /admin/updateDoe?id=5cb1b4107783463fc67be110 HTTP/1.1" 200 526 "-" "PostmanRuntime/7.6.0"
::ffff:127.0.0.1 - - [15/Apr/2019:10:02:00 +0000] "PUT /admin/updateDoe?id=5cb1b4107783463fc67be110 HTTP/1.1" 200 528 "-" "PostmanRuntime/7.6.0"
::ffff:127.0.0.1 - - [15/Apr/2019:10:02:07 +0000] "PUT /admin/updateDoe?id=5cb1b4107783463fc67be110 HTTP/1.1" 200 528 "-" "PostmanRuntime/7.6.0"
::ffff:127.0.0.1 - - [15/Apr/2019:10:03:17 +0000] "PUT /admin/updateDoe?id=5cb1b4107783463fc67be110 HTTP/1.1" 200 530 "-" "PostmanRuntime/7.6.0"
::ffff:127.0.0.1 - - [15/Apr/2019:10:03:24 +0000] "PUT /admin/updateDoe?id=5cb1b4107783463fc67be110 HTTP/1.1" 200 530 "-" "PostmanRuntime/7.6.0"
::ffff:127.0.0.1 - - [15/Apr/2019:10:07:17 +0000] "PUT /admin/updateDoe?id=5cb1b4107783463fc67be110 HTTP/1.1" 200 527 "-" "PostmanRuntime/7.6.0"
::ffff:127.0.0.1 - - [15/Apr/2019:10:07:54 +0000] "PUT /admin/updateDoe?id=5cb1b4107783463fc67be110 HTTP/1.1" 200 527 "-" "PostmanRuntime/7.6.0"
::ffff:127.0.0.1 - - [15/Apr/2019:10:08:51 +0000] "PUT /admin/updateDoe?id=5cb1b4107783463fc67be110 HTTP/1.1" 200 530 "-" "PostmanRuntime/7.6.0"
::ffff:127.0.0.1 - - [15/Apr/2019:10:16:52 +0000] "POST /admin/doe HTTP/1.1" 400 114 "-" "PostmanRuntime/7.6.0"
::ffff:127.0.0.1 - - [15/Apr/2019:10:17:05 +0000] "POST /admin/doe HTTP/1.1" 201 86 "-" "PostmanRuntime/7.6.0"
::ffff:192.168.1.143 - - [15/Apr/2019:10:17:34 +0000] "POST /school/classroom HTTP/1.1" 400 95 "http://localhost:3000/classesData" "Mozilla/5.0 (X11; Ubuntu; Linux x86_64; rv:66.0) Gecko/20100101 Firefox/66.0"
::ffff:192.168.1.143 - - [15/Apr/2019:10:18:31 +0000] "POST /school/classroom HTTP/1.1" 201 197 "http://localhost:3000/classesData" "Mozilla/5.0 (X11; Ubuntu; Linux x86_64; rv:66.0) Gecko/20100101 Firefox/66.0"
::ffff:127.0.0.1 - - [15/Apr/2019:10:19:59 +0000] "POST /admin/doe HTTP/1.1" 201 474 "-" "PostmanRuntime/7.6.0"
::ffff:127.0.0.1 - - [15/Apr/2019:10:20:56 +0000] "POST /admin/school HTTP/1.1" 201 578 "-" "PostmanRuntime/7.6.0"
::ffff:192.168.1.143 - - [15/Apr/2019:10:23:58 +0000] "POST /school/classroom HTTP/1.1" 201 183 "http://localhost:3000/classesData" "Mozilla/5.0 (X11; Ubuntu; Linux x86_64; rv:66.0) Gecko/20100101 Firefox/66.0"
::ffff:127.0.0.1 - - [15/Apr/2019:10:24:10 +0000] "POST /admin/doe HTTP/1.1" 201 474 "-" "PostmanRuntime/7.6.0"
::ffff:127.0.0.1 - - [15/Apr/2019:10:25:05 +0000] "POST /admin/doe HTTP/1.1" 201 474 "-" "PostmanRuntime/7.6.0"
::ffff:192.168.1.143 - - [15/Apr/2019:10:25:11 +0000] "POST /school/classroom HTTP/1.1" 201 183 "http://localhost:3000/classesData" "Mozilla/5.0 (X11; Ubuntu; Linux x86_64; rv:66.0) Gecko/20100101 Firefox/66.0"
::ffff:192.168.1.143 - - [15/Apr/2019:10:29:12 +0000] "POST /school/classroom HTTP/1.1" 201 183 "http://localhost:3000/classesData" "Mozilla/5.0 (X11; Ubuntu; Linux x86_64; rv:66.0) Gecko/20100101 Firefox/66.0"
::ffff:192.168.1.143 - - [15/Apr/2019:10:29:26 +0000] "POST /school/classroom HTTP/1.1" 400 95 "http://localhost:3000/classesData" "Mozilla/5.0 (X11; Ubuntu; Linux x86_64; rv:66.0) Gecko/20100101 Firefox/66.0"
::ffff:192.168.1.143 - - [15/Apr/2019:10:29:47 +0000] "POST /school/classroom HTTP/1.1" 201 221 "http://localhost:3000/classesData" "Mozilla/5.0 (X11; Ubuntu; Linux x86_64; rv:66.0) Gecko/20100101 Firefox/66.0"
::ffff:192.168.1.143 - - [15/Apr/2019:10:33:40 +0000] "POST /school/classroom HTTP/1.1" 201 215 "http://localhost:3000/classesData" "Mozilla/5.0 (X11; Ubuntu; Linux x86_64; rv:66.0) Gecko/20100101 Firefox/66.0"
::ffff:192.168.1.143 - - [15/Apr/2019:10:35:12 +0000] "POST /school/classroom HTTP/1.1" 400 95 "http://localhost:3000/classesData" "Mozilla/5.0 (X11; Ubuntu; Linux x86_64; rv:66.0) Gecko/20100101 Firefox/66.0"
::ffff:192.168.1.143 - - [15/Apr/2019:10:38:30 +0000] "POST /school/classroom HTTP/1.1" 400 143 "http://localhost:3000/classesData" "Mozilla/5.0 (X11; Ubuntu; Linux x86_64; rv:66.0) Gecko/20100101 Firefox/66.0"
::ffff:127.0.0.1 - - [15/Apr/2019:12:49:14 +0000] "POST /admin/doe HTTP/1.1" 400 188 "-" "PostmanRuntime/7.6.0"
::ffff:127.0.0.1 - - [15/Apr/2019:12:50:12 +0000] "POST /admin/doe HTTP/1.1" 201 86 "-" "PostmanRuntime/7.6.0"
::ffff:127.0.0.1 - - [15/Apr/2019:12:51:26 +0000] "POST /admin/doe HTTP/1.1" 201 515 "-" "PostmanRuntime/7.6.0"
::ffff:127.0.0.1 - - [15/Apr/2019:12:59:27 +0000] "POST /admin/school HTTP/1.1" 201 603 "-" "PostmanRuntime/7.6.0"
::ffff:127.0.0.1 - - [15/Apr/2019:13:08:27 +0000] "PUT /admin/updateDoe?id=5cb47e4dd2b21411193a4073 HTTP/1.1" 200 521 "-" "PostmanRuntime/7.6.0"
::ffff:127.0.0.1 - - [15/Apr/2019:13:08:38 +0000] "PUT /admin/updateDoe?id=5cb47e4dd2b21411193a4073 HTTP/1.1" 200 537 "-" "PostmanRuntime/7.6.0"
::ffff:127.0.0.1 - - [15/Apr/2019:13:09:04 +0000] "PUT /admin/updateDoe?id=5cb47e4dd2b21411193a4073 HTTP/1.1" 200 537 "-" "PostmanRuntime/7.6.0"
::ffff:127.0.0.1 - - [15/Apr/2019:13:10:48 +0000] "PUT /admin/updateDoe?id=5cb47e4dd2b21411193a4073 HTTP/1.1" 200 529 "-" "PostmanRuntime/7.6.0"
::ffff:127.0.0.1 - - [15/Apr/2019:13:10:59 +0000] "PUT /admin/updateDoe?id=5cb47e4dd2b21411193a4073 HTTP/1.1" 200 529 "-" "PostmanRuntime/7.6.0"
::ffff:127.0.0.1 - - [15/Apr/2019:13:12:26 +0000] "PUT /admin/updateDoe?id=5cb47e4dd2b21411193a4073 HTTP/1.1" 200 531 "-" "PostmanRuntime/7.6.0"
::ffff:127.0.0.1 - - [15/Apr/2019:13:12:33 +0000] "PUT /admin/updateDoe?id=5cb47e4dd2b21411193a4073 HTTP/1.1" 200 535 "-" "PostmanRuntime/7.6.0"
::ffff:127.0.0.1 - - [15/Apr/2019:13:12:38 +0000] "PUT /admin/updateDoe?id=5cb47e4dd2b21411193a4073 HTTP/1.1" 200 536 "-" "PostmanRuntime/7.6.0"
::ffff:127.0.0.1 - - [15/Apr/2019:13:14:18 +0000] "PUT /admin/updateDoe?id=5cb47e4dd2b21411193a4073 HTTP/1.1" 200 531 "-" "PostmanRuntime/7.6.0"
::ffff:127.0.0.1 - - [15/Apr/2019:13:20:24 +0000] "POST /login HTTP/1.1" 200 269 "-" "PostmanRuntime/7.6.0"
::ffff:127.0.0.1 - - [15/Apr/2019:13:20:43 +0000] "GET /admin/allAdmin HTTP/1.1" 200 360 "-" "PostmanRuntime/7.6.0"
::ffff:127.0.0.1 - - [15/Apr/2019:14:11:59 +0000] "POST /login HTTP/1.1" 400 50 "-" "PostmanRuntime/7.6.0"
::ffff:127.0.0.1 - - [15/Apr/2019:14:12:14 +0000] "POST /login HTTP/1.1" 200 269 "-" "PostmanRuntime/7.6.0"
::ffff:127.0.0.1 - - [15/Apr/2019:14:12:28 +0000] "GET /admin/allAdmin HTTP/1.1" 200 360 "-" "PostmanRuntime/7.6.0"
::ffff:127.0.0.1 - - [15/Apr/2019:14:13:11 +0000] "GET /admin/allAdmin HTTP/1.1" 200 360 "-" "PostmanRuntime/7.6.0"
::ffff:127.0.0.1 - - [15/Apr/2019:14:15:06 +0000] "GET /admin/allAdmin HTTP/1.1" 200 60 "-" "PostmanRuntime/7.6.0"
::ffff:127.0.0.1 - - [15/Apr/2019:14:24:57 +0000] "GET /admin/allAdmin HTTP/1.1" 200 60 "-" "PostmanRuntime/7.6.0"
::ffff:127.0.0.1 - - [15/Apr/2019:15:05:00 +0000] "POST /login HTTP/1.1" 200 371 "-" "PostmanRuntime/7.6.0"
::ffff:127.0.0.1 - - [15/Apr/2019:15:06:03 +0000] "POST /school/classroom HTTP/1.1" 201 195 "-" "PostmanRuntime/7.6.0"
::ffff:127.0.0.1 - - [15/Apr/2019:15:06:20 +0000] "POST /school/student HTTP/1.1" 400 191 "-" "PostmanRuntime/7.6.0"
::ffff:127.0.0.1 - - [15/Apr/2019:15:07:30 +0000] "POST /school/student HTTP/1.1" 400 191 "-" "PostmanRuntime/7.6.0"
::ffff:127.0.0.1 - - [15/Apr/2019:15:09:36 +0000] "POST /school/student HTTP/1.1" 200 656 "-" "PostmanRuntime/7.6.0"
::ffff:127.0.0.1 - - [15/Apr/2019:15:11:03 +0000] "POST /login HTTP/1.1" 200 403 "-" "PostmanRuntime/7.6.0"
::ffff:127.0.0.1 - - [15/Apr/2019:15:14:16 +0000] "POST /student/complaint HTTP/1.1" 400 52 "-" "PostmanRuntime/7.6.0"
::ffff:127.0.0.1 - - [15/Apr/2019:15:25:14 +0000] "POST /student/complaint HTTP/1.1" 201 389 "-" "PostmanRuntime/7.6.0"
::ffff:127.0.0.1 - - [15/Apr/2019:15:27:04 +0000] "POST /student/complaint HTTP/1.1" 201 402 "-" "PostmanRuntime/7.6.0"
::ffff:127.0.0.1 - - [15/Apr/2019:15:30:19 +0000] "POST /student/complaint HTTP/1.1" 400 69 "-" "PostmanRuntime/7.6.0"
::ffff:127.0.0.1 - - [15/Apr/2019:15:31:51 +0000] "POST /student/complaint HTTP/1.1" 201 491 "-" "PostmanRuntime/7.6.0"
::ffff:127.0.0.1 - - [15/Apr/2019:15:33:44 +0000] "POST /student/complain HTTP/1.1" 404 156 "-" "PostmanRuntime/7.6.0"
::ffff:127.0.0.1 - - [15/Apr/2019:17:14:59 +0000] "POST /student/complaint HTTP/1.1" 400 46 "-" "PostmanRuntime/7.6.0"
::ffff:127.0.0.1 - - [15/Apr/2019:17:34:44 +0000] "POST /student/complaint HTTP/1.1" 400 46 "-" "PostmanRuntime/7.6.0"
::ffff:127.0.0.1 - - [15/Apr/2019:17:35:09 +0000] "POST /student/complaint HTTP/1.1" 400 46 "-" "PostmanRuntime/7.6.0"
::ffff:127.0.0.1 - - [16/Apr/2019:07:01:17 +0000] "POST /login HTTP/1.1" 200 403 "-" "PostmanRuntime/7.6.0"
::ffff:127.0.0.1 - - [16/Apr/2019:07:02:16 +0000] "GET /student/complaints HTTP/1.1" 200 694 "-" "PostmanRuntime/7.6.0"
::ffff:127.0.0.1 - - [16/Apr/2019:07:02:44 +0000] "POST /student/complaint HTTP/1.1" 400 46 "-" "PostmanRuntime/7.6.0"
::ffff:127.0.0.1 - - [16/Apr/2019:07:02:57 +0000] "POST /student/complaint HTTP/1.1" 400 46 "-" "PostmanRuntime/7.6.0"
::ffff:127.0.0.1 - - [16/Apr/2019:07:05:10 +0000] "POST /student/complaint HTTP/1.1" 400 287 "-" "PostmanRuntime/7.6.0"
::ffff:127.0.0.1 - - [16/Apr/2019:07:15:19 +0000] "POST /student/complaint HTTP/1.1" 201 559 "-" "PostmanRuntime/7.6.0"
::ffff:127.0.0.1 - - [16/Apr/2019:07:25:12 +0000] "POST /student/complaint HTTP/1.1" 201 647 "-" "PostmanRuntime/7.6.0"
::ffff:127.0.0.1 - - [16/Apr/2019:07:30:12 +0000] "POST /student/complaint HTTP/1.1" 201 647 "-" "PostmanRuntime/7.6.0"
::ffff:127.0.0.1 - - [16/Apr/2019:07:31:06 +0000] "POST /student/complaint HTTP/1.1" 201 647 "-" "PostmanRuntime/7.6.0"
::ffff:127.0.0.1 - - [16/Apr/2019:07:35:39 +0000] "POST /student/complaint HTTP/1.1" 201 648 "-" "PostmanRuntime/7.6.0"
::ffff:127.0.0.1 - - [16/Apr/2019:07:46:16 +0000] "POST /login HTTP/1.1" 200 272 "-" "PostmanRuntime/7.6.0"
::ffff:127.0.0.1 - - [16/Apr/2019:07:56:33 +0000] "POST /admin/school HTTP/1.1" 400 62 "-" "PostmanRuntime/7.6.0"
::ffff:127.0.0.1 - - [16/Apr/2019:07:56:58 +0000] "POST /admin/school HTTP/1.1" 400 62 "-" "PostmanRuntime/7.6.0"
::ffff:127.0.0.1 - - [16/Apr/2019:07:57:38 +0000] "POST /admin/school HTTP/1.1" 201 560 "-" "PostmanRuntime/7.6.0"
::ffff:127.0.0.1 - - [16/Apr/2019:08:01:52 +0000] "POST /admin/school HTTP/1.1" 201 560 "-" "PostmanRuntime/7.6.0"
::ffff:127.0.0.1 - - [16/Apr/2019:08:02:55 +0000] "POST /admin/school HTTP/1.1" 201 560 "-" "PostmanRuntime/7.6.0"
::ffff:127.0.0.1 - - [16/Apr/2019:08:03:55 +0000] "POST /admin/school HTTP/1.1" 400 111 "-" "PostmanRuntime/7.6.0"
::ffff:127.0.0.1 - - [16/Apr/2019:08:04:42 +0000] "POST /admin/school HTTP/1.1" 201 560 "-" "PostmanRuntime/7.6.0"
::ffff:127.0.0.1 - - [16/Apr/2019:08:06:04 +0000] "POST /admin/school HTTP/1.1" 201 560 "-" "PostmanRuntime/7.6.0"
::ffff:127.0.0.1 - - [16/Apr/2019:08:08:09 +0000] "POST /admin/school HTTP/1.1" 201 592 "-" "PostmanRuntime/7.6.0"
::ffff:192.168.1.236 - - [16/Apr/2019:08:22:25 +0000] "POST /login HTTP/1.1" 400 77 "http://localhost:3000/login" "Mozilla/5.0 (Linux; Android 6.0; Nexus 5 Build/MRA58N) AppleWebKit/537.36 (KHTML, like Gecko) Chrome/73.0.3683.103 Mobile Safari/537.36"
::ffff:127.0.0.1 - - [16/Apr/2019:08:41:32 +0000] "POST /login HTTP/1.1" 200 403 "-" "PostmanRuntime/7.6.0"
::ffff:127.0.0.1 - - [16/Apr/2019:08:43:36 +0000] "POST /student/complaint HTTP/1.1" 201 595 "-" "PostmanRuntime/7.6.0"
::ffff:127.0.0.1 - - [16/Apr/2019:08:43:51 +0000] "GET /student/complaints HTTP/1.1" 200 837 "-" "PostmanRuntime/7.6.0"
::ffff:127.0.0.1 - - [16/Apr/2019:08:47:48 +0000] "POST /login HTTP/1.1" 200 386 "-" "PostmanRuntime/7.6.0"
::ffff:127.0.0.1 - - [16/Apr/2019:08:49:15 +0000] "PUT /doe/response HTTP/1.1" 200 732 "-" "PostmanRuntime/7.6.0"
::ffff:192.168.1.192 - - [16/Apr/2019:08:50:41 +0000] "POST /login HTTP/1.1" 200 403 "-" "PostmanRuntime/7.6.0"
::ffff:127.0.0.1 - - [16/Apr/2019:08:50:49 +0000] "PUT /doe/response HTTP/1.1" 200 703 "-" "PostmanRuntime/7.6.0"
::ffff:192.168.1.192 - - [16/Apr/2019:08:51:09 +0000] "GET /student HTTP/1.1" 200 651 "-" "PostmanRuntime/7.6.0"
::ffff:127.0.0.1 - - [16/Apr/2019:08:53:22 +0000] "PUT /doe/response HTTP/1.1" 200 703 "-" "PostmanRuntime/7.6.0"
::ffff:192.168.1.192 - - [16/Apr/2019:08:54:13 +0000] "GET /student/complaints HTTP/1.1" 200 864 "-" "PostmanRuntime/7.6.0"
::ffff:127.0.0.1 - - [16/Apr/2019:08:54:49 +0000] "PUT /doe/response HTTP/1.1" 200 714 "-" "PostmanRuntime/7.6.0"
::ffff:127.0.0.1 - - [16/Apr/2019:08:56:56 +0000] "PUT /doe/response HTTP/1.1" - - "-" "PostmanRuntime/7.6.0"
::ffff:127.0.0.1 - - [16/Apr/2019:08:57:00 +0000] "PUT /doe/response HTTP/1.1" - - "-" "PostmanRuntime/7.6.0"
::ffff:127.0.0.1 - - [16/Apr/2019:08:57:38 +0000] "PUT /doe/response HTTP/1.1" 200 709 "-" "PostmanRuntime/7.6.0"
::ffff:127.0.0.1 - - [16/Apr/2019:08:59:21 +0000] "PUT /doe/response HTTP/1.1" 200 716 "-" "PostmanRuntime/7.6.0"
::ffff:127.0.0.1 - - [16/Apr/2019:09:00:46 +0000] "POST /login HTTP/1.1" 200 366 "-" "PostmanRuntime/7.6.0"
::ffff:127.0.0.1 - - [16/Apr/2019:09:03:11 +0000] "POST /student/complaint HTTP/1.1" - - "-" "PostmanRuntime/7.6.0"
::ffff:127.0.0.1 - - [16/Apr/2019:09:08:08 +0000] "POST /student/complaint HTTP/1.1" 201 508 "-" "PostmanRuntime/7.6.0"
::ffff:127.0.0.1 - - [16/Apr/2019:09:09:03 +0000] "POST /student/complaint HTTP/1.1" 201 492 "-" "PostmanRuntime/7.6.0"
::ffff:127.0.0.1 - - [16/Apr/2019:09:20:42 +0000] "PUT /doe/response HTTP/1.1" 200 709 "-" "PostmanRuntime/7.6.0"
::ffff:127.0.0.1 - - [16/Apr/2019:12:45:06 +0000] "POST /login HTTP/1.1" 200 386 "-" "PostmanRuntime/7.6.0"
::ffff:127.0.0.1 - - [16/Apr/2019:12:45:49 +0000] "PUT /doe/response HTTP/1.1" 200 703 "-" "PostmanRuntime/7.6.0"
::ffff:127.0.0.1 - - [16/Apr/2019:12:48:55 +0000] "PUT /doe/response HTTP/1.1" 400 77 "-" "PostmanRuntime/7.6.0"
::ffff:127.0.0.1 - - [16/Apr/2019:12:49:21 +0000] "PUT /doe/response HTTP/1.1" 200 735 "-" "PostmanRuntime/7.6.0"
::ffff:127.0.0.1 - - [16/Apr/2019:12:51:56 +0000] "PUT /doe/response HTTP/1.1" 400 67 "-" "PostmanRuntime/7.6.0"
::ffff:127.0.0.1 - - [16/Apr/2019:12:52:30 +0000] "PUT /doe/response HTTP/1.1" 200 735 "-" "PostmanRuntime/7.6.0"
::ffff:127.0.0.1 - - [16/Apr/2019:18:35:57 +0000] "PUT /doe/response HTTP/1.1" 200 735 "-" "PostmanRuntime/7.6.0"
::ffff:127.0.0.1 - - [16/Apr/2019:18:36:08 +0000] "PUT /doe/response HTTP/1.1" 200 734 "-" "PostmanRuntime/7.6.0"
::ffff:127.0.0.1 - - [16/Apr/2019:18:37:36 +0000] "PUT /doe/response HTTP/1.1" 200 734 "-" "PostmanRuntime/7.6.0"
::ffff:127.0.0.1 - - [16/Apr/2019:18:42:09 +0000] "PUT /doe/response HTTP/1.1" 200 726 "-" "PostmanRuntime/7.6.0"
::ffff:127.0.0.1 - - [16/Apr/2019:18:44:05 +0000] "PUT /doe/response HTTP/1.1" 200 734 "-" "PostmanRuntime/7.6.0"
=======
>>>>>>> f147a724d53a81f0aeee2b88072e32b84ead75fb
<<<<<<< HEAD
>>>>>>> b968af0407926e78c6e6cd53e33c621c3fe895b1
::ffff:127.0.0.1 - - [17/Apr/2019:01:46:08 +0000] "PUT /doe/response HTTP/1.1" 200 734 "-" "PostmanRuntime/7.6.0"
::ffff:127.0.0.1 - - [17/Apr/2019:01:48:15 +0000] "PUT /doe/response HTTP/1.1" 200 734 "-" "PostmanRuntime/7.6.0"
::ffff:127.0.0.1 - - [17/Apr/2019:01:52:28 +0000] "PUT /doe/response HTTP/1.1" 200 734 "-" "PostmanRuntime/7.6.0"
::ffff:127.0.0.1 - - [17/Apr/2019:01:52:43 +0000] "PUT /doe/response HTTP/1.1" 200 736 "-" "PostmanRuntime/7.6.0"
::ffff:127.0.0.1 - - [17/Apr/2019:01:52:55 +0000] "PUT /doe/response HTTP/1.1" 200 735 "-" "PostmanRuntime/7.6.0"
::ffff:127.0.0.1 - - [17/Apr/2019:01:53:28 +0000] "PUT /doe/response HTTP/1.1" 200 735 "-" "PostmanRuntime/7.6.0"
::ffff:127.0.0.1 - - [17/Apr/2019:01:54:00 +0000] "PUT /doe/response HTTP/1.1" 200 735 "-" "PostmanRuntime/7.6.0"
::ffff:127.0.0.1 - - [17/Apr/2019:01:58:59 +0000] "PUT /doe/response HTTP/1.1" 200 735 "-" "PostmanRuntime/7.6.0"
::ffff:127.0.0.1 - - [17/Apr/2019:02:00:01 +0000] "PUT /doe/response HTTP/1.1" 200 735 "-" "PostmanRuntime/7.6.0"
::ffff:127.0.0.1 - - [17/Apr/2019:02:15:28 +0000] "PUT /doe/response HTTP/1.1" 200 735 "-" "PostmanRuntime/7.6.0"
::ffff:127.0.0.1 - - [17/Apr/2019:02:15:46 +0000] "PUT /doe/response HTTP/1.1" 200 735 "-" "PostmanRuntime/7.6.0"
::ffff:127.0.0.1 - - [17/Apr/2019:02:18:13 +0000] "POST /login HTTP/1.1" 200 388 "-" "PostmanRuntime/7.6.0"
::ffff:127.0.0.1 - - [17/Apr/2019:02:19:06 +0000] "POST /student/complaint HTTP/1.1" 201 561 "-" "PostmanRuntime/7.6.0"
::ffff:127.0.0.1 - - [17/Apr/2019:02:19:29 +0000] "PUT /doe/response HTTP/1.1" 200 564 "-" "PostmanRuntime/7.6.0"
::ffff:127.0.0.1 - - [17/Apr/2019:03:11:55 +0000] "PUT /doe/response HTTP/1.1" 200 564 "-" "PostmanRuntime/7.6.0"
::ffff:127.0.0.1 - - [17/Apr/2019:03:12:24 +0000] "POST /login HTTP/1.1" 200 359 "-" "PostmanRuntime/7.6.0"
::ffff:127.0.0.1 - - [17/Apr/2019:03:13:37 +0000] "PUT /school/response HTTP/1.1" 404 154 "-" "PostmanRuntime/7.6.0"
::ffff:127.0.0.1 - - [17/Apr/2019:03:18:31 +0000] "PUT /school/response HTTP/1.1" 404 154 "-" "PostmanRuntime/7.6.0"
::ffff:127.0.0.1 - - [17/Apr/2019:03:19:46 +0000] "PUT /school/response HTTP/1.1" 200 622 "-" "PostmanRuntime/7.6.0"
::ffff:127.0.0.1 - - [17/Apr/2019:03:21:10 +0000] "PUT /doe/response HTTP/1.1" 200 602 "-" "PostmanRuntime/7.6.0"
::ffff:127.0.0.1 - - [17/Apr/2019:03:22:59 +0000] "PUT /doe/response HTTP/1.1" 200 598 "-" "PostmanRuntime/7.6.0"
::ffff:127.0.0.1 - - [17/Apr/2019:03:24:13 +0000] "PUT /doe/response HTTP/1.1" 200 598 "-" "PostmanRuntime/7.6.0"
::ffff:127.0.0.1 - - [17/Apr/2019:05:56:35 +0000] "PUT /doe/response HTTP/1.1" 200 605 "-" "PostmanRuntime/7.6.0"
::ffff:127.0.0.1 - - [17/Apr/2019:05:57:37 +0000] "PUT /doe/response HTTP/1.1" 200 617 "-" "PostmanRuntime/7.6.0"
::ffff:127.0.0.1 - - [17/Apr/2019:06:02:11 +0000] "PUT /doe/response HTTP/1.1" 200 591 "-" "PostmanRuntime/7.6.0"
::ffff:127.0.0.1 - - [17/Apr/2019:06:02:39 +0000] "PUT /doe/response HTTP/1.1" 200 591 "-" "PostmanRuntime/7.6.0"
::ffff:127.0.0.1 - - [17/Apr/2019:06:03:07 +0000] "PUT /doe/response HTTP/1.1" 200 596 "-" "PostmanRuntime/7.6.0"
::ffff:127.0.0.1 - - [17/Apr/2019:06:17:08 +0000] "POST /login HTTP/1.1" 200 79 "-" "PostmanRuntime/7.6.0"
::ffff:127.0.0.1 - - [17/Apr/2019:06:17:57 +0000] "POST /login HTTP/1.1" 200 294 "-" "PostmanRuntime/7.6.0"
::ffff:127.0.0.1 - - [17/Apr/2019:06:22:24 +0000] "GET /admin/profile HTTP/1.1" 200 358 "-" "PostmanRuntime/7.6.0"
::ffff:127.0.0.1 - - [17/Apr/2019:06:22:59 +0000] "GET /admin/profile HTTP/1.1" 200 48 "-" "PostmanRuntime/7.6.0"
::ffff:127.0.0.1 - - [17/Apr/2019:06:24:02 +0000] "GET /admin/profile HTTP/1.1" 200 48 "-" "PostmanRuntime/7.6.0"
::ffff:127.0.0.1 - - [17/Apr/2019:06:26:02 +0000] "GET /admin/profile HTTP/1.1" 200 48 "-" "PostmanRuntime/7.6.0"
::ffff:127.0.0.1 - - [17/Apr/2019:06:26:29 +0000] "GET /admin/profile HTTP/1.1" 400 70 "-" "PostmanRuntime/7.6.0"
::ffff:127.0.0.1 - - [17/Apr/2019:06:27:00 +0000] "GET /admin/profile HTTP/1.1" 400 72 "-" "PostmanRuntime/7.6.0"
::ffff:127.0.0.1 - - [17/Apr/2019:06:28:08 +0000] "POST /login HTTP/1.1" 200 408 "-" "PostmanRuntime/7.6.0"
::ffff:127.0.0.1 - - [17/Apr/2019:06:28:20 +0000] "GET /doe/profile HTTP/1.1" 200 708 "-" "PostmanRuntime/7.6.0"
::ffff:127.0.0.1 - - [17/Apr/2019:06:29:27 +0000] "GET /admin/profile HTTP/1.1" 400 72 "-" "PostmanRuntime/7.6.0"
::ffff:127.0.0.1 - - [17/Apr/2019:06:29:30 +0000] "GET /admin/profile HTTP/1.1" 400 72 "-" "PostmanRuntime/7.6.0"
::ffff:127.0.0.1 - - [17/Apr/2019:06:29:33 +0000] "GET /admin/profile HTTP/1.1" 400 72 "-" "PostmanRuntime/7.6.0"
::ffff:127.0.0.1 - - [17/Apr/2019:06:30:38 +0000] "GET /admin/profile HTTP/1.1" 400 72 "-" "PostmanRuntime/7.6.0"
::ffff:127.0.0.1 - - [17/Apr/2019:06:32:53 +0000] "GET /admin/profile HTTP/1.1" 400 72 "-" "PostmanRuntime/7.6.0"
::ffff:127.0.0.1 - - [17/Apr/2019:06:33:54 +0000] "GET /admin/profile HTTP/1.1" 200 48 "-" "PostmanRuntime/7.6.0"
::ffff:127.0.0.1 - - [17/Apr/2019:06:36:42 +0000] "GET /admin/profile HTTP/1.1" 200 48 "-" "PostmanRuntime/7.6.0"
::ffff:127.0.0.1 - - [17/Apr/2019:06:37:18 +0000] "GET /admin/profile HTTP/1.1" 200 506 "-" "PostmanRuntime/7.6.0"
::ffff:127.0.0.1 - - [17/Apr/2019:06:38:47 +0000] "GET /admin/profile HTTP/1.1" 200 48 "-" "PostmanRuntime/7.6.0"
::ffff:127.0.0.1 - - [17/Apr/2019:06:38:51 +0000] "GET /admin/profile HTTP/1.1" 200 48 "-" "PostmanRuntime/7.6.0"
::ffff:127.0.0.1 - - [17/Apr/2019:06:41:47 +0000] "GET /admin/profile HTTP/1.1" 400 70 "-" "PostmanRuntime/7.6.0"
::ffff:127.0.0.1 - - [17/Apr/2019:06:42:05 +0000] "GET /admin/profile HTTP/1.1" 400 70 "-" "PostmanRuntime/7.6.0"
::ffff:127.0.0.1 - - [17/Apr/2019:06:42:33 +0000] "GET /admin/profile HTTP/1.1" 200 48 "-" "PostmanRuntime/7.6.0"
::ffff:127.0.0.1 - - [17/Apr/2019:06:43:20 +0000] "GET /admin/allAdmin HTTP/1.1" 200 360 "-" "PostmanRuntime/7.6.0"
::ffff:127.0.0.1 - - [17/Apr/2019:06:48:35 +0000] "GET /doe/profile HTTP/1.1" 200 708 "-" "PostmanRuntime/7.6.0"
::ffff:127.0.0.1 - - [17/Apr/2019:07:36:40 +0000] "PUT /doe/response HTTP/1.1" 200 602 "-" "PostmanRuntime/7.6.0"
::ffff:127.0.0.1 - - [17/Apr/2019:07:38:56 +0000] "PUT /doe/response HTTP/1.1" 200 602 "-" "PostmanRuntime/7.6.0"
::ffff:127.0.0.1 - - [17/Apr/2019:08:31:12 +0000] "POST /login HTTP/1.1" 200 359 "-" "PostmanRuntime/7.6.0"
::ffff:127.0.0.1 - - [17/Apr/2019:08:31:43 +0000] "GET /school/profileDoe HTTP/1.1" 200 2154 "-" "PostmanRuntime/7.6.0"
::ffff:127.0.0.1 - - [17/Apr/2019:08:32:36 +0000] "GET /school/profileDoe HTTP/1.1" 200 160 "-" "PostmanRuntime/7.6.0"
::ffff:127.0.0.1 - - [17/Apr/2019:08:32:59 +0000] "GET /school/profileDoe HTTP/1.1" 200 1567 "-" "PostmanRuntime/7.6.0"
::ffff:127.0.0.1 - - [17/Apr/2019:08:33:59 +0000] "GET /school/profileDoe HTTP/1.1" 200 1567 "-" "PostmanRuntime/7.6.0"
::ffff:127.0.0.1 - - [17/Apr/2019:08:34:59 +0000] "GET /school/profileDoe HTTP/1.1" 200 1567 "-" "PostmanRuntime/7.6.0"
::ffff:127.0.0.1 - - [17/Apr/2019:08:35:40 +0000] "GET /school/profileDoe HTTP/1.1" 200 1554 "-" "PostmanRuntime/7.6.0"
::ffff:127.0.0.1 - - [17/Apr/2019:08:36:09 +0000] "GET /school/profileDoe HTTP/1.1" 200 1516 "-" "PostmanRuntime/7.6.0"
::ffff:127.0.0.1 - - [17/Apr/2019:08:36:32 +0000] "GET /school/profileDoe HTTP/1.1" 200 529 "-" "PostmanRuntime/7.6.0"
::ffff:192.168.100.76 - - [17/Apr/2019:09:12:34 +0000] "GET /admin/doe HTTP/1.1" 200 2772 "http://localhost:3000/doEData" "Mozilla/5.0 (X11; Linux x86_64) AppleWebKit/537.36 (KHTML, like Gecko) Chrome/73.0.3683.103 Safari/537.36"
::ffff:192.168.100.76 - - [17/Apr/2019:09:13:29 +0000] "GET /admin/doe HTTP/1.1" 304 - "http://localhost:3000/doEData" "Mozilla/5.0 (X11; Linux x86_64) AppleWebKit/537.36 (KHTML, like Gecko) Chrome/73.0.3683.103 Safari/537.36"
::ffff:192.168.100.44 - - [17/Apr/2019:09:16:20 +0000] "POST /login HTTP/1.1" 200 294 "http://localhost:3000/login" "Mozilla/5.0 (X11; Ubuntu; Linux x86_64; rv:66.0) Gecko/20100101 Firefox/66.0"
::ffff:192.168.100.44 - - [17/Apr/2019:09:16:45 +0000] "POST /login HTTP/1.1" 200 294 "http://localhost:3000/login" "Mozilla/5.0 (X11; Ubuntu; Linux x86_64; rv:66.0) Gecko/20100101 Firefox/66.0"
::ffff:192.168.100.44 - - [17/Apr/2019:09:17:25 +0000] "POST /login HTTP/1.1" 200 294 "http://localhost:3000/login" "Mozilla/5.0 (X11; Ubuntu; Linux x86_64; rv:66.0) Gecko/20100101 Firefox/66.0"
::ffff:127.0.0.1 - - [17/Apr/2019:09:17:38 +0000] "POST /login HTTP/1.1" 200 294 "-" "PostmanRuntime/7.6.0"
::ffff:192.168.100.76 - - [17/Apr/2019:09:18:27 +0000] "POST /login HTTP/1.1" 200 294 "http://localhost:3000/login" "Mozilla/5.0 (X11; Linux x86_64) AppleWebKit/537.36 (KHTML, like Gecko) Chrome/73.0.3683.103 Safari/537.36"
::ffff:192.168.100.44 - - [17/Apr/2019:09:21:24 +0000] "POST /login HTTP/1.1" 200 294 "http://localhost:3000/login" "Mozilla/5.0 (X11; Ubuntu; Linux x86_64; rv:66.0) Gecko/20100101 Firefox/66.0"
::ffff:192.168.100.76 - - [17/Apr/2019:09:26:09 +0000] "POST /login HTTP/1.1" 200 294 "http://localhost:3000/login" "Mozilla/5.0 (X11; Linux x86_64) AppleWebKit/537.36 (KHTML, like Gecko) Chrome/73.0.3683.103 Safari/537.36"
::ffff:192.168.100.76 - - [17/Apr/2019:09:28:14 +0000] "GET /admin/doe HTTP/1.1" 304 - "http://localhost:3000/doEData" "Mozilla/5.0 (X11; Linux x86_64) AppleWebKit/537.36 (KHTML, like Gecko) Chrome/73.0.3683.103 Safari/537.36"
::ffff:192.168.100.76 - - [17/Apr/2019:09:29:35 +0000] "GET /admin/doe HTTP/1.1" 304 - "http://localhost:3000/doEData" "Mozilla/5.0 (X11; Linux x86_64) AppleWebKit/537.36 (KHTML, like Gecko) Chrome/73.0.3683.103 Safari/537.36"
::ffff:192.168.100.76 - - [17/Apr/2019:09:31:04 +0000] "POST /login/ HTTP/1.1" 200 294 "-" "PostmanRuntime/7.6.0"
::ffff:192.168.100.76 - - [17/Apr/2019:09:31:34 +0000] "GET /admin/doe/ HTTP/1.1" 200 2772 "-" "PostmanRuntime/7.6.0"
::ffff:192.168.100.76 - - [17/Apr/2019:09:32:01 +0000] "GET /admin/doe HTTP/1.1" 304 - "http://localhost:3000/doEData" "Mozilla/5.0 (X11; Linux x86_64) AppleWebKit/537.36 (KHTML, like Gecko) Chrome/73.0.3683.103 Safari/537.36"
::ffff:192.168.100.76 - - [17/Apr/2019:09:35:54 +0000] "GET /admin/doe/ HTTP/1.1" 200 2772 "http://localhost:3000/doEData" "Mozilla/5.0 (X11; Linux x86_64) AppleWebKit/537.36 (KHTML, like Gecko) Chrome/73.0.3683.103 Safari/537.36"
::ffff:192.168.100.76 - - [17/Apr/2019:09:35:56 +0000] "GET /admin/doe/ HTTP/1.1" 304 - "http://localhost:3000/doEData" "Mozilla/5.0 (X11; Linux x86_64) AppleWebKit/537.36 (KHTML, like Gecko) Chrome/73.0.3683.103 Safari/537.36"
::ffff:192.168.100.76 - - [17/Apr/2019:09:38:30 +0000] "GET /admin/doe/ HTTP/1.1" 304 - "http://localhost:3000/doEData" "Mozilla/5.0 (Linux; Android 6.0; Nexus 5 Build/MRA58N) AppleWebKit/537.36 (KHTML, like Gecko) Chrome/73.0.3683.103 Mobile Safari/537.36"
::ffff:192.168.100.76 - - [17/Apr/2019:09:39:31 +0000] "GET /admin/doe/ HTTP/1.1" 304 - "http://localhost:3000/doEData" "Mozilla/5.0 (Linux; Android 6.0; Nexus 5 Build/MRA58N) AppleWebKit/537.36 (KHTML, like Gecko) Chrome/73.0.3683.103 Mobile Safari/537.36"
::ffff:192.168.100.76 - - [17/Apr/2019:09:43:45 +0000] "POST /login HTTP/1.1" 401 63 "http://localhost:3000/login" "Mozilla/5.0 (X11; Linux x86_64) AppleWebKit/537.36 (KHTML, like Gecko) Chrome/73.0.3683.103 Safari/537.36"
::ffff:192.168.100.76 - - [17/Apr/2019:09:43:56 +0000] "POST /login HTTP/1.1" 200 294 "http://localhost:3000/login" "Mozilla/5.0 (X11; Linux x86_64) AppleWebKit/537.36 (KHTML, like Gecko) Chrome/73.0.3683.103 Safari/537.36"
::ffff:192.168.100.76 - - [17/Apr/2019:09:43:58 +0000] "GET /admin/doe/ HTTP/1.1" 200 2772 "http://localhost:3000/doEData" "Mozilla/5.0 (X11; Linux x86_64) AppleWebKit/537.36 (KHTML, like Gecko) Chrome/73.0.3683.103 Safari/537.36"
::ffff:192.168.100.76 - - [17/Apr/2019:09:44:43 +0000] "GET /admin/doe/ HTTP/1.1" 304 - "http://localhost:3000/doEData" "Mozilla/5.0 (X11; Linux x86_64) AppleWebKit/537.36 (KHTML, like Gecko) Chrome/73.0.3683.103 Safari/537.36"
::ffff:192.168.100.76 - - [17/Apr/2019:09:44:43 +0000] "GET /admin/doe/ HTTP/1.1" 304 - "http://localhost:3000/doEData" "Mozilla/5.0 (Linux; Android 6.0; Nexus 5 Build/MRA58N) AppleWebKit/537.36 (KHTML, like Gecko) Chrome/73.0.3683.103 Mobile Safari/537.36"
::ffff:192.168.100.76 - - [17/Apr/2019:09:45:12 +0000] "GET /admin/doe/ HTTP/1.1" 304 - "http://localhost:3000/doEData" "Mozilla/5.0 (X11; Linux x86_64) AppleWebKit/537.36 (KHTML, like Gecko) Chrome/73.0.3683.103 Safari/537.36"
::ffff:192.168.100.76 - - [17/Apr/2019:09:45:12 +0000] "GET /admin/doe/ HTTP/1.1" 304 - "http://localhost:3000/doEData" "Mozilla/5.0 (Linux; Android 6.0; Nexus 5 Build/MRA58N) AppleWebKit/537.36 (KHTML, like Gecko) Chrome/73.0.3683.103 Mobile Safari/537.36"
::ffff:192.168.100.76 - - [17/Apr/2019:09:46:09 +0000] "GET /admin/doe/ HTTP/1.1" 304 - "http://localhost:3000/doEData" "Mozilla/5.0 (X11; Linux x86_64) AppleWebKit/537.36 (KHTML, like Gecko) Chrome/73.0.3683.103 Safari/537.36"
::ffff:192.168.100.76 - - [17/Apr/2019:09:46:09 +0000] "GET /admin/doe/ HTTP/1.1" 304 - "http://localhost:3000/doEData" "Mozilla/5.0 (X11; Linux x86_64) AppleWebKit/537.36 (KHTML, like Gecko) Chrome/73.0.3683.103 Safari/537.36"
::ffff:192.168.100.76 - - [17/Apr/2019:09:46:27 +0000] "GET /admin/doe/ HTTP/1.1" 304 - "http://localhost:3000/doEData" "Mozilla/5.0 (X11; Linux x86_64) AppleWebKit/537.36 (KHTML, like Gecko) Chrome/73.0.3683.103 Safari/537.36"
::ffff:192.168.100.76 - - [17/Apr/2019:09:46:27 +0000] "GET /admin/doe/ HTTP/1.1" 304 - "http://localhost:3000/doEData" "Mozilla/5.0 (X11; Linux x86_64) AppleWebKit/537.36 (KHTML, like Gecko) Chrome/73.0.3683.103 Safari/537.36"
::ffff:192.168.100.76 - - [17/Apr/2019:09:46:31 +0000] "GET /admin/doe/ HTTP/1.1" 304 - "http://localhost:3000/doEData" "Mozilla/5.0 (X11; Linux x86_64) AppleWebKit/537.36 (KHTML, like Gecko) Chrome/73.0.3683.103 Safari/537.36"
::ffff:192.168.100.76 - - [17/Apr/2019:09:46:31 +0000] "GET /admin/doe/ HTTP/1.1" 304 - "http://localhost:3000/doEData" "Mozilla/5.0 (X11; Linux x86_64) AppleWebKit/537.36 (KHTML, like Gecko) Chrome/73.0.3683.103 Safari/537.36"
::ffff:192.168.100.76 - - [17/Apr/2019:09:46:32 +0000] "GET /admin/doe/ HTTP/1.1" 304 - "http://localhost:3000/doEData" "Mozilla/5.0 (X11; Linux x86_64) AppleWebKit/537.36 (KHTML, like Gecko) Chrome/73.0.3683.103 Safari/537.36"
::ffff:192.168.100.76 - - [17/Apr/2019:09:46:32 +0000] "GET /admin/doe/ HTTP/1.1" 304 - "http://localhost:3000/doEData" "Mozilla/5.0 (X11; Linux x86_64) AppleWebKit/537.36 (KHTML, like Gecko) Chrome/73.0.3683.103 Safari/537.36"
::ffff:192.168.100.76 - - [17/Apr/2019:09:46:35 +0000] "GET /admin/doe/ HTTP/1.1" 304 - "http://localhost:3000/doEData" "Mozilla/5.0 (X11; Linux x86_64) AppleWebKit/537.36 (KHTML, like Gecko) Chrome/73.0.3683.103 Safari/537.36"
::ffff:192.168.100.76 - - [17/Apr/2019:09:46:35 +0000] "GET /admin/doe/ HTTP/1.1" 304 - "http://localhost:3000/doEData" "Mozilla/5.0 (X11; Linux x86_64) AppleWebKit/537.36 (KHTML, like Gecko) Chrome/73.0.3683.103 Safari/537.36"
::ffff:192.168.100.76 - - [17/Apr/2019:09:46:52 +0000] "GET /admin/doe/ HTTP/1.1" 304 - "http://localhost:3000/doEData" "Mozilla/5.0 (X11; Linux x86_64) AppleWebKit/537.36 (KHTML, like Gecko) Chrome/73.0.3683.103 Safari/537.36"
::ffff:192.168.100.76 - - [17/Apr/2019:09:46:52 +0000] "GET /admin/doe/ HTTP/1.1" 304 - "http://localhost:3000/doEData" "Mozilla/5.0 (X11; Linux x86_64) AppleWebKit/537.36 (KHTML, like Gecko) Chrome/73.0.3683.103 Safari/537.36"
::ffff:192.168.100.76 - - [17/Apr/2019:09:46:56 +0000] "GET /admin/doe/ HTTP/1.1" 304 - "http://localhost:3000/doEData" "Mozilla/5.0 (X11; Linux x86_64) AppleWebKit/537.36 (KHTML, like Gecko) Chrome/73.0.3683.103 Safari/537.36"
::ffff:127.0.0.1 - - [17/Apr/2019:09:50:04 +0000] "POST /login HTTP/1.1" 200 408 "-" "PostmanRuntime/7.6.0"
::ffff:127.0.0.1 - - [17/Apr/2019:09:50:25 +0000] "GET /doe/profile HTTP/1.1" 200 708 "-" "PostmanRuntime/7.6.0"
::ffff:192.168.100.76 - - [17/Apr/2019:09:50:32 +0000] "GET /admin/doe/ HTTP/1.1" 304 - "http://localhost:3000/doEData" "Mozilla/5.0 (X11; Linux x86_64) AppleWebKit/537.36 (KHTML, like Gecko) Chrome/73.0.3683.103 Safari/537.36"
::ffff:192.168.100.76 - - [17/Apr/2019:09:50:33 +0000] "GET /admin/doe/ HTTP/1.1" 304 - "http://localhost:3000/doEData" "Mozilla/5.0 (X11; Linux x86_64) AppleWebKit/537.36 (KHTML, like Gecko) Chrome/73.0.3683.103 Safari/537.36"
::ffff:127.0.0.1 - - [17/Apr/2019:09:50:55 +0000] "GET /doe/profile HTTP/1.1" 200 450 "-" "PostmanRuntime/7.6.0"
::ffff:127.0.0.1 - - [17/Apr/2019:09:51:21 +0000] "GET /doe/profile HTTP/1.1" 200 412 "-" "PostmanRuntime/7.6.0"
::ffff:127.0.0.1 - - [17/Apr/2019:09:52:31 +0000] "POST /login HTTP/1.1" 200 294 "-" "PostmanRuntime/7.6.0"
::ffff:127.0.0.1 - - [17/Apr/2019:09:53:05 +0000] "GET /admin/profile HTTP/1.1" 200 65 "-" "PostmanRuntime/7.6.0"
::ffff:127.0.0.1 - - [17/Apr/2019:09:53:46 +0000] "GET /admin/profile HTTP/1.1" 200 65 "-" "PostmanRuntime/7.6.0"
::ffff:127.0.0.1 - - [17/Apr/2019:09:54:38 +0000] "GET /admin/profile HTTP/1.1" 200 48 "-" "PostmanRuntime/7.6.0"
::ffff:192.168.100.76 - - [17/Apr/2019:09:56:44 +0000] "GET /admin/doe/ HTTP/1.1" 304 - "http://localhost:3000/doEData" "Mozilla/5.0 (X11; Linux x86_64) AppleWebKit/537.36 (KHTML, like Gecko) Chrome/73.0.3683.103 Safari/537.36"
::ffff:192.168.100.76 - - [17/Apr/2019:09:58:04 +0000] "GET /admin/doe/ HTTP/1.1" 304 - "http://localhost:3000/doEData" "Mozilla/5.0 (X11; Linux x86_64) AppleWebKit/537.36 (KHTML, like Gecko) Chrome/73.0.3683.103 Safari/537.36"
::ffff:192.168.100.76 - - [17/Apr/2019:09:58:09 +0000] "GET /admin/doe/ HTTP/1.1" 304 - "http://localhost:3000/doEData" "Mozilla/5.0 (X11; Linux x86_64) AppleWebKit/537.36 (KHTML, like Gecko) Chrome/73.0.3683.103 Safari/537.36"
::ffff:192.168.100.44 - - [17/Apr/2019:09:59:07 +0000] "GET /admin/allAdmin/ HTTP/1.1" 200 360 "-" "Mozilla/5.0 (X11; Ubuntu; Linux x86_64; rv:66.0) Gecko/20100101 Firefox/66.0"
::ffff:192.168.100.76 - - [17/Apr/2019:09:59:35 +0000] "GET /admin/doe/ HTTP/1.1" 304 - "http://localhost:3000/doEData" "Mozilla/5.0 (X11; Linux x86_64) AppleWebKit/537.36 (KHTML, like Gecko) Chrome/73.0.3683.103 Safari/537.36"
::ffff:127.0.0.1 - - [17/Apr/2019:10:00:44 +0000] "GET /school/profileSchool HTTP/1.1" 200 657 "-" "PostmanRuntime/7.6.0"
::ffff:127.0.0.1 - - [17/Apr/2019:10:02:09 +0000] "GET /school/profileSchool HTTP/1.1" 200 655 "-" "PostmanRuntime/7.6.0"
::ffff:192.168.100.76 - - [17/Apr/2019:10:02:59 +0000] "GET /admin/doe/ HTTP/1.1" 304 - "http://localhost:3000/doEData" "Mozilla/5.0 (X11; Linux x86_64) AppleWebKit/537.36 (KHTML, like Gecko) Chrome/73.0.3683.103 Safari/537.36"
::ffff:192.168.100.76 - - [17/Apr/2019:10:03:18 +0000] "GET /admin/doe/ HTTP/1.1" 304 - "http://localhost:3000/doEData" "Mozilla/5.0 (X11; Linux x86_64) AppleWebKit/537.36 (KHTML, like Gecko) Chrome/73.0.3683.103 Safari/537.36"
::ffff:192.168.100.76 - - [17/Apr/2019:10:04:36 +0000] "GET /admin/doe/ HTTP/1.1" 304 - "http://localhost:3000/doEData" "Mozilla/5.0 (X11; Linux x86_64) AppleWebKit/537.36 (KHTML, like Gecko) Chrome/73.0.3683.103 Safari/537.36"
::ffff:192.168.100.76 - - [17/Apr/2019:10:04:45 +0000] "GET /admin/doe/ HTTP/1.1" 304 - "http://localhost:3000/doEData" "Mozilla/5.0 (X11; Linux x86_64) AppleWebKit/537.36 (KHTML, like Gecko) Chrome/73.0.3683.103 Safari/537.36"
::ffff:192.168.100.76 - - [17/Apr/2019:10:05:02 +0000] "GET /admin/doe/ HTTP/1.1" 304 - "http://localhost:3000/doEData" "Mozilla/5.0 (X11; Linux x86_64) AppleWebKit/537.36 (KHTML, like Gecko) Chrome/73.0.3683.103 Safari/537.36"
::ffff:192.168.100.76 - - [17/Apr/2019:10:05:18 +0000] "GET /admin/doe/ HTTP/1.1" 304 - "http://localhost:3000/doEData" "Mozilla/5.0 (X11; Linux x86_64) AppleWebKit/537.36 (KHTML, like Gecko) Chrome/73.0.3683.103 Safari/537.36"
::ffff:192.168.100.76 - - [17/Apr/2019:10:06:58 +0000] "GET /admin/doe/ HTTP/1.1" 304 - "http://localhost:3000/doEData" "Mozilla/5.0 (X11; Linux x86_64) AppleWebKit/537.36 (KHTML, like Gecko) Chrome/73.0.3683.103 Safari/537.36"
::ffff:192.168.100.76 - - [17/Apr/2019:10:08:55 +0000] "POST /admin/doe/ HTTP/1.1" 400 62 "http://localhost:3000/doEData" "Mozilla/5.0 (X11; Linux x86_64) AppleWebKit/537.36 (KHTML, like Gecko) Chrome/73.0.3683.103 Safari/537.36"
::ffff:192.168.100.76 - - [17/Apr/2019:10:08:58 +0000] "GET /admin/doe/ HTTP/1.1" 304 - "http://localhost:3000/doEData" "Mozilla/5.0 (X11; Linux x86_64) AppleWebKit/537.36 (KHTML, like Gecko) Chrome/73.0.3683.103 Safari/537.36"
::ffff:192.168.100.76 - - [17/Apr/2019:10:09:17 +0000] "POST /admin/doe/ HTTP/1.1" 400 62 "http://localhost:3000/doEData" "Mozilla/5.0 (Linux; Android 6.0; Nexus 5 Build/MRA58N) AppleWebKit/537.36 (KHTML, like Gecko) Chrome/73.0.3683.103 Mobile Safari/537.36"
::ffff:192.168.100.44 - - [17/Apr/2019:10:09:46 +0000] "GET /admin/allAdmin/ HTTP/1.1" 200 360 "http://localhost:3000/adminData" "Mozilla/5.0 (X11; Ubuntu; Linux x86_64; rv:66.0) Gecko/20100101 Firefox/66.0"
::ffff:192.168.100.44 - - [17/Apr/2019:10:10:09 +0000] "GET /admin/allAdmin/ HTTP/1.1" 304 - "http://localhost:3000/adminData" "Mozilla/5.0 (X11; Ubuntu; Linux x86_64; rv:66.0) Gecko/20100101 Firefox/66.0"
::ffff:127.0.0.1 - - [17/Apr/2019:10:10:52 +0000] "POST /login HTTP/1.1" 200 294 "-" "PostmanRuntime/7.6.0"
::ffff:127.0.0.1 - - [17/Apr/2019:10:11:43 +0000] "POST /login HTTP/1.1" 200 294 "-" "PostmanRuntime/7.6.0"
::ffff:192.168.100.76 - - [17/Apr/2019:10:12:47 +0000] "GET /admin/doe/ HTTP/1.1" 304 - "http://localhost:3000/doEData" "Mozilla/5.0 (Linux; Android 6.0; Nexus 5 Build/MRA58N) AppleWebKit/537.36 (KHTML, like Gecko) Chrome/73.0.3683.103 Mobile Safari/537.36"
::ffff:192.168.100.76 - - [17/Apr/2019:10:12:58 +0000] "POST /admin/doe/ HTTP/1.1" 400 62 "http://localhost:3000/doEData" "Mozilla/5.0 (Linux; Android 6.0; Nexus 5 Build/MRA58N) AppleWebKit/537.36 (KHTML, like Gecko) Chrome/73.0.3683.103 Mobile Safari/537.36"
::ffff:192.168.100.76 - - [17/Apr/2019:10:13:19 +0000] "GET /admin/doe/ HTTP/1.1" 304 - "http://localhost:3000/doEData" "Mozilla/5.0 (Linux; Android 6.0; Nexus 5 Build/MRA58N) AppleWebKit/537.36 (KHTML, like Gecko) Chrome/73.0.3683.103 Mobile Safari/537.36"
::ffff:192.168.100.76 - - [17/Apr/2019:10:14:09 +0000] "GET /admin/doe/ HTTP/1.1" 304 - "http://localhost:3000/doEData" "Mozilla/5.0 (Linux; Android 6.0; Nexus 5 Build/MRA58N) AppleWebKit/537.36 (KHTML, like Gecko) Chrome/73.0.3683.103 Mobile Safari/537.36"
::ffff:192.168.100.76 - - [17/Apr/2019:10:14:17 +0000] "GET /admin/doe/ HTTP/1.1" 304 - "http://localhost:3000/doEData" "Mozilla/5.0 (X11; Linux x86_64) AppleWebKit/537.36 (KHTML, like Gecko) Chrome/73.0.3683.103 Safari/537.36"
::ffff:127.0.0.1 - - [17/Apr/2019:10:15:04 +0000] "POST /login HTTP/1.1" 400 60 "-" "PostmanRuntime/7.6.0"
::ffff:192.168.100.76 - - [17/Apr/2019:10:16:28 +0000] "GET /admin/doe/ HTTP/1.1" 304 - "http://localhost:3000/doEData" "Mozilla/5.0 (X11; Linux x86_64) AppleWebKit/537.36 (KHTML, like Gecko) Chrome/73.0.3683.103 Safari/537.36"
::ffff:127.0.0.1 - - [17/Apr/2019:10:17:44 +0000] "POST /login HTTP/1.1" 200 294 "-" "PostmanRuntime/7.6.0"
::ffff:127.0.0.1 - - [17/Apr/2019:10:18:56 +0000] "POST /login HTTP/1.1" 400 70 "-" "PostmanRuntime/7.6.0"
::ffff:192.168.100.76 - - [17/Apr/2019:10:20:18 +0000] "GET /admin/doe/ HTTP/1.1" 304 - "http://localhost:3000/doEData" "Mozilla/5.0 (X11; Linux x86_64) AppleWebKit/537.36 (KHTML, like Gecko) Chrome/73.0.3683.103 Safari/537.36"
::ffff:192.168.100.76 - - [17/Apr/2019:10:20:25 +0000] "GET /admin/doe/ HTTP/1.1" 304 - "http://localhost:3000/doEData" "Mozilla/5.0 (X11; Linux x86_64) AppleWebKit/537.36 (KHTML, like Gecko) Chrome/73.0.3683.103 Safari/537.36"
::ffff:192.168.100.44 - - [17/Apr/2019:10:21:18 +0000] "GET /admin/allAdmin/ HTTP/1.1" 304 - "http://localhost:3000/adminData" "Mozilla/5.0 (X11; Ubuntu; Linux x86_64; rv:66.0) Gecko/20100101 Firefox/66.0"
::ffff:192.168.100.76 - - [17/Apr/2019:10:21:21 +0000] "POST /admin/doe/ HTTP/1.1" 400 62 "http://localhost:3000/doEData" "Mozilla/5.0 (X11; Linux x86_64) AppleWebKit/537.36 (KHTML, like Gecko) Chrome/73.0.3683.103 Safari/537.36"
::ffff:192.168.100.76 - - [17/Apr/2019:10:21:42 +0000] "POST /admin/doe/ HTTP/1.1" 400 62 "http://localhost:3000/doEData" "Mozilla/5.0 (Linux; Android 6.0; Nexus 5 Build/MRA58N) AppleWebKit/537.36 (KHTML, like Gecko) Chrome/73.0.3683.103 Mobile Safari/537.36"
::ffff:192.168.100.44 - - [17/Apr/2019:10:22:20 +0000] "GET /admin/allAdmin/ HTTP/1.1" 304 - "http://localhost:3000/adminData" "Mozilla/5.0 (X11; Ubuntu; Linux x86_64; rv:66.0) Gecko/20100101 Firefox/66.0"
::ffff:127.0.0.1 - - [17/Apr/2019:10:22:27 +0000] "POST /login HTTP/1.1" 200 294 "-" "PostmanRuntime/7.6.0"
::ffff:127.0.0.1 - - [17/Apr/2019:10:23:06 +0000] "POST /login HTTP/1.1" 200 294 "-" "PostmanRuntime/7.6.0"
::ffff:127.0.0.1 - - [17/Apr/2019:10:25:00 +0000] "GET /admin/profile HTTP/1.1" 200 48 "-" "PostmanRuntime/7.6.0"
::ffff:192.168.100.76 - - [17/Apr/2019:10:25:07 +0000] "GET /admin/doe/ HTTP/1.1" 304 - "http://localhost:3000/doEData" "Mozilla/5.0 (X11; Linux x86_64) AppleWebKit/537.36 (KHTML, like Gecko) Chrome/73.0.3683.103 Safari/537.36"
::ffff:192.168.100.76 - - [17/Apr/2019:10:25:25 +0000] "DELETE /admin/doe/5cb47e4dd2b21411193a4073 HTTP/1.1" 404 176 "http://localhost:3000/doEData" "Mozilla/5.0 (X11; Linux x86_64) AppleWebKit/537.36 (KHTML, like Gecko) Chrome/73.0.3683.103 Safari/537.36"
::ffff:192.168.100.76 - - [17/Apr/2019:10:25:39 +0000] "DELETE /admin/doe/5cb47e4dd2b21411193a4073 HTTP/1.1" 404 176 "http://localhost:3000/doEData" "Mozilla/5.0 (Linux; Android 6.0; Nexus 5 Build/MRA58N) AppleWebKit/537.36 (KHTML, like Gecko) Chrome/73.0.3683.103 Mobile Safari/537.36"
::ffff:192.168.100.76 - - [17/Apr/2019:10:25:40 +0000] "GET /admin/doe/5cb47e4dd2b21411193a4073 HTTP/1.1" 404 173 "-" "Mozilla/5.0 (X11; Linux x86_64) AppleWebKit/537.36 (KHTML, like Gecko) Chrome/73.0.3683.103 Safari/537.36"
::ffff:192.168.100.76 - - [17/Apr/2019:10:25:40 +0000] "GET /favicon.ico HTTP/1.1" 404 150 "http://192.168.100.61:8080/admin/doe/5cb47e4dd2b21411193a4073" "Mozilla/5.0 (X11; Linux x86_64) AppleWebKit/537.36 (KHTML, like Gecko) Chrome/73.0.3683.103 Safari/537.36"
::ffff:192.168.100.76 - - [17/Apr/2019:10:25:47 +0000] "DELETE /admin/doe/5cb47e4dd2b21411193a4073 HTTP/1.1" 404 176 "http://localhost:3000/doEData" "Mozilla/5.0 (Linux; Android 6.0; Nexus 5 Build/MRA58N) AppleWebKit/537.36 (KHTML, like Gecko) Chrome/73.0.3683.103 Mobile Safari/537.36"
::ffff:192.168.100.44 - - [17/Apr/2019:10:25:57 +0000] "GET /admin/allAdmin/ HTTP/1.1" 304 - "http://localhost:3000/adminData" "Mozilla/5.0 (X11; Ubuntu; Linux x86_64; rv:66.0) Gecko/20100101 Firefox/66.0"
::ffff:192.168.100.76 - - [17/Apr/2019:10:26:10 +0000] "DELETE /admin/doe/5cb1b4107783463fc67be110 HTTP/1.1" 404 176 "http://localhost:3000/doEData" "Mozilla/5.0 (Linux; Android 6.0; Nexus 5 Build/MRA58N) AppleWebKit/537.36 (KHTML, like Gecko) Chrome/73.0.3683.103 Mobile Safari/537.36"
::ffff:192.168.100.76 - - [17/Apr/2019:10:26:15 +0000] "DELETE /admin/doe/5cb47e4dd2b21411193a4073 HTTP/1.1" 404 176 "http://localhost:3000/doEData" "Mozilla/5.0 (Linux; Android 6.0; Nexus 5 Build/MRA58N) AppleWebKit/537.36 (KHTML, like Gecko) Chrome/73.0.3683.103 Mobile Safari/537.36"
::ffff:192.168.100.44 - - [17/Apr/2019:10:27:10 +0000] "GET /admin/allAdmin/ HTTP/1.1" 304 - "http://localhost:3000/adminData" "Mozilla/5.0 (X11; Ubuntu; Linux x86_64; rv:66.0) Gecko/20100101 Firefox/66.0"
::ffff:127.0.0.1 - - [17/Apr/2019:10:27:24 +0000] "GET /admin/profile HTTP/1.1" 200 48 "-" "PostmanRuntime/7.6.0"
::ffff:192.168.100.76 - - [17/Apr/2019:10:28:08 +0000] "DELETE /admin/doe/5cb47e4dd2b21411193a4073/ HTTP/1.1" 404 177 "-" "PostmanRuntime/7.6.0"
::ffff:192.168.100.44 - - [17/Apr/2019:10:28:31 +0000] "GET /admin/allAdmin/ HTTP/1.1" 304 - "http://localhost:3000/adminData" "Mozilla/5.0 (X11; Ubuntu; Linux x86_64; rv:66.0) Gecko/20100101 Firefox/66.0"
::ffff:192.168.100.76 - - [17/Apr/2019:10:28:45 +0000] "DELETE /admin/doe/5cb47e4dd2b21411193a4073 HTTP/1.1" 404 176 "-" "PostmanRuntime/7.6.0"
::ffff:192.168.100.44 - - [17/Apr/2019:10:29:39 +0000] "GET /admin/allAdmin/ HTTP/1.1" 304 - "http://localhost:3000/adminData" "Mozilla/5.0 (X11; Ubuntu; Linux x86_64; rv:66.0) Gecko/20100101 Firefox/66.0"
::ffff:192.168.100.44 - - [17/Apr/2019:10:33:06 +0000] "GET /admin/allAdmin/ HTTP/1.1" 304 - "http://localhost:3000/adminData" "Mozilla/5.0 (X11; Ubuntu; Linux x86_64; rv:66.0) Gecko/20100101 Firefox/66.0"
::ffff:192.168.100.44 - - [17/Apr/2019:10:33:12 +0000] "POST /admin/allAdmin/ HTTP/1.1" 404 155 "http://localhost:3000/adminData" "Mozilla/5.0 (X11; Ubuntu; Linux x86_64; rv:66.0) Gecko/20100101 Firefox/66.0"
::ffff:192.168.100.44 - - [17/Apr/2019:10:33:27 +0000] "GET /admin/allAdmin/ HTTP/1.1" 200 360 "http://localhost:3000/adminData" "Mozilla/5.0 (X11; Ubuntu; Linux x86_64; rv:66.0) Gecko/20100101 Firefox/66.0"
::ffff:192.168.100.44 - - [17/Apr/2019:10:33:34 +0000] "GET /admin/allAdmin/ HTTP/1.1" 304 - "http://localhost:3000/adminData" "Mozilla/5.0 (X11; Ubuntu; Linux x86_64; rv:66.0) Gecko/20100101 Firefox/66.0"
::ffff:192.168.100.44 - - [17/Apr/2019:10:33:54 +0000] "POST /admin/allAdmin/ HTTP/1.1" 404 155 "http://localhost:3000/adminData" "Mozilla/5.0 (X11; Ubuntu; Linux x86_64; rv:66.0) Gecko/20100101 Firefox/66.0"
::ffff:192.168.100.44 - - [17/Apr/2019:10:35:49 +0000] "GET /admin/allAdmin/ HTTP/1.1" 200 360 "http://localhost:3000/adminData" "Mozilla/5.0 (X11; Ubuntu; Linux x86_64; rv:66.0) Gecko/20100101 Firefox/66.0"
::ffff:192.168.100.44 - - [17/Apr/2019:10:35:56 +0000] "POST /admin/allAdmin/ HTTP/1.1" 404 155 "http://localhost:3000/adminData" "Mozilla/5.0 (X11; Ubuntu; Linux x86_64; rv:66.0) Gecko/20100101 Firefox/66.0"
::ffff:192.168.100.44 - - [17/Apr/2019:10:36:48 +0000] "GET /admin/allAdmin/ HTTP/1.1" 200 360 "http://localhost:3000/adminData" "Mozilla/5.0 (X11; Ubuntu; Linux x86_64; rv:66.0) Gecko/20100101 Firefox/66.0"
::ffff:192.168.100.44 - - [17/Apr/2019:10:36:55 +0000] "POST /admin/ HTTP/1.1" 400 62 "http://localhost:3000/adminData" "Mozilla/5.0 (X11; Ubuntu; Linux x86_64; rv:66.0) Gecko/20100101 Firefox/66.0"
::ffff:192.168.100.44 - - [17/Apr/2019:10:37:03 +0000] "GET /admin/ HTTP/1.1" 404 145 "-" "Mozilla/5.0 (X11; Ubuntu; Linux x86_64; rv:66.0) Gecko/20100101 Firefox/66.0"
::ffff:192.168.100.44 - - [17/Apr/2019:10:37:03 +0000] "GET /favicon.ico HTTP/1.1" 404 150 "-" "Mozilla/5.0 (X11; Ubuntu; Linux x86_64; rv:66.0) Gecko/20100101 Firefox/66.0"
::ffff:192.168.100.44 - - [17/Apr/2019:10:37:33 +0000] "GET /admin/ HTTP/1.1" 404 145 "-" "Mozilla/5.0 (X11; Ubuntu; Linux x86_64; rv:66.0) Gecko/20100101 Firefox/66.0"
::ffff:192.168.100.44 - - [17/Apr/2019:10:37:46 +0000] "GET /admin/allAdmin/ HTTP/1.1" 304 - "http://localhost:3000/adminData" "Mozilla/5.0 (X11; Ubuntu; Linux x86_64; rv:66.0) Gecko/20100101 Firefox/66.0"
::ffff:192.168.100.44 - - [17/Apr/2019:10:38:00 +0000] "POST /admin/ HTTP/1.1" 400 62 "http://localhost:3000/adminData" "Mozilla/5.0 (X11; Ubuntu; Linux x86_64; rv:66.0) Gecko/20100101 Firefox/66.0"
::ffff:192.168.100.44 - - [17/Apr/2019:10:39:18 +0000] "GET / HTTP/1.1" 200 61 "-" "Mozilla/5.0 (X11; Ubuntu; Linux x86_64; rv:66.0) Gecko/20100101 Firefox/66.0"
::ffff:192.168.100.44 - - [17/Apr/2019:10:40:31 +0000] "GET /admin/allAdmin/ HTTP/1.1" 304 - "http://localhost:3000/adminData" "Mozilla/5.0 (X11; Ubuntu; Linux x86_64; rv:66.0) Gecko/20100101 Firefox/66.0"
::ffff:192.168.100.44 - - [17/Apr/2019:10:40:36 +0000] "POST /admin/ HTTP/1.1" 400 62 "http://localhost:3000/adminData" "Mozilla/5.0 (X11; Ubuntu; Linux x86_64; rv:66.0) Gecko/20100101 Firefox/66.0"
::ffff:192.168.100.76 - - [17/Apr/2019:10:41:56 +0000] "POST /admin/doe/ HTTP/1.1" 400 62 "http://localhost:3000/doEData" "Mozilla/5.0 (X11; Linux x86_64) AppleWebKit/537.36 (KHTML, like Gecko) Chrome/73.0.3683.103 Safari/537.36"
::ffff:192.168.100.76 - - [17/Apr/2019:10:42:08 +0000] "POST /admin/doe/ HTTP/1.1" 400 62 "http://localhost:3000/doEData" "Mozilla/5.0 (Linux; Android 6.0; Nexus 5 Build/MRA58N) AppleWebKit/537.36 (KHTML, like Gecko) Chrome/73.0.3683.103 Mobile Safari/537.36"
::ffff:192.168.100.44 - - [17/Apr/2019:10:42:08 +0000] "POST /login HTTP/1.1" 200 294 "http://localhost:3000/login" "Mozilla/5.0 (X11; Ubuntu; Linux x86_64; rv:66.0) Gecko/20100101 Firefox/66.0"
::ffff:192.168.100.44 - - [17/Apr/2019:10:42:11 +0000] "GET /admin/allAdmin/ HTTP/1.1" 304 - "http://localhost:3000/adminData" "Mozilla/5.0 (X11; Ubuntu; Linux x86_64; rv:66.0) Gecko/20100101 Firefox/66.0"
::ffff:192.168.100.76 - - [17/Apr/2019:10:42:17 +0000] "DELETE /admin/doe/5cb47e4dd2b21411193a4073 HTTP/1.1" 404 176 "http://localhost:3000/doEData" "Mozilla/5.0 (X11; Linux x86_64) AppleWebKit/537.36 (KHTML, like Gecko) Chrome/73.0.3683.103 Safari/537.36"
::ffff:192.168.100.44 - - [17/Apr/2019:10:42:21 +0000] "POST /admin/ HTTP/1.1" 400 62 "http://localhost:3000/adminData" "Mozilla/5.0 (X11; Ubuntu; Linux x86_64; rv:66.0) Gecko/20100101 Firefox/66.0"
::ffff:192.168.100.76 - - [17/Apr/2019:10:42:34 +0000] "DELETE /admin/doe/5cb47e4dd2b21411193a4073 HTTP/1.1" 404 176 "http://localhost:3000/doEData" "Mozilla/5.0 (Linux; Android 6.0; Nexus 5 Build/MRA58N) AppleWebKit/537.36 (KHTML, like Gecko) Chrome/73.0.3683.103 Mobile Safari/537.36"
