::1 - - [14/Apr/2019:16:01:16 +0000] "GET /teacher/teaching HTTP/1.1" 200 890 "-" "PostmanRuntime/7.6.0"
::1 - - [14/Apr/2019:16:01:54 +0000] "GET /teacher/teaching HTTP/1.1" 200 270 "-" "PostmanRuntime/7.6.0"
::ffff:192.168.1.15 - - [14/Apr/2019:16:24:05 +0000] "POST /school/schedule HTTP/1.1" 400 200 "http://localhost:3000/addScheduleData" "Mozilla/5.0 (X11; Linux x86_64) AppleWebKit/537.36 (KHTML, like Gecko) Chrome/73.0.3683.103 Safari/537.36"
::ffff:192.168.1.15 - - [14/Apr/2019:16:31:03 +0000] "GET /school/classroom HTTP/1.1" 200 754 "-" "PostmanRuntime/7.6.0"
::ffff:192.168.1.15 - - [14/Apr/2019:16:31:31 +0000] "GET /school/classroom HTTP/1.1" 200 754 "http://localhost:3000/addScheduleData" "Mozilla/5.0 (X11; Linux x86_64) AppleWebKit/537.36 (KHTML, like Gecko) Chrome/73.0.3683.103 Safari/537.36"
::ffff:192.168.1.15 - - [14/Apr/2019:16:31:43 +0000] "GET /school/schedule HTTP/1.1" 304 - "http://localhost:3000/scheduleData" "Mozilla/5.0 (X11; Linux x86_64) AppleWebKit/537.36 (KHTML, like Gecko) Chrome/73.0.3683.103 Safari/537.36"
::ffff:192.168.1.15 - - [14/Apr/2019:16:31:47 +0000] "GET /school/classroom HTTP/1.1" 304 - "http://localhost:3000/addScheduleData" "Mozilla/5.0 (X11; Linux x86_64) AppleWebKit/537.36 (KHTML, like Gecko) Chrome/73.0.3683.103 Safari/537.36"
::ffff:192.168.1.15 - - [14/Apr/2019:16:33:01 +0000] "GET /school/teacher HTTP/1.1" 200 3945 "-" "PostmanRuntime/7.6.0"
::ffff:192.168.1.15 - - [14/Apr/2019:16:44:08 +0000] "GET /school/classroom HTTP/1.1" 304 - "http://localhost:3000/addScheduleData" "Mozilla/5.0 (X11; Linux x86_64) AppleWebKit/537.36 (KHTML, like Gecko) Chrome/73.0.3683.103 Safari/537.36"
::ffff:192.168.1.15 - - [14/Apr/2019:16:44:09 +0000] "GET /school/teacher HTTP/1.1" 200 3945 "http://localhost:3000/addScheduleData" "Mozilla/5.0 (X11; Linux x86_64) AppleWebKit/537.36 (KHTML, like Gecko) Chrome/73.0.3683.103 Safari/537.36"
::ffff:192.168.1.15 - - [14/Apr/2019:16:44:39 +0000] "GET /school/classroom HTTP/1.1" 304 - "http://localhost:3000/addScheduleData" "Mozilla/5.0 (X11; Linux x86_64) AppleWebKit/537.36 (KHTML, like Gecko) Chrome/73.0.3683.103 Safari/537.36"
::ffff:192.168.1.15 - - [14/Apr/2019:16:44:39 +0000] "GET /school/teacher HTTP/1.1" 304 - "http://localhost:3000/addScheduleData" "Mozilla/5.0 (X11; Linux x86_64) AppleWebKit/537.36 (KHTML, like Gecko) Chrome/73.0.3683.103 Safari/537.36"
::ffff:192.168.1.15 - - [14/Apr/2019:16:44:55 +0000] "POST /school/schedule HTTP/1.1" 400 72 "http://localhost:3000/addScheduleData" "Mozilla/5.0 (X11; Linux x86_64) AppleWebKit/537.36 (KHTML, like Gecko) Chrome/73.0.3683.103 Safari/537.36"
::ffff:192.168.1.220 - - [15/Apr/2019:07:36:06 +0000] "GET /school/schedule HTTP/1.1" 200 2025 "http://localhost:3000/scheduleData" "Mozilla/5.0 (X11; Linux x86_64) AppleWebKit/537.36 (KHTML, like Gecko) Chrome/73.0.3683.103 Safari/537.36"
::ffff:192.168.1.143 - - [15/Apr/2019:07:36:21 +0000] "GET /school/classroom HTTP/1.1" 200 781 "http://localhost:3000/classesData" "Mozilla/5.0 (X11; Ubuntu; Linux x86_64; rv:66.0) Gecko/20100101 Firefox/66.0"
::ffff:192.168.1.220 - - [15/Apr/2019:07:37:32 +0000] "GET /school/classroom HTTP/1.1" 200 781 "http://localhost:3000/addScheduleData" "Mozilla/5.0 (X11; Linux x86_64) AppleWebKit/537.36 (KHTML, like Gecko) Chrome/73.0.3683.103 Safari/537.36"
::ffff:192.168.1.220 - - [15/Apr/2019:07:37:42 +0000] "GET /school/classroom HTTP/1.1" 304 - "http://localhost:3000/addScheduleData" "Mozilla/5.0 (X11; Linux x86_64) AppleWebKit/537.36 (KHTML, like Gecko) Chrome/73.0.3683.103 Safari/537.36"
::ffff:192.168.1.220 - - [15/Apr/2019:07:37:43 +0000] "GET /school/teacher HTTP/1.1" 200 3945 "http://localhost:3000/addScheduleData" "Mozilla/5.0 (X11; Linux x86_64) AppleWebKit/537.36 (KHTML, like Gecko) Chrome/73.0.3683.103 Safari/537.36"
::ffff:192.168.1.220 - - [15/Apr/2019:07:37:58 +0000] "POST /school/schedule HTTP/1.1" 400 72 "http://localhost:3000/addScheduleData" "Mozilla/5.0 (X11; Linux x86_64) AppleWebKit/537.36 (KHTML, like Gecko) Chrome/73.0.3683.103 Safari/537.36"
::ffff:192.168.1.220 - - [15/Apr/2019:07:38:32 +0000] "GET /school/classroom HTTP/1.1" 304 - "http://localhost:3000/addScheduleData" "Mozilla/5.0 (Linux; Android 6.0; Nexus 5 Build/MRA58N) AppleWebKit/537.36 (KHTML, like Gecko) Chrome/73.0.3683.103 Mobile Safari/537.36"
::ffff:192.168.1.220 - - [15/Apr/2019:07:38:33 +0000] "GET /school/teacher HTTP/1.1" 304 - "http://localhost:3000/addScheduleData" "Mozilla/5.0 (Linux; Android 6.0; Nexus 5 Build/MRA58N) AppleWebKit/537.36 (KHTML, like Gecko) Chrome/73.0.3683.103 Mobile Safari/537.36"
::ffff:192.168.1.220 - - [15/Apr/2019:07:38:35 +0000] "GET /school/classroom HTTP/1.1" 304 - "http://localhost:3000/addScheduleData" "Mozilla/5.0 (Linux; Android 6.0; Nexus 5 Build/MRA58N) AppleWebKit/537.36 (KHTML, like Gecko) Chrome/73.0.3683.103 Mobile Safari/537.36"
::ffff:192.168.1.220 - - [15/Apr/2019:07:38:36 +0000] "GET /school/teacher HTTP/1.1" 304 - "http://localhost:3000/addScheduleData" "Mozilla/5.0 (Linux; Android 6.0; Nexus 5 Build/MRA58N) AppleWebKit/537.36 (KHTML, like Gecko) Chrome/73.0.3683.103 Mobile Safari/537.36"
::ffff:192.168.1.220 - - [15/Apr/2019:07:39:35 +0000] "POST /school/schedule HTTP/1.1" 400 72 "http://localhost:3000/addScheduleData" "Mozilla/5.0 (Linux; Android 6.0; Nexus 5 Build/MRA58N) AppleWebKit/537.36 (KHTML, like Gecko) Chrome/73.0.3683.103 Mobile Safari/537.36"
::ffff:192.168.1.220 - - [15/Apr/2019:07:41:52 +0000] "GET /school/classroom HTTP/1.1" 304 - "http://localhost:3000/addScheduleData" "Mozilla/5.0 (Linux; Android 6.0; Nexus 5 Build/MRA58N) AppleWebKit/537.36 (KHTML, like Gecko) Chrome/73.0.3683.103 Mobile Safari/537.36"
::ffff:192.168.1.220 - - [15/Apr/2019:07:41:53 +0000] "GET /school/teacher HTTP/1.1" 304 - "http://localhost:3000/addScheduleData" "Mozilla/5.0 (Linux; Android 6.0; Nexus 5 Build/MRA58N) AppleWebKit/537.36 (KHTML, like Gecko) Chrome/73.0.3683.103 Mobile Safari/537.36"
::ffff:192.168.1.220 - - [15/Apr/2019:07:43:24 +0000] "POST /school/schedule HTTP/1.1" 400 72 "-" "PostmanRuntime/7.6.0"
::ffff:192.168.1.61 - - [15/Apr/2019:07:43:25 +0000] "GET /school/subject HTTP/1.1" 200 60 "http://localhost:3000/subjectsData" "Mozilla/5.0 (X11; Linux x86_64) AppleWebKit/537.36 (KHTML, like Gecko) Chrome/73.0.3683.103 Safari/537.36"
::ffff:192.168.1.220 - - [15/Apr/2019:07:43:46 +0000] "POST /school/schedule HTTP/1.1" 400 72 "-" "PostmanRuntime/7.6.0"
::ffff:192.168.1.220 - - [15/Apr/2019:07:44:29 +0000] "POST /school/schedule HTTP/1.1" 400 64 "-" "PostmanRuntime/7.6.0"
::ffff:192.168.1.61 - - [15/Apr/2019:07:45:42 +0000] "GET /school/subject HTTP/1.1" 304 - "http://localhost:3000/subjectsData" "Mozilla/5.0 (X11; Linux x86_64) AppleWebKit/537.36 (KHTML, like Gecko) Chrome/73.0.3683.103 Safari/537.36"
::ffff:192.168.1.61 - - [15/Apr/2019:07:45:47 +0000] "GET /school/subject HTTP/1.1" 304 - "http://localhost:3000/subjectsData" "Mozilla/5.0 (X11; Linux x86_64) AppleWebKit/537.36 (KHTML, like Gecko) Chrome/73.0.3683.103 Safari/537.36"
::ffff:192.168.1.220 - - [15/Apr/2019:07:46:23 +0000] "GET /school/classroom HTTP/1.1" 304 - "http://localhost:3000/addScheduleData" "Mozilla/5.0 (X11; Linux x86_64) AppleWebKit/537.36 (KHTML, like Gecko) Chrome/73.0.3683.103 Safari/537.36"
::ffff:192.168.1.220 - - [15/Apr/2019:07:46:23 +0000] "GET /school/teacher HTTP/1.1" 304 - "http://localhost:3000/addScheduleData" "Mozilla/5.0 (X11; Linux x86_64) AppleWebKit/537.36 (KHTML, like Gecko) Chrome/73.0.3683.103 Safari/537.36"
::ffff:192.168.1.220 - - [15/Apr/2019:07:46:34 +0000] "POST /school/schedule HTTP/1.1" 201 230 "http://localhost:3000/addScheduleData" "Mozilla/5.0 (X11; Linux x86_64) AppleWebKit/537.36 (KHTML, like Gecko) Chrome/73.0.3683.103 Safari/537.36"
::ffff:192.168.1.220 - - [15/Apr/2019:07:47:25 +0000] "GET /school/schedule HTTP/1.1" 200 2282 "http://localhost:3000/scheduleData" "Mozilla/5.0 (X11; Linux x86_64) AppleWebKit/537.36 (KHTML, like Gecko) Chrome/73.0.3683.103 Safari/537.36"
::ffff:192.168.1.61 - - [15/Apr/2019:07:48:46 +0000] "GET /school/subject HTTP/1.1" 304 - "http://localhost:3000/subjectsData" "Mozilla/5.0 (X11; Linux x86_64) AppleWebKit/537.36 (KHTML, like Gecko) Chrome/73.0.3683.103 Safari/537.36"
::ffff:192.168.1.61 - - [15/Apr/2019:07:48:55 +0000] "GET /school/subject HTTP/1.1" 304 - "http://localhost:3000/subjectsData" "Mozilla/5.0 (X11; Linux x86_64) AppleWebKit/537.36 (KHTML, like Gecko) Chrome/73.0.3683.103 Safari/537.36"
::ffff:192.168.1.61 - - [15/Apr/2019:07:49:07 +0000] "GET /school/subject HTTP/1.1" 304 - "http://localhost:3000/subjectsData" "Mozilla/5.0 (X11; Linux x86_64) AppleWebKit/537.36 (KHTML, like Gecko) Chrome/73.0.3683.103 Safari/537.36"
::ffff:192.168.1.220 - - [15/Apr/2019:07:51:52 +0000] "GET /school/schedule HTTP/1.1" 304 - "http://localhost:3000/scheduleData" "Mozilla/5.0 (X11; Linux x86_64) AppleWebKit/537.36 (KHTML, like Gecko) Chrome/73.0.3683.103 Safari/537.36"
::ffff:192.168.1.61 - - [15/Apr/2019:07:52:03 +0000] "GET /school/subject HTTP/1.1" 304 - "http://localhost:3000/subjectsData" "Mozilla/5.0 (X11; Linux x86_64) AppleWebKit/537.36 (KHTML, like Gecko) Chrome/73.0.3683.103 Safari/537.36"
::ffff:192.168.1.61 - - [15/Apr/2019:07:53:09 +0000] "GET /school/subject HTTP/1.1" 304 - "http://localhost:3000/subjectsData" "Mozilla/5.0 (X11; Linux x86_64) AppleWebKit/537.36 (KHTML, like Gecko) Chrome/73.0.3683.103 Safari/537.36"
::ffff:192.168.1.61 - - [15/Apr/2019:07:54:07 +0000] "GET /school/subject HTTP/1.1" 304 - "http://localhost:3000/subjectsData" "Mozilla/5.0 (X11; Linux x86_64) AppleWebKit/537.36 (KHTML, like Gecko) Chrome/73.0.3683.103 Safari/537.36"
::ffff:192.168.1.220 - - [15/Apr/2019:07:54:55 +0000] "GET /school/schedule HTTP/1.1" 304 - "http://localhost:3000/scheduleData" "Mozilla/5.0 (X11; Linux x86_64) AppleWebKit/537.36 (KHTML, like Gecko) Chrome/73.0.3683.103 Safari/537.36"
::ffff:192.168.1.220 - - [15/Apr/2019:07:54:58 +0000] "GET /school/classroom HTTP/1.1" 304 - "http://localhost:3000/addScheduleData" "Mozilla/5.0 (X11; Linux x86_64) AppleWebKit/537.36 (KHTML, like Gecko) Chrome/73.0.3683.103 Safari/537.36"
::ffff:192.168.1.220 - - [15/Apr/2019:07:55:00 +0000] "GET /school/teacher HTTP/1.1" 200 3972 "http://localhost:3000/addScheduleData" "Mozilla/5.0 (X11; Linux x86_64) AppleWebKit/537.36 (KHTML, like Gecko) Chrome/73.0.3683.103 Safari/537.36"
::ffff:192.168.1.61 - - [15/Apr/2019:07:57:51 +0000] "GET /school/subject HTTP/1.1" 304 - "http://localhost:3000/subjectsData" "Mozilla/5.0 (X11; Linux x86_64) AppleWebKit/537.36 (KHTML, like Gecko) Chrome/73.0.3683.103 Safari/537.36"
::ffff:192.168.1.61 - - [15/Apr/2019:07:57:59 +0000] "GET /school/subject HTTP/1.1" 304 - "http://localhost:3000/subjectsData" "Mozilla/5.0 (X11; Linux x86_64) AppleWebKit/537.36 (KHTML, like Gecko) Chrome/73.0.3683.103 Safari/537.36"
::ffff:192.168.1.61 - - [15/Apr/2019:07:58:08 +0000] "GET /school/subject HTTP/1.1" 304 - "http://localhost:3000/subjectsData" "Mozilla/5.0 (X11; Linux x86_64) AppleWebKit/537.36 (KHTML, like Gecko) Chrome/73.0.3683.103 Safari/537.36"
::ffff:192.168.1.143 - - [15/Apr/2019:08:01:21 +0000] "GET /school/classroom HTTP/1.1" 304 - "http://localhost:3000/classesData" "Mozilla/5.0 (X11; Ubuntu; Linux x86_64; rv:66.0) Gecko/20100101 Firefox/66.0"
::ffff:192.168.1.143 - - [15/Apr/2019:08:02:07 +0000] "GET /school/classroom HTTP/1.1" 304 - "http://localhost:3000/classesData" "Mozilla/5.0 (X11; Ubuntu; Linux x86_64; rv:66.0) Gecko/20100101 Firefox/66.0"
::ffff:192.168.1.220 - - [15/Apr/2019:08:03:39 +0000] "GET /school/classroom HTTP/1.1" 304 - "http://localhost:3000/addScheduleData" "Mozilla/5.0 (X11; Linux x86_64) AppleWebKit/537.36 (KHTML, like Gecko) Chrome/73.0.3683.103 Safari/537.36"
::ffff:192.168.1.220 - - [15/Apr/2019:08:03:39 +0000] "GET /school/teacher HTTP/1.1" 304 - "http://localhost:3000/addScheduleData" "Mozilla/5.0 (X11; Linux x86_64) AppleWebKit/537.36 (KHTML, like Gecko) Chrome/73.0.3683.103 Safari/537.36"
::ffff:192.168.1.220 - - [15/Apr/2019:08:03:59 +0000] "GET /school/schedule HTTP/1.1" 304 - "http://localhost:3000/scheduleData" "Mozilla/5.0 (X11; Linux x86_64) AppleWebKit/537.36 (KHTML, like Gecko) Chrome/73.0.3683.103 Safari/537.36"
::ffff:192.168.1.220 - - [15/Apr/2019:08:04:01 +0000] "GET /school/classroom HTTP/1.1" 304 - "http://localhost:3000/addScheduleData" "Mozilla/5.0 (X11; Linux x86_64) AppleWebKit/537.36 (KHTML, like Gecko) Chrome/73.0.3683.103 Safari/537.36"
::ffff:192.168.1.220 - - [15/Apr/2019:08:04:01 +0000] "GET /school/teacher HTTP/1.1" 304 - "http://localhost:3000/addScheduleData" "Mozilla/5.0 (X11; Linux x86_64) AppleWebKit/537.36 (KHTML, like Gecko) Chrome/73.0.3683.103 Safari/537.36"
::ffff:192.168.1.220 - - [15/Apr/2019:08:04:17 +0000] "GET /school/schedule HTTP/1.1" 304 - "http://localhost:3000/scheduleData" "Mozilla/5.0 (X11; Linux x86_64) AppleWebKit/537.36 (KHTML, like Gecko) Chrome/73.0.3683.103 Safari/537.36"
::ffff:192.168.1.220 - - [15/Apr/2019:08:05:41 +0000] "GET /school/schedule HTTP/1.1" 304 - "http://localhost:3000/scheduleData" "Mozilla/5.0 (X11; Linux x86_64) AppleWebKit/537.36 (KHTML, like Gecko) Chrome/73.0.3683.103 Safari/537.36"
::ffff:192.168.1.220 - - [15/Apr/2019:08:05:41 +0000] "GET /school/classroom HTTP/1.1" 304 - "http://localhost:3000/addScheduleData" "Mozilla/5.0 (X11; Linux x86_64) AppleWebKit/537.36 (KHTML, like Gecko) Chrome/73.0.3683.103 Safari/537.36"
::ffff:192.168.1.220 - - [15/Apr/2019:08:05:42 +0000] "GET /school/teacher HTTP/1.1" 304 - "http://localhost:3000/addScheduleData" "Mozilla/5.0 (X11; Linux x86_64) AppleWebKit/537.36 (KHTML, like Gecko) Chrome/73.0.3683.103 Safari/537.36"
::ffff:192.168.1.143 - - [15/Apr/2019:08:06:07 +0000] "GET /school/classroom HTTP/1.1" 304 - "http://localhost:3000/classesData" "Mozilla/5.0 (X11; Ubuntu; Linux x86_64; rv:66.0) Gecko/20100101 Firefox/66.0"
::ffff:192.168.1.220 - - [15/Apr/2019:08:10:29 +0000] "GET /school/schedule HTTP/1.1" 304 - "http://localhost:3000/scheduleData" "Mozilla/5.0 (X11; Linux x86_64) AppleWebKit/537.36 (KHTML, like Gecko) Chrome/73.0.3683.103 Safari/537.36"
::ffff:192.168.1.220 - - [15/Apr/2019:08:10:31 +0000] "GET /school/classroom HTTP/1.1" 304 - "http://localhost:3000/addScheduleData" "Mozilla/5.0 (X11; Linux x86_64) AppleWebKit/537.36 (KHTML, like Gecko) Chrome/73.0.3683.103 Safari/537.36"
::ffff:192.168.1.220 - - [15/Apr/2019:08:10:31 +0000] "GET /school/teacher HTTP/1.1" 304 - "http://localhost:3000/addScheduleData" "Mozilla/5.0 (X11; Linux x86_64) AppleWebKit/537.36 (KHTML, like Gecko) Chrome/73.0.3683.103 Safari/537.36"
::ffff:192.168.1.220 - - [15/Apr/2019:08:11:01 +0000] "GET /school/schedule HTTP/1.1" 304 - "http://localhost:3000/scheduleData" "Mozilla/5.0 (X11; Linux x86_64) AppleWebKit/537.36 (KHTML, like Gecko) Chrome/73.0.3683.103 Safari/537.36"
::ffff:192.168.1.220 - - [15/Apr/2019:08:11:04 +0000] "GET /school/schedule HTTP/1.1" 304 - "http://localhost:3000/scheduleData" "Mozilla/5.0 (X11; Linux x86_64) AppleWebKit/537.36 (KHTML, like Gecko) Chrome/73.0.3683.103 Safari/537.36"
::ffff:192.168.1.220 - - [15/Apr/2019:08:11:06 +0000] "GET /school/classroom HTTP/1.1" 304 - "http://localhost:3000/addScheduleData" "Mozilla/5.0 (X11; Linux x86_64) AppleWebKit/537.36 (KHTML, like Gecko) Chrome/73.0.3683.103 Safari/537.36"
::ffff:192.168.1.220 - - [15/Apr/2019:08:11:06 +0000] "GET /school/teacher HTTP/1.1" 304 - "http://localhost:3000/addScheduleData" "Mozilla/5.0 (X11; Linux x86_64) AppleWebKit/537.36 (KHTML, like Gecko) Chrome/73.0.3683.103 Safari/537.36"
::ffff:192.168.1.143 - - [15/Apr/2019:08:11:26 +0000] "GET /school/classroom HTTP/1.1" 304 - "http://localhost:3000/classesData" "Mozilla/5.0 (X11; Ubuntu; Linux x86_64; rv:66.0) Gecko/20100101 Firefox/66.0"
::ffff:192.168.1.220 - - [15/Apr/2019:08:11:27 +0000] "GET /school/classroom HTTP/1.1" 304 - "http://localhost:3000/addScheduleData" "Mozilla/5.0 (X11; Linux x86_64) AppleWebKit/537.36 (KHTML, like Gecko) Chrome/73.0.3683.103 Safari/537.36"
::ffff:192.168.1.220 - - [15/Apr/2019:08:11:27 +0000] "GET /school/teacher HTTP/1.1" 304 - "http://localhost:3000/addScheduleData" "Mozilla/5.0 (X11; Linux x86_64) AppleWebKit/537.36 (KHTML, like Gecko) Chrome/73.0.3683.103 Safari/537.36"
::ffff:192.168.1.220 - - [15/Apr/2019:08:27:00 +0000] "GET /school/classroom HTTP/1.1" 304 - "http://localhost:3000/addScheduleData" "Mozilla/5.0 (X11; Linux x86_64) AppleWebKit/537.36 (KHTML, like Gecko) Chrome/73.0.3683.103 Safari/537.36"
::ffff:192.168.1.220 - - [15/Apr/2019:08:27:01 +0000] "GET /school/teacher HTTP/1.1" 304 - "http://localhost:3000/addScheduleData" "Mozilla/5.0 (X11; Linux x86_64) AppleWebKit/537.36 (KHTML, like Gecko) Chrome/73.0.3683.103 Safari/537.36"
::ffff:192.168.1.143 - - [15/Apr/2019:08:29:51 +0000] "GET /school/classroom HTTP/1.1" 304 - "http://localhost:3000/classesData" "Mozilla/5.0 (X11; Ubuntu; Linux x86_64; rv:66.0) Gecko/20100101 Firefox/66.0"
::ffff:192.168.1.143 - - [15/Apr/2019:08:32:23 +0000] "GET /school/classroom HTTP/1.1" 304 - "http://localhost:3000/classesData" "Mozilla/5.0 (X11; Ubuntu; Linux x86_64; rv:66.0) Gecko/20100101 Firefox/66.0"
::ffff:192.168.1.143 - - [15/Apr/2019:08:32:38 +0000] "GET /school/classroom HTTP/1.1" 304 - "http://localhost:3000/classesData" "Mozilla/5.0 (X11; Ubuntu; Linux x86_64; rv:66.0) Gecko/20100101 Firefox/66.0"
::ffff:192.168.1.220 - - [15/Apr/2019:08:41:20 +0000] "GET /school/classroom HTTP/1.1" 304 - "http://localhost:3000/addScheduleData" "Mozilla/5.0 (X11; Linux x86_64) AppleWebKit/537.36 (KHTML, like Gecko) Chrome/73.0.3683.103 Safari/537.36"
::ffff:192.168.1.220 - - [15/Apr/2019:08:41:20 +0000] "GET /school/teacher HTTP/1.1" 304 - "http://localhost:3000/addScheduleData" "Mozilla/5.0 (X11; Linux x86_64) AppleWebKit/537.36 (KHTML, like Gecko) Chrome/73.0.3683.103 Safari/537.36"
::ffff:192.168.1.220 - - [15/Apr/2019:08:44:38 +0000] "GET /school/classroom HTTP/1.1" 304 - "http://localhost:3000/addScheduleData" "Mozilla/5.0 (X11; Linux x86_64) AppleWebKit/537.36 (KHTML, like Gecko) Chrome/73.0.3683.103 Safari/537.36"
::ffff:192.168.1.220 - - [15/Apr/2019:08:44:39 +0000] "GET /school/teacher HTTP/1.1" 304 - "http://localhost:3000/addScheduleData" "Mozilla/5.0 (X11; Linux x86_64) AppleWebKit/537.36 (KHTML, like Gecko) Chrome/73.0.3683.103 Safari/537.36"
::ffff:192.168.1.220 - - [15/Apr/2019:08:45:20 +0000] "GET /school/schedule HTTP/1.1" 304 - "http://localhost:3000/scheduleData" "Mozilla/5.0 (X11; Linux x86_64) AppleWebKit/537.36 (KHTML, like Gecko) Chrome/73.0.3683.103 Safari/537.36"
::ffff:192.168.1.220 - - [15/Apr/2019:08:45:21 +0000] "GET /school/classroom HTTP/1.1" 304 - "http://localhost:3000/addScheduleData" "Mozilla/5.0 (X11; Linux x86_64) AppleWebKit/537.36 (KHTML, like Gecko) Chrome/73.0.3683.103 Safari/537.36"
::ffff:192.168.1.220 - - [15/Apr/2019:08:45:22 +0000] "GET /school/teacher HTTP/1.1" 304 - "http://localhost:3000/addScheduleData" "Mozilla/5.0 (X11; Linux x86_64) AppleWebKit/537.36 (KHTML, like Gecko) Chrome/73.0.3683.103 Safari/537.36"
::ffff:192.168.1.220 - - [15/Apr/2019:08:50:03 +0000] "GET /school/schedule HTTP/1.1" 304 - "http://localhost:3000/scheduleData" "Mozilla/5.0 (X11; Linux x86_64) AppleWebKit/537.36 (KHTML, like Gecko) Chrome/73.0.3683.103 Safari/537.36"
::ffff:192.168.1.220 - - [15/Apr/2019:08:50:06 +0000] "GET /school/classroom HTTP/1.1" 304 - "http://localhost:3000/addScheduleData" "Mozilla/5.0 (X11; Linux x86_64) AppleWebKit/537.36 (KHTML, like Gecko) Chrome/73.0.3683.103 Safari/537.36"
::ffff:192.168.1.220 - - [15/Apr/2019:08:50:06 +0000] "GET /school/teacher HTTP/1.1" 304 - "http://localhost:3000/addScheduleData" "Mozilla/5.0 (X11; Linux x86_64) AppleWebKit/537.36 (KHTML, like Gecko) Chrome/73.0.3683.103 Safari/537.36"
::ffff:192.168.1.220 - - [15/Apr/2019:08:53:15 +0000] "GET /school/schedule HTTP/1.1" 304 - "http://localhost:3000/scheduleData" "Mozilla/5.0 (X11; Linux x86_64) AppleWebKit/537.36 (KHTML, like Gecko) Chrome/73.0.3683.103 Safari/537.36"
::ffff:192.168.1.220 - - [15/Apr/2019:08:55:44 +0000] "GET /school/schedule HTTP/1.1" 304 - "http://localhost:3000/scheduleData" "Mozilla/5.0 (X11; Linux x86_64) AppleWebKit/537.36 (KHTML, like Gecko) Chrome/73.0.3683.103 Safari/537.36"
::ffff:192.168.1.220 - - [15/Apr/2019:08:55:57 +0000] "GET /school/schedule HTTP/1.1" 304 - "http://localhost:3000/scheduleData" "Mozilla/5.0 (X11; Linux x86_64) AppleWebKit/537.36 (KHTML, like Gecko) Chrome/73.0.3683.103 Safari/537.36"
::ffff:192.168.1.220 - - [15/Apr/2019:08:58:17 +0000] "GET /school/schedule HTTP/1.1" 304 - "http://localhost:3000/scheduleData" "Mozilla/5.0 (X11; Linux x86_64) AppleWebKit/537.36 (KHTML, like Gecko) Chrome/73.0.3683.103 Safari/537.36"
::ffff:192.168.1.220 - - [15/Apr/2019:08:58:19 +0000] "GET /school/classroom HTTP/1.1" 304 - "http://localhost:3000/addScheduleData" "Mozilla/5.0 (X11; Linux x86_64) AppleWebKit/537.36 (KHTML, like Gecko) Chrome/73.0.3683.103 Safari/537.36"
::ffff:192.168.1.220 - - [15/Apr/2019:08:58:19 +0000] "GET /school/teacher HTTP/1.1" 304 - "http://localhost:3000/addScheduleData" "Mozilla/5.0 (X11; Linux x86_64) AppleWebKit/537.36 (KHTML, like Gecko) Chrome/73.0.3683.103 Safari/537.36"
::ffff:192.168.1.220 - - [15/Apr/2019:08:58:40 +0000] "POST /school/schedule HTTP/1.1" 400 72 "http://localhost:3000/addScheduleData" "Mozilla/5.0 (X11; Linux x86_64) AppleWebKit/537.36 (KHTML, like Gecko) Chrome/73.0.3683.103 Safari/537.36"
::ffff:192.168.1.220 - - [15/Apr/2019:08:59:13 +0000] "GET /school/classroom HTTP/1.1" 304 - "http://localhost:3000/addScheduleData" "Mozilla/5.0 (X11; Linux x86_64) AppleWebKit/537.36 (KHTML, like Gecko) Chrome/73.0.3683.103 Safari/537.36"
::ffff:192.168.1.220 - - [15/Apr/2019:08:59:14 +0000] "GET /school/teacher HTTP/1.1" 304 - "http://localhost:3000/addScheduleData" "Mozilla/5.0 (X11; Linux x86_64) AppleWebKit/537.36 (KHTML, like Gecko) Chrome/73.0.3683.103 Safari/537.36"
::ffff:192.168.1.220 - - [15/Apr/2019:08:59:29 +0000] "GET /school/schedule HTTP/1.1" 304 - "http://localhost:3000/scheduleData" "Mozilla/5.0 (X11; Linux x86_64) AppleWebKit/537.36 (KHTML, like Gecko) Chrome/73.0.3683.103 Safari/537.36"
::ffff:192.168.1.143 - - [15/Apr/2019:09:03:40 +0000] "GET /school/classroom HTTP/1.1" 304 - "http://localhost:3000/classesData" "Mozilla/5.0 (X11; Ubuntu; Linux x86_64; rv:66.0) Gecko/20100101 Firefox/66.0"
::ffff:192.168.1.143 - - [15/Apr/2019:09:06:44 +0000] "GET /school/classroom HTTP/1.1" 304 - "http://localhost:3000/classesData" "Mozilla/5.0 (X11; Ubuntu; Linux x86_64; rv:66.0) Gecko/20100101 Firefox/66.0"
::ffff:192.168.1.220 - - [15/Apr/2019:09:06:50 +0000] "GET /school/schedule HTTP/1.1" 304 - "http://localhost:3000/scheduleData" "Mozilla/5.0 (X11; Linux x86_64) AppleWebKit/537.36 (KHTML, like Gecko) Chrome/73.0.3683.103 Safari/537.36"
::ffff:192.168.1.220 - - [15/Apr/2019:09:06:51 +0000] "GET /school/classroom HTTP/1.1" 304 - "http://localhost:3000/addScheduleData" "Mozilla/5.0 (X11; Linux x86_64) AppleWebKit/537.36 (KHTML, like Gecko) Chrome/73.0.3683.103 Safari/537.36"
::ffff:192.168.1.220 - - [15/Apr/2019:09:06:51 +0000] "GET /school/teacher HTTP/1.1" 304 - "http://localhost:3000/addScheduleData" "Mozilla/5.0 (X11; Linux x86_64) AppleWebKit/537.36 (KHTML, like Gecko) Chrome/73.0.3683.103 Safari/537.36"
::ffff:192.168.1.220 - - [15/Apr/2019:09:07:05 +0000] "POST /school/schedule HTTP/1.1" 400 72 "http://localhost:3000/addScheduleData" "Mozilla/5.0 (X11; Linux x86_64) AppleWebKit/537.36 (KHTML, like Gecko) Chrome/73.0.3683.103 Safari/537.36"
::ffff:192.168.1.143 - - [15/Apr/2019:09:07:05 +0000] "GET /school/classroom HTTP/1.1" 304 - "http://localhost:3000/classesData" "Mozilla/5.0 (X11; Ubuntu; Linux x86_64; rv:66.0) Gecko/20100101 Firefox/66.0"
::ffff:192.168.1.220 - - [15/Apr/2019:09:08:33 +0000] "POST /school/schedule HTTP/1.1" 201 230 "http://localhost:3000/addScheduleData" "Mozilla/5.0 (X11; Linux x86_64) AppleWebKit/537.36 (KHTML, like Gecko) Chrome/73.0.3683.103 Safari/537.36"
::ffff:192.168.1.220 - - [15/Apr/2019:09:08:44 +0000] "POST /school/schedule HTTP/1.1" 201 580 "http://localhost:3000/addScheduleData" "Mozilla/5.0 (X11; Linux x86_64) AppleWebKit/537.36 (KHTML, like Gecko) Chrome/73.0.3683.103 Safari/537.36"
::ffff:192.168.1.220 - - [15/Apr/2019:09:08:49 +0000] "GET /school/schedule HTTP/1.1" 200 3298 "http://localhost:3000/scheduleData" "Mozilla/5.0 (X11; Linux x86_64) AppleWebKit/537.36 (KHTML, like Gecko) Chrome/73.0.3683.103 Safari/537.36"
::ffff:192.168.1.220 - - [15/Apr/2019:09:09:11 +0000] "GET /school/schedule HTTP/1.1" 304 - "http://localhost:3000/scheduleData" "Mozilla/5.0 (X11; Linux x86_64) AppleWebKit/537.36 (KHTML, like Gecko) Chrome/73.0.3683.103 Safari/537.36"
::ffff:192.168.1.220 - - [15/Apr/2019:09:10:43 +0000] "POST /login HTTP/1.1" 200 639 "http://localhost:3000/login" "Mozilla/5.0 (X11; Linux x86_64) AppleWebKit/537.36 (KHTML, like Gecko) Chrome/73.0.3683.103 Safari/537.36"
::ffff:192.168.1.220 - - [15/Apr/2019:09:10:47 +0000] "GET /school/schedule HTTP/1.1" 200 60 "http://localhost:3000/scheduleData" "Mozilla/5.0 (X11; Linux x86_64) AppleWebKit/537.36 (KHTML, like Gecko) Chrome/73.0.3683.103 Safari/537.36"
::ffff:192.168.1.143 - - [15/Apr/2019:09:15:32 +0000] "GET /school/classroom HTTP/1.1" 304 - "http://localhost:3000/classesData" "Mozilla/5.0 (X11; Ubuntu; Linux x86_64; rv:66.0) Gecko/20100101 Firefox/66.0"
::ffff:192.168.1.143 - - [15/Apr/2019:09:18:42 +0000] "GET /school/classroom HTTP/1.1" 304 - "http://localhost:3000/classesData" "Mozilla/5.0 (X11; Ubuntu; Linux x86_64; rv:66.0) Gecko/20100101 Firefox/66.0"
::ffff:192.168.1.143 - - [15/Apr/2019:09:19:34 +0000] "GET /school/classroom HTTP/1.1" 304 - "http://localhost:3000/classesData" "Mozilla/5.0 (X11; Ubuntu; Linux x86_64; rv:66.0) Gecko/20100101 Firefox/66.0"
::ffff:192.168.1.143 - - [15/Apr/2019:09:19:58 +0000] "GET /school/classroom HTTP/1.1" 304 - "http://localhost:3000/classesData" "Mozilla/5.0 (X11; Ubuntu; Linux x86_64; rv:66.0) Gecko/20100101 Firefox/66.0"
::ffff:192.168.1.143 - - [15/Apr/2019:09:21:43 +0000] "GET /school/classroom HTTP/1.1" 304 - "http://localhost:3000/classesData" "Mozilla/5.0 (X11; Ubuntu; Linux x86_64; rv:66.0) Gecko/20100101 Firefox/66.0"
::ffff:192.168.1.143 - - [15/Apr/2019:09:23:55 +0000] "GET /school/classroom HTTP/1.1" 304 - "http://localhost:3000/classesData" "Mozilla/5.0 (X11; Ubuntu; Linux x86_64; rv:66.0) Gecko/20100101 Firefox/66.0"
::ffff:192.168.1.143 - - [15/Apr/2019:09:24:55 +0000] "GET /school/classroom HTTP/1.1" 304 - "http://localhost:3000/classesData" "Mozilla/5.0 (X11; Ubuntu; Linux x86_64; rv:66.0) Gecko/20100101 Firefox/66.0"
::ffff:192.168.1.143 - - [15/Apr/2019:09:27:28 +0000] "GET /school/classroom HTTP/1.1" 304 - "http://localhost:3000/classesData" "Mozilla/5.0 (X11; Ubuntu; Linux x86_64; rv:66.0) Gecko/20100101 Firefox/66.0"
::ffff:192.168.1.143 - - [15/Apr/2019:09:27:56 +0000] "GET /school/classroom HTTP/1.1" 304 - "http://localhost:3000/classesData" "Mozilla/5.0 (X11; Ubuntu; Linux x86_64; rv:66.0) Gecko/20100101 Firefox/66.0"
::ffff:192.168.1.143 - - [15/Apr/2019:09:32:59 +0000] "GET /school/classroom HTTP/1.1" 304 - "http://localhost:3000/classesData" "Mozilla/5.0 (X11; Ubuntu; Linux x86_64; rv:66.0) Gecko/20100101 Firefox/66.0"
::ffff:192.168.1.143 - - [15/Apr/2019:09:33:34 +0000] "GET /school/classroom HTTP/1.1" 304 - "http://localhost:3000/classesData" "Mozilla/5.0 (X11; Ubuntu; Linux x86_64; rv:66.0) Gecko/20100101 Firefox/66.0"
::ffff:192.168.1.143 - - [15/Apr/2019:09:35:02 +0000] "GET /school/classroom HTTP/1.1" 304 - "http://localhost:3000/classesData" "Mozilla/5.0 (X11; Ubuntu; Linux x86_64; rv:66.0) Gecko/20100101 Firefox/66.0"
::ffff:192.168.1.143 - - [15/Apr/2019:09:35:50 +0000] "GET /school/classroom HTTP/1.1" 304 - "http://localhost:3000/classesData" "Mozilla/5.0 (X11; Ubuntu; Linux x86_64; rv:66.0) Gecko/20100101 Firefox/66.0"
::ffff:192.168.1.143 - - [15/Apr/2019:09:45:26 +0000] "GET /school/classroom HTTP/1.1" 304 - "http://localhost:3000/classesData" "Mozilla/5.0 (X11; Ubuntu; Linux x86_64; rv:66.0) Gecko/20100101 Firefox/66.0"
::ffff:192.168.1.143 - - [15/Apr/2019:09:45:42 +0000] "GET /school/classroom HTTP/1.1" 304 - "http://localhost:3000/classesData" "Mozilla/5.0 (X11; Ubuntu; Linux x86_64; rv:66.0) Gecko/20100101 Firefox/66.0"
::ffff:192.168.1.143 - - [15/Apr/2019:09:47:49 +0000] "GET /school/classroom HTTP/1.1" 304 - "http://localhost:3000/classesData" "Mozilla/5.0 (X11; Ubuntu; Linux x86_64; rv:66.0) Gecko/20100101 Firefox/66.0"
::ffff:192.168.1.143 - - [15/Apr/2019:09:48:30 +0000] "GET /school/classroom HTTP/1.1" 304 - "http://localhost:3000/classesData" "Mozilla/5.0 (X11; Ubuntu; Linux x86_64; rv:66.0) Gecko/20100101 Firefox/66.0"
::ffff:192.168.1.143 - - [15/Apr/2019:09:50:34 +0000] "GET /school/classroom HTTP/1.1" 304 - "http://localhost:3000/classesData" "Mozilla/5.0 (X11; Ubuntu; Linux x86_64; rv:66.0) Gecko/20100101 Firefox/66.0"
::ffff:192.168.1.143 - - [15/Apr/2019:09:50:55 +0000] "GET /school/classroom HTTP/1.1" 304 - "http://localhost:3000/classesData" "Mozilla/5.0 (X11; Ubuntu; Linux x86_64; rv:66.0) Gecko/20100101 Firefox/66.0"
::ffff:192.168.1.143 - - [15/Apr/2019:09:52:46 +0000] "GET /school/classroom HTTP/1.1" 304 - "http://localhost:3000/classesData" "Mozilla/5.0 (X11; Ubuntu; Linux x86_64; rv:66.0) Gecko/20100101 Firefox/66.0"
::ffff:192.168.1.143 - - [15/Apr/2019:10:11:43 +0000] "GET /school/classroom HTTP/1.1" 304 - "http://localhost:3000/classesData" "Mozilla/5.0 (X11; Ubuntu; Linux x86_64; rv:66.0) Gecko/20100101 Firefox/66.0"
::ffff:192.168.1.220 - - [15/Apr/2019:10:16:33 +0000] "POST /login HTTP/1.1" 403 71 "http://localhost:3000/login" "Mozilla/5.0 (X11; Linux x86_64) AppleWebKit/537.36 (KHTML, like Gecko) Chrome/73.0.3683.103 Safari/537.36"
::ffff:192.168.1.220 - - [15/Apr/2019:10:17:17 +0000] "POST /login HTTP/1.1" 200 639 "http://localhost:3000/login" "Mozilla/5.0 (X11; Linux x86_64) AppleWebKit/537.36 (KHTML, like Gecko) Chrome/73.0.3683.103 Safari/537.36"
::ffff:192.168.1.143 - - [15/Apr/2019:10:17:20 +0000] "GET /school/classroom HTTP/1.1" 304 - "http://localhost:3000/classesData" "Mozilla/5.0 (X11; Ubuntu; Linux x86_64; rv:66.0) Gecko/20100101 Firefox/66.0"
::ffff:192.168.1.220 - - [15/Apr/2019:10:17:55 +0000] "POST /login HTTP/1.1" 200 639 "http://localhost:3000/login" "Mozilla/5.0 (X11; Linux x86_64) AppleWebKit/537.36 (KHTML, like Gecko) Chrome/73.0.3683.103 Safari/537.36"
::ffff:192.168.1.143 - - [15/Apr/2019:10:18:11 +0000] "GET /school/classroom HTTP/1.1" 304 - "http://localhost:3000/classesData" "Mozilla/5.0 (X11; Ubuntu; Linux x86_64; rv:66.0) Gecko/20100101 Firefox/66.0"
::ffff:192.168.1.143 - - [15/Apr/2019:10:18:18 +0000] "GET /school/classroom HTTP/1.1" 304 - "http://localhost:3000/classesData" "Mozilla/5.0 (X11; Ubuntu; Linux x86_64; rv:66.0) Gecko/20100101 Firefox/66.0"
::ffff:192.168.1.220 - - [15/Apr/2019:10:18:45 +0000] "POST /login HTTP/1.1" 200 639 "http://localhost:3000/login" "Mozilla/5.0 (X11; Linux x86_64) AppleWebKit/537.36 (KHTML, like Gecko) Chrome/73.0.3683.103 Safari/537.36"
::ffff:192.168.1.220 - - [15/Apr/2019:10:21:09 +0000] "POST /login HTTP/1.1" 200 784 "http://localhost:3000/login" "Mozilla/5.0 (X11; Linux x86_64) AppleWebKit/537.36 (KHTML, like Gecko) Chrome/73.0.3683.103 Safari/537.36"
::ffff:192.168.1.143 - - [15/Apr/2019:10:23:53 +0000] "GET /school/classroom HTTP/1.1" 304 - "http://localhost:3000/classesData" "Mozilla/5.0 (X11; Ubuntu; Linux x86_64; rv:66.0) Gecko/20100101 Firefox/66.0"
::ffff:192.168.1.220 - - [15/Apr/2019:10:24:25 +0000] "GET /teacher/schedule HTTP/1.1" 200 513 "-" "PostmanRuntime/7.6.0"
::ffff:192.168.1.143 - - [15/Apr/2019:10:25:06 +0000] "GET /school/classroom HTTP/1.1" 304 - "http://localhost:3000/classesData" "Mozilla/5.0 (X11; Ubuntu; Linux x86_64; rv:66.0) Gecko/20100101 Firefox/66.0"
::ffff:192.168.1.220 - - [15/Apr/2019:10:26:38 +0000] "GET /teacher/schedule HTTP/1.1" 200 265 "-" "PostmanRuntime/7.6.0"
::ffff:192.168.1.143 - - [15/Apr/2019:10:28:18 +0000] "GET /school/classroom HTTP/1.1" 304 - "http://localhost:3000/classesData" "Mozilla/5.0 (X11; Ubuntu; Linux x86_64; rv:66.0) Gecko/20100101 Firefox/66.0"
::ffff:192.168.1.143 - - [15/Apr/2019:10:29:30 +0000] "GET /school/classroom HTTP/1.1" 304 - "http://localhost:3000/classesData" "Mozilla/5.0 (X11; Ubuntu; Linux x86_64; rv:66.0) Gecko/20100101 Firefox/66.0"
::ffff:192.168.1.143 - - [15/Apr/2019:10:29:51 +0000] "GET /school/classroom HTTP/1.1" 304 - "http://localhost:3000/classesData" "Mozilla/5.0 (X11; Ubuntu; Linux x86_64; rv:66.0) Gecko/20100101 Firefox/66.0"
::ffff:192.168.1.143 - - [15/Apr/2019:10:33:13 +0000] "GET /school/classroom HTTP/1.1" 304 - "http://localhost:3000/classesData" "Mozilla/5.0 (X11; Ubuntu; Linux x86_64; rv:66.0) Gecko/20100101 Firefox/66.0"
::ffff:192.168.1.143 - - [15/Apr/2019:10:34:06 +0000] "GET /school/classroom HTTP/1.1" 304 - "http://localhost:3000/classesData" "Mozilla/5.0 (X11; Ubuntu; Linux x86_64; rv:66.0) Gecko/20100101 Firefox/66.0"
::ffff:192.168.1.143 - - [15/Apr/2019:10:34:42 +0000] "GET /school/classroom HTTP/1.1" 304 - "http://localhost:3000/classesData" "Mozilla/5.0 (X11; Ubuntu; Linux x86_64; rv:66.0) Gecko/20100101 Firefox/66.0"
::ffff:192.168.1.143 - - [15/Apr/2019:10:38:20 +0000] "GET /school/classroom HTTP/1.1" 304 - "http://localhost:3000/classesData" "Mozilla/5.0 (X11; Ubuntu; Linux x86_64; rv:66.0) Gecko/20100101 Firefox/66.0"
::ffff:192.168.1.143 - - [15/Apr/2019:10:43:14 +0000] "GET /school/classroom HTTP/1.1" 304 - "http://localhost:3000/classesData" "Mozilla/5.0 (X11; Ubuntu; Linux x86_64; rv:66.0) Gecko/20100101 Firefox/66.0"
::ffff:192.168.1.220 - - [15/Apr/2019:10:45:07 +0000] "GET /school/schedule HTTP/1.1" 200 3298 "http://localhost:3000/scheduleData" "Mozilla/5.0 (X11; Linux x86_64) AppleWebKit/537.36 (KHTML, like Gecko) Chrome/73.0.3683.103 Safari/537.36"
::ffff:192.168.1.220 - - [15/Apr/2019:10:46:07 +0000] "GET /school/schedule HTTP/1.1" 304 - "http://localhost:3000/scheduleData" "Mozilla/5.0 (X11; Linux x86_64) AppleWebKit/537.36 (KHTML, like Gecko) Chrome/73.0.3683.103 Safari/537.36"
::ffff:192.168.1.220 - - [15/Apr/2019:10:46:41 +0000] "GET /school/schedule HTTP/1.1" 304 - "http://localhost:3000/scheduleData" "Mozilla/5.0 (X11; Linux x86_64) AppleWebKit/537.36 (KHTML, like Gecko) Chrome/73.0.3683.103 Safari/537.36"
::ffff:192.168.1.220 - - [15/Apr/2019:10:48:35 +0000] "GET /school/schedule HTTP/1.1" 304 - "http://localhost:3000/scheduleData" "Mozilla/5.0 (X11; Linux x86_64) AppleWebKit/537.36 (KHTML, like Gecko) Chrome/73.0.3683.103 Safari/537.36"
::ffff:192.168.1.220 - - [15/Apr/2019:10:49:23 +0000] "GET /school/schedule HTTP/1.1" 304 - "http://localhost:3000/scheduleData" "Mozilla/5.0 (X11; Linux x86_64) AppleWebKit/537.36 (KHTML, like Gecko) Chrome/73.0.3683.103 Safari/537.36"
::ffff:192.168.1.220 - - [15/Apr/2019:10:50:11 +0000] "GET /school/schedule HTTP/1.1" 304 - "http://localhost:3000/scheduleData" "Mozilla/5.0 (X11; Linux x86_64) AppleWebKit/537.36 (KHTML, like Gecko) Chrome/73.0.3683.103 Safari/537.36"
::1 - - [15/Apr/2019:10:50:15 +0000] "POST /login HTTP/1.1" 403 79 "-" "PostmanRuntime/7.6.0"
::ffff:192.168.1.220 - - [15/Apr/2019:10:50:46 +0000] "GET /school/schedule HTTP/1.1" 304 - "http://localhost:3000/scheduleData" "Mozilla/5.0 (X11; Linux x86_64) AppleWebKit/537.36 (KHTML, like Gecko) Chrome/73.0.3683.103 Safari/537.36"
::ffff:192.168.1.220 - - [15/Apr/2019:10:51:21 +0000] "GET /school/schedule HTTP/1.1" 304 - "http://localhost:3000/scheduleData" "Mozilla/5.0 (X11; Linux x86_64) AppleWebKit/537.36 (KHTML, like Gecko) Chrome/73.0.3683.103 Safari/537.36"
::ffff:192.168.1.220 - - [15/Apr/2019:10:51:25 +0000] "GET /school/schedule HTTP/1.1" 304 - "http://localhost:3000/scheduleData" "Mozilla/5.0 (X11; Linux x86_64) AppleWebKit/537.36 (KHTML, like Gecko) Chrome/73.0.3683.103 Safari/537.36"
::ffff:192.168.1.220 - - [15/Apr/2019:10:51:42 +0000] "GET /school/schedule HTTP/1.1" 304 - "http://localhost:3000/scheduleData" "Mozilla/5.0 (X11; Linux x86_64) AppleWebKit/537.36 (KHTML, like Gecko) Chrome/73.0.3683.103 Safari/537.36"
::ffff:192.168.1.220 - - [15/Apr/2019:10:52:14 +0000] "POST /login HTTP/1.1" 200 712 "http://localhost:3000/login" "Mozilla/5.0 (X11; Linux x86_64) AppleWebKit/537.36 (KHTML, like Gecko) Chrome/73.0.3683.103 Safari/537.36"
::ffff:192.168.1.220 - - [15/Apr/2019:10:52:17 +0000] "GET /school/schedule HTTP/1.1" 304 - "http://localhost:3000/scheduleData" "Mozilla/5.0 (X11; Linux x86_64) AppleWebKit/537.36 (KHTML, like Gecko) Chrome/73.0.3683.103 Safari/537.36"
::ffff:192.168.1.220 - - [15/Apr/2019:10:52:49 +0000] "GET /teacher/schedule HTTP/1.1" 200 265 "-" "PostmanRuntime/7.6.0"
::ffff:192.168.1.220 - - [15/Apr/2019:10:54:48 +0000] "GET /teacher/schedule HTTP/1.1" 200 265 "-" "PostmanRuntime/7.6.0"
::ffff:192.168.1.220 - - [15/Apr/2019:10:55:23 +0000] "GET /teacher/schedule HTTP/1.1" 200 265 "http://localhost:3000/scheduleData" "Mozilla/5.0 (X11; Linux x86_64) AppleWebKit/537.36 (KHTML, like Gecko) Chrome/73.0.3683.103 Safari/537.36"
::ffff:192.168.1.143 - - [15/Apr/2019:10:55:27 +0000] "GET /school/classroom HTTP/1.1" 304 - "http://localhost:3000/classesData" "Mozilla/5.0 (X11; Ubuntu; Linux x86_64; rv:66.0) Gecko/20100101 Firefox/66.0"
::ffff:192.168.1.220 - - [15/Apr/2019:10:55:47 +0000] "GET /teacher/schedule HTTP/1.1" 304 - "http://localhost:3000/scheduleData" "Mozilla/5.0 (X11; Linux x86_64) AppleWebKit/537.36 (KHTML, like Gecko) Chrome/73.0.3683.103 Safari/537.36"
::ffff:192.168.1.220 - - [15/Apr/2019:10:55:59 +0000] "POST /login HTTP/1.1" 200 784 "http://localhost:3000/login" "Mozilla/5.0 (X11; Linux x86_64) AppleWebKit/537.36 (KHTML, like Gecko) Chrome/73.0.3683.103 Safari/537.36"
::ffff:192.168.1.220 - - [15/Apr/2019:10:56:02 +0000] "GET /teacher/schedule HTTP/1.1" 200 513 "http://localhost:3000/scheduleData" "Mozilla/5.0 (X11; Linux x86_64) AppleWebKit/537.36 (KHTML, like Gecko) Chrome/73.0.3683.103 Safari/537.36"
::ffff:192.168.1.220 - - [15/Apr/2019:11:04:35 +0000] "GET /teacher/classroom/5cb44a105e33171a765906e3 HTTP/1.1" 200 99 "-" "PostmanRuntime/7.6.0"
::ffff:192.168.1.143 - - [15/Apr/2019:11:04:49 +0000] "GET /school/classroom HTTP/1.1" 304 - "http://localhost:3000/classesData" "Mozilla/5.0 (X11; Ubuntu; Linux x86_64; rv:66.0) Gecko/20100101 Firefox/66.0"
::ffff:192.168.1.143 - - [15/Apr/2019:11:09:10 +0000] "GET /school/classroom HTTP/1.1" 304 - "http://localhost:3000/classesData" "Mozilla/5.0 (X11; Ubuntu; Linux x86_64; rv:66.0) Gecko/20100101 Firefox/66.0"
::ffff:192.168.1.143 - - [15/Apr/2019:11:12:13 +0000] "GET /school/classroom HTTP/1.1" 304 - "http://localhost:3000/classesData" "Mozilla/5.0 (X11; Ubuntu; Linux x86_64; rv:66.0) Gecko/20100101 Firefox/66.0"
::ffff:192.168.1.220 - - [15/Apr/2019:11:13:01 +0000] "GET /teacher/classroom/5cb44a105e33171a765906e3 HTTP/1.1" 200 99 "-" "PostmanRuntime/7.6.0"
::ffff:192.168.1.220 - - [15/Apr/2019:11:15:07 +0000] "GET /teacher/classroom/5cb193181bce352bed611918 HTTP/1.1" 200 534 "-" "PostmanRuntime/7.6.0"
::ffff:192.168.1.220 - - [15/Apr/2019:11:19:08 +0000] "GET /teacher/schedule HTTP/1.1" 200 265 "-" "PostmanRuntime/7.6.0"
::ffff:192.168.1.143 - - [15/Apr/2019:11:19:59 +0000] "GET /school/classroom HTTP/1.1" 304 - "http://localhost:3000/classesData" "Mozilla/5.0 (X11; Ubuntu; Linux x86_64; rv:66.0) Gecko/20100101 Firefox/66.0"
::ffff:192.168.1.220 - - [15/Apr/2019:11:20:09 +0000] "GET /teacher/classroom/5cb3573d14dece33d85396cd HTTP/1.1" 200 99 "-" "PostmanRuntime/7.6.0"
::ffff:192.168.1.143 - - [15/Apr/2019:11:20:31 +0000] "POST /school/classroom HTTP/1.1" 400 135 "http://localhost:3000/classesData" "Mozilla/5.0 (X11; Ubuntu; Linux x86_64; rv:66.0) Gecko/20100101 Firefox/66.0"
::ffff:192.168.1.220 - - [15/Apr/2019:11:21:12 +0000] "GET /teacher/schedule HTTP/1.1" 304 - "http://localhost:3000/scheduleData" "Mozilla/5.0 (X11; Linux x86_64) AppleWebKit/537.36 (KHTML, like Gecko) Chrome/73.0.3683.103 Safari/537.36"
::1 - - [15/Apr/2019:13:07:30 +0000] "GET /school/teacher/ HTTP/1.1" 200 3648 "-" "PostmanRuntime/7.6.0"
::1 - - [15/Apr/2019:13:07:38 +0000] "GET /school/classroom HTTP/1.1" 200 781 "-" "PostmanRuntime/7.6.0"
::1 - - [15/Apr/2019:13:07:42 +0000] "GET /school/subject HTTP/1.1" 200 1305 "-" "PostmanRuntime/7.6.0"
::1 - - [15/Apr/2019:13:07:46 +0000] "GET /school/schedule HTTP/1.1" 200 2073 "-" "PostmanRuntime/7.6.0"
::1 - - [15/Apr/2019:13:09:20 +0000] "GET /school/student HTTP/1.1" 200 3503 "-" "PostmanRuntime/7.6.0"
::1 - - [15/Apr/2019:13:12:40 +0000] "POST /school/student HTTP/1.1" 200 652 "-" "PostmanRuntime/7.6.0"
::ffff:192.168.100.226 - - [15/Apr/2019:13:13:11 +0000] "GET /teacher/schedule HTTP/1.1" 200 513 "http://localhost:3000/scheduleData" "Mozilla/5.0 (X11; Linux x86_64) AppleWebKit/537.36 (KHTML, like Gecko) Chrome/73.0.3683.103 Safari/537.36"
::1 - - [15/Apr/2019:13:13:32 +0000] "POST /login HTTP/1.1" 200 382 "-" "PostmanRuntime/7.6.0"
::1 - - [15/Apr/2019:13:13:54 +0000] "GET /school/classroom HTTP/1.1" 200 781 "-" "PostmanRuntime/7.6.0"
::ffff:192.168.100.226 - - [15/Apr/2019:13:15:17 +0000] "POST /login HTTP/1.1" 200 363 "http://localhost:3000/login" "Mozilla/5.0 (X11; Linux x86_64) AppleWebKit/537.36 (KHTML, like Gecko) Chrome/73.0.3683.103 Safari/537.36"
::ffff:192.168.100.226 - - [15/Apr/2019:13:15:21 +0000] "GET /school/schedule HTTP/1.1" 200 2073 "http://localhost:3000/scheduleData" "Mozilla/5.0 (X11; Linux x86_64) AppleWebKit/537.36 (KHTML, like Gecko) Chrome/73.0.3683.103 Safari/537.36"
::ffff:192.168.100.217 - - [15/Apr/2019:13:16:28 +0000] "POST / HTTP/1.1" 404 140 "-" "PostmanRuntime/7.6.0"
::ffff:192.168.100.217 - - [15/Apr/2019:13:16:54 +0000] "POST /login HTTP/1.1" 200 382 "-" "PostmanRuntime/7.6.0"
::ffff:192.168.100.226 - - [15/Apr/2019:13:17:21 +0000] "GET /school/schedule HTTP/1.1" 200 2073 "-" "PostmanRuntime/7.6.0"
::ffff:192.168.100.226 - - [15/Apr/2019:13:18:01 +0000] "GET /school/schedule HTTP/1.1" 304 - "http://localhost:3000/scheduleData" "Mozilla/5.0 (X11; Linux x86_64) AppleWebKit/537.36 (KHTML, like Gecko) Chrome/73.0.3683.103 Safari/537.36"
::ffff:192.168.100.226 - - [15/Apr/2019:13:18:54 +0000] "GET /school/classroom HTTP/1.1" 200 781 "http://localhost:3000/addScheduleData" "Mozilla/5.0 (X11; Linux x86_64) AppleWebKit/537.36 (KHTML, like Gecko) Chrome/73.0.3683.103 Safari/537.36"
::ffff:192.168.100.226 - - [15/Apr/2019:13:19:51 +0000] "GET /school/classroom HTTP/1.1" 304 - "http://localhost:3000/addScheduleData" "Mozilla/5.0 (X11; Linux x86_64) AppleWebKit/537.36 (KHTML, like Gecko) Chrome/73.0.3683.103 Safari/537.36"
::ffff:192.168.100.226 - - [15/Apr/2019:13:19:54 +0000] "GET /school/schedule HTTP/1.1" 304 - "http://localhost:3000/scheduleData" "Mozilla/5.0 (X11; Linux x86_64) AppleWebKit/537.36 (KHTML, like Gecko) Chrome/73.0.3683.103 Safari/537.36"
::ffff:192.168.100.226 - - [15/Apr/2019:13:20:08 +0000] "GET /school/schedule HTTP/1.1" 304 - "http://localhost:3000/scheduleData" "Mozilla/5.0 (X11; Linux x86_64) AppleWebKit/537.36 (KHTML, like Gecko) Chrome/73.0.3683.103 Safari/537.36"
::ffff:192.168.100.226 - - [15/Apr/2019:13:21:05 +0000] "GET /school/classroom HTTP/1.1" 304 - "http://localhost:3000/addScheduleData" "Mozilla/5.0 (X11; Linux x86_64) AppleWebKit/537.36 (KHTML, like Gecko) Chrome/73.0.3683.103 Safari/537.36"
::ffff:192.168.100.226 - - [15/Apr/2019:13:21:27 +0000] "GET /school/classroom HTTP/1.1" 304 - "http://localhost:3000/addScheduleData" "Mozilla/5.0 (X11; Linux x86_64) AppleWebKit/537.36 (KHTML, like Gecko) Chrome/73.0.3683.103 Safari/537.36"
::ffff:192.168.100.226 - - [15/Apr/2019:13:21:27 +0000] "GET /school/teacher HTTP/1.1" 200 3648 "http://localhost:3000/addScheduleData" "Mozilla/5.0 (X11; Linux x86_64) AppleWebKit/537.36 (KHTML, like Gecko) Chrome/73.0.3683.103 Safari/537.36"
::ffff:192.168.100.226 - - [15/Apr/2019:13:21:29 +0000] "GET /school/classroom HTTP/1.1" 304 - "http://localhost:3000/addScheduleData" "Mozilla/5.0 (X11; Linux x86_64) AppleWebKit/537.36 (KHTML, like Gecko) Chrome/73.0.3683.103 Safari/537.36"
::ffff:192.168.100.226 - - [15/Apr/2019:13:21:30 +0000] "GET /school/teacher HTTP/1.1" 304 - "http://localhost:3000/addScheduleData" "Mozilla/5.0 (X11; Linux x86_64) AppleWebKit/537.36 (KHTML, like Gecko) Chrome/73.0.3683.103 Safari/537.36"
::ffff:192.168.100.226 - - [15/Apr/2019:13:23:56 +0000] "GET /school/schedule HTTP/1.1" 304 - "http://localhost:3000/scheduleData" "Mozilla/5.0 (X11; Linux x86_64) AppleWebKit/537.36 (KHTML, like Gecko) Chrome/73.0.3683.103 Safari/537.36"
::ffff:192.168.100.226 - - [15/Apr/2019:13:27:14 +0000] "GET /school/schedule HTTP/1.1" 304 - "http://localhost:3000/scheduleData" "Mozilla/5.0 (X11; Linux x86_64) AppleWebKit/537.36 (KHTML, like Gecko) Chrome/73.0.3683.103 Safari/537.36"
::ffff:192.168.100.226 - - [15/Apr/2019:13:32:56 +0000] "GET /school/schedule HTTP/1.1" 304 - "http://localhost:3000/scheduleData" "Mozilla/5.0 (X11; Linux x86_64) AppleWebKit/537.36 (KHTML, like Gecko) Chrome/73.0.3683.103 Safari/537.36"
::ffff:192.168.100.226 - - [15/Apr/2019:13:34:37 +0000] "GET /school/schedule HTTP/1.1" 304 - "http://localhost:3000/scheduleData" "Mozilla/5.0 (X11; Linux x86_64) AppleWebKit/537.36 (KHTML, like Gecko) Chrome/73.0.3683.103 Safari/537.36"
::1 - - [15/Apr/2019:13:38:28 +0000] "GET /school/schedule HTTP/1.1" 200 2073 "-" "PostmanRuntime/7.6.0"
::ffff:192.168.100.226 - - [15/Apr/2019:13:38:53 +0000] "POST /login HTTP/1.1" 200 363 "http://localhost:3000/login" "Mozilla/5.0 (X11; Linux x86_64) AppleWebKit/537.36 (KHTML, like Gecko) Chrome/73.0.3683.103 Safari/537.36"
::ffff:192.168.100.226 - - [15/Apr/2019:13:38:57 +0000] "GET /school/schedule HTTP/1.1" 304 - "http://localhost:3000/scheduleData" "Mozilla/5.0 (X11; Linux x86_64) AppleWebKit/537.36 (KHTML, like Gecko) Chrome/73.0.3683.103 Safari/537.36"
::ffff:192.168.100.217 - - [15/Apr/2019:13:42:46 +0000] "POST /student HTTP/1.1" 404 147 "-" "PostmanRuntime/7.6.0"
::ffff:192.168.100.217 - - [15/Apr/2019:13:42:51 +0000] "GET /student HTTP/1.1" 200 647 "-" "PostmanRuntime/7.6.0"
::ffff:192.168.100.226 - - [15/Apr/2019:13:42:57 +0000] "POST /login HTTP/1.1" 200 363 "http://localhost:3000/login" "Mozilla/5.0 (X11; Linux x86_64) AppleWebKit/537.36 (KHTML, like Gecko) Chrome/73.0.3683.103 Safari/537.36"
::ffff:192.168.100.226 - - [15/Apr/2019:13:43:00 +0000] "GET /school/schedule HTTP/1.1" 304 - "http://localhost:3000/scheduleData" "Mozilla/5.0 (X11; Linux x86_64) AppleWebKit/537.36 (KHTML, like Gecko) Chrome/73.0.3683.103 Safari/537.36"
::ffff:192.168.100.226 - - [15/Apr/2019:13:44:09 +0000] "POST /login HTTP/1.1" 200 363 "http://localhost:3000/login" "Mozilla/5.0 (X11; Linux x86_64) AppleWebKit/537.36 (KHTML, like Gecko) Chrome/73.0.3683.103 Safari/537.36"
::ffff:192.168.100.226 - - [15/Apr/2019:13:44:11 +0000] "GET /school/schedule HTTP/1.1" 304 - "http://localhost:3000/scheduleData" "Mozilla/5.0 (X11; Linux x86_64) AppleWebKit/537.36 (KHTML, like Gecko) Chrome/73.0.3683.103 Safari/537.36"
::ffff:192.168.100.226 - - [15/Apr/2019:13:45:45 +0000] "POST /login HTTP/1.1" 200 363 "http://localhost:3000/login" "Mozilla/5.0 (X11; Linux x86_64) AppleWebKit/537.36 (KHTML, like Gecko) Chrome/73.0.3683.103 Safari/537.36"
::ffff:192.168.100.226 - - [15/Apr/2019:13:45:48 +0000] "GET /school/schedule HTTP/1.1" 304 - "http://localhost:3000/scheduleData" "Mozilla/5.0 (X11; Linux x86_64) AppleWebKit/537.36 (KHTML, like Gecko) Chrome/73.0.3683.103 Safari/537.36"
::ffff:192.168.100.226 - - [15/Apr/2019:13:48:01 +0000] "POST /login HTTP/1.1" 200 363 "http://localhost:3000/login" "Mozilla/5.0 (X11; Linux x86_64) AppleWebKit/537.36 (KHTML, like Gecko) Chrome/73.0.3683.103 Safari/537.36"
::ffff:192.168.100.226 - - [15/Apr/2019:13:48:03 +0000] "GET /school/schedule HTTP/1.1" 304 - "http://localhost:3000/scheduleData" "Mozilla/5.0 (X11; Linux x86_64) AppleWebKit/537.36 (KHTML, like Gecko) Chrome/73.0.3683.103 Safari/537.36"
::ffff:192.168.100.226 - - [15/Apr/2019:13:48:53 +0000] "GET /school/schedule HTTP/1.1" 304 - "http://localhost:3000/scheduleData" "Mozilla/5.0 (X11; Linux x86_64) AppleWebKit/537.36 (KHTML, like Gecko) Chrome/73.0.3683.103 Safari/537.36"
::ffff:192.168.100.226 - - [15/Apr/2019:13:49:38 +0000] "GET /school/schedule HTTP/1.1" 304 - "http://localhost:3000/scheduleData" "Mozilla/5.0 (X11; Linux x86_64) AppleWebKit/537.36 (KHTML, like Gecko) Chrome/73.0.3683.103 Safari/537.36"
::1 - - [15/Apr/2019:13:50:29 +0000] "POST /login HTTP/1.1" 200 363 "-" "PostmanRuntime/7.6.0"
::1 - - [15/Apr/2019:13:51:13 +0000] "POST /school/subject HTTP/1.1" 200 209 "-" "PostmanRuntime/7.6.0"
::ffff:192.168.100.226 - - [15/Apr/2019:13:51:20 +0000] "GET /school/schedule HTTP/1.1" 304 - "http://localhost:3000/scheduleData" "Mozilla/5.0 (X11; Linux x86_64) AppleWebKit/537.36 (KHTML, like Gecko) Chrome/73.0.3683.103 Safari/537.36"
::1 - - [15/Apr/2019:13:51:20 +0000] "POST /school/subject HTTP/1.1" 200 212 "-" "PostmanRuntime/7.6.0"
::ffff:192.168.100.226 - - [15/Apr/2019:13:51:22 +0000] "GET /school/classroom HTTP/1.1" 304 - "http://localhost:3000/addScheduleData" "Mozilla/5.0 (X11; Linux x86_64) AppleWebKit/537.36 (KHTML, like Gecko) Chrome/73.0.3683.103 Safari/537.36"
::ffff:192.168.100.226 - - [15/Apr/2019:13:51:22 +0000] "GET /school/teacher HTTP/1.1" 304 - "http://localhost:3000/addScheduleData" "Mozilla/5.0 (X11; Linux x86_64) AppleWebKit/537.36 (KHTML, like Gecko) Chrome/73.0.3683.103 Safari/537.36"
::1 - - [15/Apr/2019:13:51:26 +0000] "POST /school/subject HTTP/1.1" 200 212 "-" "PostmanRuntime/7.6.0"
::1 - - [15/Apr/2019:13:51:31 +0000] "POST /school/subject HTTP/1.1" 200 211 "-" "PostmanRuntime/7.6.0"
::1 - - [15/Apr/2019:13:51:34 +0000] "POST /school/subject HTTP/1.1" 200 211 "-" "PostmanRuntime/7.6.0"
::1 - - [15/Apr/2019:13:51:38 +0000] "POST /school/subject HTTP/1.1" 200 213 "-" "PostmanRuntime/7.6.0"
::1 - - [15/Apr/2019:13:51:46 +0000] "POST /school/subject HTTP/1.1" 200 214 "-" "PostmanRuntime/7.6.0"
::ffff:192.168.100.226 - - [15/Apr/2019:13:51:50 +0000] "POST /school/schedule HTTP/1.1" 201 401 "http://localhost:3000/addScheduleData" "Mozilla/5.0 (X11; Linux x86_64) AppleWebKit/537.36 (KHTML, like Gecko) Chrome/73.0.3683.103 Safari/537.36"
